
Build succeeded.
    329 Warning(s)
    0 Error(s)

Time Elapsed 00:00:11.09
