  Determining projects to restore...
D:\Documents\XRENGINE\XREngine.Data\XREngine.Data.csproj : warning NU1510: PackageReference System.Text.Json will not be pruned. Consider removing this package from your dependencies, as it is likely unnecessary. [d:\Documents\XRENGINE\XREngine.Editor\XREngine.Editor.csproj]
d:\Documents\XRENGINE\XREngine.Audio\XREngine.Audio.csproj : warning NU1510: PackageReference System.Text.Json will not be pruned. Consider removing this package from your dependencies, as it is likely unnecessary. [d:\Documents\XRENGINE\XREngine.Editor\XREngine.Editor.csproj]
d:\Documents\XRENGINE\XREngine.Editor\XREngine.Editor.csproj : warning NU1510: PackageReference System.Text.Json will not be pruned. Consider removing this package from your dependencies, as it is likely unnecessary.
D:\Documents\XRENGINE\XREngine.Input\XREngine.Input.csproj : warning NU1510: PackageReference System.Text.Json will not be pruned. Consider removing this package from your dependencies, as it is likely unnecessary. [d:\Documents\XRENGINE\XREngine.Editor\XREngine.Editor.csproj]
d:\Documents\XRENGINE\XREngine.Modeling\XREngine.Modeling.csproj : warning NU1510: PackageReference System.Text.Json will not be pruned. Consider removing this package from your dependencies, as it is likely unnecessary. [d:\Documents\XRENGINE\XREngine.Editor\XREngine.Editor.csproj]
d:\Documents\XRENGINE\XREngine.Animation\XREngine.Animation.csproj : warning NU1510: PackageReference System.Text.Json will not be pruned. Consider removing this package from your dependencies, as it is likely unnecessary. [d:\Documents\XRENGINE\XREngine.Editor\XREngine.Editor.csproj]
D:\Documents\XRENGINE\XRENGINE\XREngine.csproj : warning NU1510: PackageReference System.Text.Json will not be pruned. Consider removing this package from your dependencies, as it is likely unnecessary. [d:\Documents\XRENGINE\XREngine.Editor\XREngine.Editor.csproj]
D:\Documents\XRENGINE\XRENGINE\XREngine.csproj : warning NU1902: Package 'Magick.NET-Q16-HDRI-AnyCPU' 14.9.1 has a known moderate severity vulnerability, https://github.com/advisories/GHSA-q3hc-j9x5-mp9m [d:\Documents\XRENGINE\XREngine.Editor\XREngine.Editor.csproj]
D:\Documents\XRENGINE\XREngine.Data\XREngine.Data.csproj : warning NU1902: Package 'Magick.NET-Q16-HDRI-AnyCPU' 14.9.1 has a known moderate severity vulnerability, https://github.com/advisories/GHSA-q3hc-j9x5-mp9m [d:\Documents\XRENGINE\XREngine.Editor\XREngine.Editor.csproj]
d:\Documents\XRENGINE\XREngine.Modeling\XREngine.Modeling.csproj : warning NU1902: Package 'Magick.NET-Q16-HDRI-AnyCPU' 14.9.1 has a known moderate severity vulnerability, https://github.com/advisories/GHSA-q3hc-j9x5-mp9m [d:\Documents\XRENGINE\XREngine.Editor\XREngine.Editor.csproj]
d:\Documents\XRENGINE\XREngine.Animation\XREngine.Animation.csproj : warning NU1902: Package 'Magick.NET-Q16-HDRI-AnyCPU' 14.9.1 has a known moderate severity vulnerability, https://github.com/advisories/GHSA-q3hc-j9x5-mp9m [d:\Documents\XRENGINE\XREngine.Editor\XREngine.Editor.csproj]
D:\Documents\XRENGINE\XREngine.Input\XREngine.Input.csproj : warning NU1902: Package 'Magick.NET-Q16-HDRI-AnyCPU' 14.9.1 has a known moderate severity vulnerability, https://github.com/advisories/GHSA-q3hc-j9x5-mp9m [d:\Documents\XRENGINE\XREngine.Editor\XREngine.Editor.csproj]
d:\Documents\XRENGINE\XREngine.Audio\XREngine.Audio.csproj : warning NU1902: Package 'Magick.NET-Q16-HDRI-AnyCPU' 14.9.1 has a known moderate severity vulnerability, https://github.com/advisories/GHSA-q3hc-j9x5-mp9m [d:\Documents\XRENGINE\XREngine.Editor\XREngine.Editor.csproj]
d:\Documents\XRENGINE\XREngine.Editor\XREngine.Editor.csproj : warning NU1902: Package 'Magick.NET-Q16-HDRI-AnyCPU' 14.9.1 has a known moderate severity vulnerability, https://github.com/advisories/GHSA-q3hc-j9x5-mp9m
  Restored d:\Documents\XRENGINE\XREngine.Extensions\XREngine.Extensions.csproj (in 231 ms).
  Restored D:\Documents\XRENGINE\Build\Submodules\Flyleaf\FlyleafLib\FlyleafLib.csproj (in 231 ms).
  Restored d:\Documents\XRENGINE\XREngine.Animation\XREngine.Animation.csproj (in 245 ms).
  Restored d:\Documents\XRENGINE\XREngine.Audio\XREngine.Audio.csproj (in 246 ms).
  Restored d:\Documents\XRENGINE\XREngine.Modeling\XREngine.Modeling.csproj (in 246 ms).
  Restored D:\Documents\XRENGINE\XREngine.Data\XREngine.Data.csproj (in 245 ms).
  Restored D:\Documents\XRENGINE\XREngine.Input\XREngine.Input.csproj (in 245 ms).
  Restored d:\Documents\XRENGINE\XREngine.Editor\XREngine.Editor.csproj (in 266 ms).
  Restored D:\Documents\XRENGINE\XRENGINE\XREngine.csproj (in 266 ms).
d:\Documents\XRENGINE\XREngine.Editor\XREngine.Editor.csproj : warning NU1510: PackageReference System.Text.Json will not be pruned. Consider removing this package from your dependencies, as it is likely unnecessary.
d:\Documents\XRENGINE\XREngine.Editor\XREngine.Editor.csproj : warning NU1902: Package 'Magick.NET-Q16-HDRI-AnyCPU' 14.9.1 has a known moderate severity vulnerability, https://github.com/advisories/GHSA-q3hc-j9x5-mp9m
d:\Documents\XRENGINE\XREngine.Audio\XREngine.Audio.csproj : warning NU1510: PackageReference System.Text.Json will not be pruned. Consider removing this package from your dependencies, as it is likely unnecessary.
d:\Documents\XRENGINE\XREngine.Audio\XREngine.Audio.csproj : warning NU1902: Package 'Magick.NET-Q16-HDRI-AnyCPU' 14.9.1 has a known moderate severity vulnerability, https://github.com/advisories/GHSA-q3hc-j9x5-mp9m
D:\Documents\XRENGINE\XREngine.Animation\XREngine.Animation.csproj : warning NU1510: PackageReference System.Text.Json will not be pruned. Consider removing this package from your dependencies, as it is likely unnecessary. [d:\Documents\XRENGINE\XREngine.Animation\XREngine.Animation.csproj]
D:\Documents\XRENGINE\XREngine.Animation\XREngine.Animation.csproj : warning NU1902: Package 'Magick.NET-Q16-HDRI-AnyCPU' 14.9.1 has a known moderate severity vulnerability, https://github.com/advisories/GHSA-q3hc-j9x5-mp9m [d:\Documents\XRENGINE\XREngine.Animation\XREngine.Animation.csproj]
D:\Documents\XRENGINE\XREngine.Input\XREngine.Input.csproj : warning NU1510: PackageReference System.Text.Json will not be pruned. Consider removing this package from your dependencies, as it is likely unnecessary. [d:\Documents\XRENGINE\XREngine.Input\XREngine.Input.csproj]
D:\Documents\XRENGINE\XREngine.Input\XREngine.Input.csproj : warning NU1902: Package 'Magick.NET-Q16-HDRI-AnyCPU' 14.9.1 has a known moderate severity vulnerability, https://github.com/advisories/GHSA-q3hc-j9x5-mp9m [d:\Documents\XRENGINE\XREngine.Input\XREngine.Input.csproj]
d:\Documents\XRENGINE\XREngine.Data\XREngine.Data.csproj : warning NU1510: PackageReference System.Text.Json will not be pruned. Consider removing this package from your dependencies, as it is likely unnecessary.
d:\Documents\XRENGINE\XREngine.Data\XREngine.Data.csproj : warning NU1902: Package 'Magick.NET-Q16-HDRI-AnyCPU' 14.9.1 has a known moderate severity vulnerability, https://github.com/advisories/GHSA-q3hc-j9x5-mp9m
D:\Documents\XRENGINE\XREngine\XREngine.csproj : warning NU1510: PackageReference System.Text.Json will not be pruned. Consider removing this package from your dependencies, as it is likely unnecessary. [d:\Documents\XRENGINE\XREngine\XREngine.csproj]
D:\Documents\XRENGINE\XREngine\XREngine.csproj : warning NU1902: Package 'Magick.NET-Q16-HDRI-AnyCPU' 14.9.1 has a known moderate severity vulnerability, https://github.com/advisories/GHSA-q3hc-j9x5-mp9m [d:\Documents\XRENGINE\XREngine\XREngine.csproj]
d:\Documents\XRENGINE\XREngine.Modeling\XREngine.Modeling.csproj : warning NU1510: PackageReference System.Text.Json will not be pruned. Consider removing this package from your dependencies, as it is likely unnecessary.
d:\Documents\XRENGINE\XREngine.Modeling\XREngine.Modeling.csproj : warning NU1902: Package 'Magick.NET-Q16-HDRI-AnyCPU' 14.9.1 has a known moderate severity vulnerability, https://github.com/advisories/GHSA-q3hc-j9x5-mp9m
  XREngine.Extensions -> D:\Documents\XRENGINE\XREngine.Extensions\bin\Debug\net10.0\XREngine.Extensions.dll
d:\Documents\XRENGINE\XREngine.Data\Endian\bfloat.cs(8,22): warning CS8981: The type name 'bfloat' only contains lower-cased ascii characters. Such names may become reserved for the language. [d:\Documents\XRENGINE\XREngine.Data\XREngine.Data.csproj]
d:\Documents\XRENGINE\XREngine.Data\Endian\bint.cs(8,22): warning CS8981: The type name 'bint' only contains lower-cased ascii characters. Such names may become reserved for the language. [d:\Documents\XRENGINE\XREngine.Data\XREngine.Data.csproj]
d:\Documents\XRENGINE\XREngine.Data\Endian\bdouble.cs(8,22): warning CS8981: The type name 'bdouble' only contains lower-cased ascii characters. Such names may become reserved for the language. [d:\Documents\XRENGINE\XREngine.Data\XREngine.Data.csproj]
d:\Documents\XRENGINE\XREngine.Data\Endian\blong.cs(8,22): warning CS8981: The type name 'blong' only contains lower-cased ascii characters. Such names may become reserved for the language. [d:\Documents\XRENGINE\XREngine.Data\XREngine.Data.csproj]
d:\Documents\XRENGINE\XREngine.Data\Endian\bshort.cs(8,22): warning CS8981: The type name 'bshort' only contains lower-cased ascii characters. Such names may become reserved for the language. [d:\Documents\XRENGINE\XREngine.Data\XREngine.Data.csproj]
d:\Documents\XRENGINE\XREngine.Data\Endian\bushort.cs(8,22): warning CS8981: The type name 'bushort' only contains lower-cased ascii characters. Such names may become reserved for the language. [d:\Documents\XRENGINE\XREngine.Data\XREngine.Data.csproj]
d:\Documents\XRENGINE\XREngine.Data\Endian\bulong.cs(8,22): warning CS8981: The type name 'bulong' only contains lower-cased ascii characters. Such names may become reserved for the language. [d:\Documents\XRENGINE\XREngine.Data\XREngine.Data.csproj]
d:\Documents\XRENGINE\XREngine.Data\Endian\buint.cs(8,22): warning CS8981: The type name 'buint' only contains lower-cased ascii characters. Such names may become reserved for the language. [d:\Documents\XRENGINE\XREngine.Data\XREngine.Data.csproj]
d:\Documents\XRENGINE\XREngine.Data\Lists\Deque\Tester.cs(219,30): warning CS8619: Nullability of reference types in value of type 'object?[]' doesn't match target type 'object[]'. [d:\Documents\XRENGINE\XREngine.Data\XREngine.Data.csproj]
d:\Documents\XRENGINE\XREngine.Data\Lists\ConsistentIndexList.cs(78,32): warning CS8601: Possible null reference assignment. [d:\Documents\XRENGINE\XREngine.Data\XREngine.Data.csproj]
d:\Documents\XRENGINE\XREngine.Data\Tools\Miniball.cs(46,24): warning CS8603: Possible null reference return. [d:\Documents\XRENGINE\XREngine.Data\XREngine.Data.csproj]
d:\Documents\XRENGINE\XREngine.Data\Core\XREventGroup.cs(10,13): warning CS8601: Possible null reference assignment. [d:\Documents\XRENGINE\XREngine.Data\XREngine.Data.csproj]
d:\Documents\XRENGINE\XREngine.Data\Core\XREventGroup.cs(11,13): warning CS8601: Possible null reference assignment. [d:\Documents\XRENGINE\XREngine.Data\XREngine.Data.csproj]
d:\Documents\XRENGINE\XREngine.Data\Core\XREventGroup.cs(16,13): warning CS8601: Possible null reference assignment. [d:\Documents\XRENGINE\XREngine.Data\XREngine.Data.csproj]
d:\Documents\XRENGINE\XREngine.Data\Core\XREventGroup.cs(17,13): warning CS8601: Possible null reference assignment. [d:\Documents\XRENGINE\XREngine.Data\XREngine.Data.csproj]
d:\Documents\XRENGINE\XREngine.Data\Lists\EventArray.cs(20,38): warning CS0067: The event 'EventArray<T>.ItemChanged' is never used [d:\Documents\XRENGINE\XREngine.Data\XREngine.Data.csproj]
d:\Documents\XRENGINE\XREngine.Data\Core\UserSettings.cs(11,30): warning CS0414: The field 'UserSettings._windowState' is assigned but its value is never used [d:\Documents\XRENGINE\XREngine.Data\XREngine.Data.csproj]
d:\Documents\XRENGINE\XREngine.Data\Unity\UnityAnimationClip.cs(23,42): warning IL3050: Using member 'YamlDotNet.Serialization.DeserializerBuilder.DeserializerBuilder()' which has 'RequiresDynamicCodeAttribute' can break functionality when AOT compiling. This builder configures the deserializer to use reflection which is not compatible with ahead-of-time compilation or assembly trimming. You need to use the code generator/analyzer to generate static code and use the 'StaticDeserializerBuilder' object instead of this one. [d:\Documents\XRENGINE\XREngine.Data\XREngine.Data.csproj]
d:\Documents\XRENGINE\XREngine.Data\Core\Memory\DataSource.cs(162,13): warning CA2022: Avoid inexact read with 'System.IO.Stream.Read(System.Span<byte>)' (https://learn.microsoft.com/dotnet/fundamentals/code-analysis/quality-rules/ca2022) [d:\Documents\XRENGINE\XREngine.Data\XREngine.Data.csproj]
d:\Documents\XRENGINE\XREngine.Data\Core\Memory\DataSource.cs(176,20): warning IL2091: 'T' generic argument does not satisfy 'DynamicallyAccessedMemberTypes.PublicConstructors', 'DynamicallyAccessedMemberTypes.NonPublicConstructors' in 'System.Runtime.InteropServices.Marshal.PtrToStructure<T>(nint)'. The generic parameter 'T' of 'XREngine.Data.DataSource.ToStruct<T>()' does not have matching annotations. The source value must declare at least the same requirements as those declared on the target location it is assigned to. [d:\Documents\XRENGINE\XREngine.Data\XREngine.Data.csproj]
d:\Documents\XRENGINE\XREngine.Data\Trees\BVH\BVHNode.cs(290,56): warning IL3050: Using member 'System.Enum.GetValues(Type)' which has 'RequiresDynamicCodeAttribute' can break functionality when AOT compiling. It might not be possible to create an array of the enum type at runtime. Use the GetValues<TEnum> overload or the GetValuesAsUnderlyingType method instead. [d:\Documents\XRENGINE\XREngine.Data\XREngine.Data.csproj]
d:\Documents\XRENGINE\XREngine.Data\AudioData.cs(162,13): warning CA2022: Avoid inexact read with 'NAudio.Wave.WaveFileReader.Read(byte[], int, int)' (https://learn.microsoft.com/dotnet/fundamentals/code-analysis/quality-rules/ca2022) [d:\Documents\XRENGINE\XREngine.Data\XREngine.Data.csproj]
d:\Documents\XRENGINE\XREngine.Data\Trees\BVH\BVHNode.cs(469,59): warning IL3050: Using member 'System.Enum.GetValues(Type)' which has 'RequiresDynamicCodeAttribute' can break functionality when AOT compiling. It might not be possible to create an array of the enum type at runtime. Use the GetValues<TEnum> overload or the GetValuesAsUnderlyingType method instead. [d:\Documents\XRENGINE\XREngine.Data\XREngine.Data.csproj]
  XREngine.Data -> d:\Documents\XRENGINE\XREngine.Data\bin\Debug\net10.0\XREngine.Data.dll
  XREngine.Animation -> D:\Documents\XRENGINE\XREngine.Animation\bin\Debug\net10.0\XREngine.Animation.dll
  XREngine.Audio -> d:\Documents\XRENGINE\XREngine.Audio\bin\Debug\net10.0\XREngine.Audio.dll
  XREngine.Input -> D:\Documents\XRENGINE\XREngine.Input\bin\Debug\net10.0\XREngine.Input.dll
  XREngine.Modeling -> d:\Documents\XRENGINE\XREngine.Modeling\bin\Debug\net10.0\XREngine.Modeling.dll
  FlyleafLib -> D:\Documents\XRENGINE\Build\Submodules\Flyleaf\FlyleafLib\bin\Debug\net8.0-windows\FlyleafLib.dll
d:\Documents\XRENGINE\XREngine\Rendering\API\Rendering\Objects\Meshes\XRMesh.Core.cs(10,7): warning CS0105: The using directive for 'XREngine.Data.Geometry' appeared previously in this namespace [d:\Documents\XRENGINE\XREngine\XREngine.csproj]
d:\Documents\XRENGINE\XREngine\Rendering\API\Rendering\Objects\Meshes\XRMesh.Core.cs(11,7): warning CS0105: The using directive for 'XREngine.Data.Rendering' appeared previously in this namespace [d:\Documents\XRENGINE\XREngine\XREngine.csproj]
d:\Documents\XRENGINE\XREngine\Core\Reflection\Attributes\TEnumDef.cs(7,66): warning CS8625: Cannot convert null literal to non-nullable reference type. [d:\Documents\XRENGINE\XREngine\XREngine.csproj]
d:\Documents\XRENGINE\XREngine\Scene\PhysicsOld\Collision Bodies\XRCollisionObject.cs(210,21): warning CS0114: 'XRCollisionObject.Destroy(bool)' hides inherited member 'XRObjectBase.Destroy(bool)'. To make the current member override that implementation, add the override keyword. Otherwise add the new keyword. [d:\Documents\XRENGINE\XREngine\XREngine.csproj]
d:\Documents\XRENGINE\XREngine\Scene\Components\Movement\CharacterMovementComponent.cs(350,22): warning CS0108: 'CharacterMovement3DComponent.Density' hides inherited member 'DynamicRigidBodyComponent.Density'. Use the new keyword if hiding was intended. [d:\Documents\XRENGINE\XREngine\XREngine.csproj]
d:\Documents\XRENGINE\XREngine\Scene\Components\Movement\CharacterMovementComponent.cs(409,30): warning CS0108: 'CharacterMovement3DComponent.Material' hides inherited member 'DynamicRigidBodyComponent.Material'. Use the new keyword if hiding was intended. [d:\Documents\XRENGINE\XREngine\XREngine.csproj]
d:\Documents\XRENGINE\XREngine\Scene\Transforms\Transform.cs(606,27): warning CS0108: 'Transform.TransformRotation(Quaternion)' hides inherited member 'TransformBase.TransformRotation(Quaternion)'. Use the new keyword if hiding was intended. [d:\Documents\XRENGINE\XREngine\XREngine.csproj]
d:\Documents\XRENGINE\XREngine\Scene\Transforms\Transform.cs(620,27): warning CS0108: 'Transform.InverseTransformRotation(Quaternion)' hides inherited member 'TransformBase.InverseTransformRotation(Quaternion)'. Use the new keyword if hiding was intended. [d:\Documents\XRENGINE\XREngine\XREngine.csproj]
d:\Documents\XRENGINE\XREngine\Rendering\PostProcessing\CameraPostProcessStateCollection.cs(189,61): warning CS8601: Possible null reference assignment. [d:\Documents\XRENGINE\XREngine\XREngine.csproj]
d:\Documents\XRENGINE\XREngine\Core\Reflection\Attributes\TReplicate.cs(8,16): warning CS8618: Non-nullable property 'EventMethodName' must contain a non-null value when exiting constructor. Consider adding the 'required' modifier or declaring the property as nullable. [d:\Documents\XRENGINE\XREngine\XREngine.csproj]
d:\Documents\XRENGINE\XREngine\Core\Extensions\StringExtension.cs(14,28): warning CS8603: Possible null reference return. [d:\Documents\XRENGINE\XREngine\XREngine.csproj]
d:\Documents\XRENGINE\XREngine\Core\Extensions\StringExtension.cs(20,41): warning CS8600: Converting null literal or possible null value to non-nullable type. [d:\Documents\XRENGINE\XREngine\XREngine.csproj]
d:\Documents\XRENGINE\XREngine\Core\Extensions\StringExtension.cs(21,17): warning CS8602: Dereference of a possibly null reference. [d:\Documents\XRENGINE\XREngine\XREngine.csproj]
d:\Documents\XRENGINE\XREngine\Core\Extensions\StringExtension.cs(24,31): warning CS8602: Dereference of a possibly null reference. [d:\Documents\XRENGINE\XREngine\XREngine.csproj]
d:\Documents\XRENGINE\XREngine\Core\Tools\Remapper.cs(29,64): warning CS8625: Cannot convert null literal to non-nullable reference type. [d:\Documents\XRENGINE\XREngine\XREngine.csproj]
d:\Documents\XRENGINE\XREngine\Scene\PhysicsOld\Tracing\ShapeTraceSingle.cs(27,13): warning CS8602: Dereference of a possibly null reference. [d:\Documents\XRENGINE\XREngine\XREngine.csproj]
d:\Documents\XRENGINE\XREngine\Scene\PhysicsOld\Tracing\ShapeTraceMulti.cs(32,13): warning CS8602: Dereference of a possibly null reference. [d:\Documents\XRENGINE\XREngine\XREngine.csproj]
d:\Documents\XRENGINE\XREngine\Core\Tools\Unity\UnityConverter.cs(46,42): warning CS0219: The variable 'memberType' is assigned but its value is never used [d:\Documents\XRENGINE\XREngine\XREngine.csproj]
d:\Documents\XRENGINE\XREngine\Core\Tools\Remapper.cs(45,39): warning CS8604: Possible null reference argument for parameter 'key' in 'bool Hashtable.ContainsKey(object key)'. [d:\Documents\XRENGINE\XREngine\XREngine.csproj]
d:\Documents\XRENGINE\XREngine\Core\Tools\Remapper.cs(46,38): warning CS8605: Unboxing a possibly null value. [d:\Documents\XRENGINE\XREngine\XREngine.csproj]
d:\Documents\XRENGINE\XREngine\Core\Tools\Remapper.cs(7,25): warning CS8618: Non-nullable field '_source' must contain a non-null value when exiting constructor. Consider adding the 'required' modifier or declaring the field as nullable. [d:\Documents\XRENGINE\XREngine\XREngine.csproj]
d:\Documents\XRENGINE\XREngine\Core\Tools\Remapper.cs(8,24): warning CS8618: Non-nullable field '_impTable' must contain a non-null value when exiting constructor. Consider adding the 'required' modifier or declaring the field as nullable. [d:\Documents\XRENGINE\XREngine\XREngine.csproj]
d:\Documents\XRENGINE\XREngine\Core\Tools\Remapper.cs(9,24): warning CS8618: Non-nullable field '_remapTable' must contain a non-null value when exiting constructor. Consider adding the 'required' modifier or declaring the field as nullable. [d:\Documents\XRENGINE\XREngine\XREngine.csproj]
d:\Documents\XRENGINE\XREngine\Core\Tools\GLSLParser.cs(24,16): warning CS8618: Non-nullable property 'Uniforms' must contain a non-null value when exiting constructor. Consider adding the 'required' modifier or declaring the property as nullable. [d:\Documents\XRENGINE\XREngine\XREngine.csproj]
d:\Documents\XRENGINE\XREngine\Core\Tools\GLSLParser.cs(24,16): warning CS8618: Non-nullable property 'In' must contain a non-null value when exiting constructor. Consider adding the 'required' modifier or declaring the property as nullable. [d:\Documents\XRENGINE\XREngine\XREngine.csproj]
d:\Documents\XRENGINE\XREngine\Core\Tools\GLSLParser.cs(24,16): warning CS8618: Non-nullable property 'Out' must contain a non-null value when exiting constructor. Consider adding the 'required' modifier or declaring the property as nullable. [d:\Documents\XRENGINE\XREngine\XREngine.csproj]
d:\Documents\XRENGINE\XREngine\Core\Tools\GLSLParser.cs(12,27): warning CS8618: Non-nullable property 'Name' must contain a non-null value when exiting constructor. Consider adding the 'required' modifier or declaring the property as nullable. [d:\Documents\XRENGINE\XREngine\XREngine.csproj]
d:\Documents\XRENGINE\XREngine\Scene\PhysicsOld\Tracing\ShapeCollisionResult.cs(18,18): warning CS8618: Non-nullable property 'CollisionObject' must contain a non-null value when exiting constructor. Consider adding the 'required' modifier or declaring the property as nullable. [d:\Documents\XRENGINE\XREngine\XREngine.csproj]
d:\Documents\XRENGINE\XREngine\Core\Tools\DelegateBuilder.cs(13,26): warning CS8602: Dereference of a possibly null reference. [d:\Documents\XRENGINE\XREngine\XREngine.csproj]
d:\Documents\XRENGINE\XREngine\Core\Tools\DelegateBuilder.cs(36,73): warning CS8604: Possible null reference argument for parameter 'type' in 'UnaryExpression Expression.Convert(Expression expression, Type type)'. [d:\Documents\XRENGINE\XREngine\XREngine.csproj]
d:\Documents\XRENGINE\XREngine\Scene\Components\Animation\IK\Solvers\IKSolverHeuristic.cs(128,32): warning CS8602: Dereference of a possibly null reference. [d:\Documents\XRENGINE\XREngine\XREngine.csproj]
d:\Documents\XRENGINE\XREngine\Scene\Components\Animation\IK\Solvers\IKSolverHeuristic.cs(128,72): warning CS8602: Dereference of a possibly null reference. [d:\Documents\XRENGINE\XREngine\XREngine.csproj]
d:\Documents\XRENGINE\XREngine\Scene\PhysicsOld\PhysicsDriver.cs(19,16): warning CS8618: Non-nullable event 'OnContactEnded' must contain a non-null value when exiting constructor. Consider adding the 'required' modifier or declaring the event as nullable. [d:\Documents\XRENGINE\XREngine\XREngine.csproj]
d:\Documents\XRENGINE\XREngine\Scene\PhysicsOld\PhysicsDriver.cs(19,16): warning CS8618: Non-nullable event 'TransformChanged' must contain a non-null value when exiting constructor. Consider adding the 'required' modifier or declaring the event as nullable. [d:\Documents\XRENGINE\XREngine\XREngine.csproj]
d:\Documents\XRENGINE\XREngine\Scene\PhysicsOld\PhysicsDriver.cs(19,16): warning CS8618: Non-nullable event 'SimulationStateChanged' must contain a non-null value when exiting constructor. Consider adding the 'required' modifier or declaring the event as nullable. [d:\Documents\XRENGINE\XREngine\XREngine.csproj]
d:\Documents\XRENGINE\XREngine\Scene\PhysicsOld\PhysicsDriver.cs(19,16): warning CS8618: Non-nullable field '_collision' must contain a non-null value when exiting constructor. Consider adding the 'required' modifier or declaring the field as nullable. [d:\Documents\XRENGINE\XREngine\XREngine.csproj]
d:\Documents\XRENGINE\XREngine\Scene\PhysicsOld\PhysicsDriver.cs(35,16): warning CS8618: Non-nullable event 'OnContactEnded' must contain a non-null value when exiting constructor. Consider adding the 'required' modifier or declaring the event as nullable. [d:\Documents\XRENGINE\XREngine\XREngine.csproj]
d:\Documents\XRENGINE\XREngine\Scene\PhysicsOld\PhysicsDriver.cs(35,16): warning CS8618: Non-nullable event 'TransformChanged' must contain a non-null value when exiting constructor. Consider adding the 'required' modifier or declaring the event as nullable. [d:\Documents\XRENGINE\XREngine\XREngine.csproj]
d:\Documents\XRENGINE\XREngine\Scene\PhysicsOld\PhysicsDriver.cs(35,16): warning CS8618: Non-nullable event 'SimulationStateChanged' must contain a non-null value when exiting constructor. Consider adding the 'required' modifier or declaring the event as nullable. [d:\Documents\XRENGINE\XREngine\XREngine.csproj]
d:\Documents\XRENGINE\XREngine\Scene\PhysicsOld\PhysicsDriver.cs(35,16): warning CS8618: Non-nullable field '_collision' must contain a non-null value when exiting constructor. Consider adding the 'required' modifier or declaring the field as nullable. [d:\Documents\XRENGINE\XREngine\XREngine.csproj]
d:\Documents\XRENGINE\XREngine\Core\Tools\Triangle Converter\GraphArray.cs(44,13): warning CS8618: Non-nullable field '_nodes' must contain a non-null value when exiting constructor. Consider adding the 'required' modifier or declaring the field as nullable. [d:\Documents\XRENGINE\XREngine\XREngine.csproj]
d:\Documents\XRENGINE\XREngine\Core\Tools\Triangle Converter\GraphArray.cs(44,13): warning CS8618: Non-nullable field '_arcs' must contain a non-null value when exiting constructor. Consider adding the 'required' modifier or declaring the field as nullable. [d:\Documents\XRENGINE\XREngine\XREngine.csproj]
d:\Documents\XRENGINE\XREngine\Core\Tools\Triangle Converter\GraphArray.cs(35,20): warning CS8618: Non-nullable field '_elem' must contain a non-null value when exiting constructor. Consider adding the 'required' modifier or declaring the field as nullable. [d:\Documents\XRENGINE\XREngine\XREngine.csproj]
d:\Documents\XRENGINE\XREngine\Core\Tools\Triangle Converter\TriStripper.cs(43,16): warning CS8618: Non-nullable field '_CurrentNodes' must contain a non-null value when exiting constructor. Consider adding the 'required' modifier or declaring the field as nullable. [d:\Documents\XRENGINE\XREngine\XREngine.csproj]
d:\Documents\XRENGINE\XREngine\Scene\PhysicsOld\ContactTestResult.cs(12,18): warning CS8618: Non-nullable property 'CollisionObject' must contain a non-null value when exiting constructor. Consider adding the 'required' modifier or declaring the property as nullable. [d:\Documents\XRENGINE\XREngine\XREngine.csproj]
d:\Documents\XRENGINE\XREngine\Scene\PhysicsOld\ContactTestResult.cs(12,18): warning CS8618: Non-nullable property 'Contact' must contain a non-null value when exiting constructor. Consider adding the 'required' modifier or declaring the property as nullable. [d:\Documents\XRENGINE\XREngine\XREngine.csproj]
d:\Documents\XRENGINE\XREngine\Scene\PhysicsOld\Collision Bodies\XRRigidBody.cs(14,20): warning CS8600: Converting null literal or possible null value to non-nullable type. [d:\Documents\XRENGINE\XREngine\XREngine.csproj]
d:\Documents\XRENGINE\XREngine\Scene\PhysicsOld\Collision Bodies\XRRigidBody.cs(14,20): warning CS8603: Possible null reference return. [d:\Documents\XRENGINE\XREngine\XREngine.csproj]
d:\Documents\XRENGINE\XREngine\Core\Tools\Triangle Converter\TriStripper.cs(304,24): warning CS8603: Possible null reference return. [d:\Documents\XRENGINE\XREngine\XREngine.csproj]
d:\Documents\XRENGINE\XREngine\Core\Tools\Triangle Converter\TriStripper.cs(308,46): warning CS8600: Converting null literal or possible null value to non-nullable type. [d:\Documents\XRENGINE\XREngine\XREngine.csproj]
d:\Documents\XRENGINE\XREngine\Core\Tools\Triangle Converter\TriStripper.cs(336,24): warning CS8603: Possible null reference return. [d:\Documents\XRENGINE\XREngine\XREngine.csproj]
d:\Documents\XRENGINE\XREngine\Core\Tools\Triangle Converter\TriStripper.cs(344,30): warning CS8602: Dereference of a possibly null reference. [d:\Documents\XRENGINE\XREngine\XREngine.csproj]
d:\Documents\XRENGINE\XREngine\Core\Tools\Triangle Converter\TriStripper.cs(395,20): warning CS8603: Possible null reference return. [d:\Documents\XRENGINE\XREngine\XREngine.csproj]
d:\Documents\XRENGINE\XREngine\Core\Tools\Triangle Converter\TriStripper.cs(431,17): warning CS8603: Possible null reference return. [d:\Documents\XRENGINE\XREngine\XREngine.csproj]
d:\Documents\XRENGINE\XREngine\Models\Materials\Parameters\ShaderArray.cs(48,22): warning CS8625: Cannot convert null literal to non-nullable reference type. [d:\Documents\XRENGINE\XREngine\XREngine.csproj]
d:\Documents\XRENGINE\XREngine\Models\Materials\Parameters\ShaderArray.cs(46,16): warning CS8618: Non-nullable property 'Values' must contain a non-null value when exiting constructor. Consider adding the 'required' modifier or declaring the property as nullable. [d:\Documents\XRENGINE\XREngine\XREngine.csproj]
d:\Documents\XRENGINE\XREngine\Models\Materials\Parameters\ShaderBVector3.cs(26,40): warning CS8625: Cannot convert null literal to non-nullable reference type. [d:\Documents\XRENGINE\XREngine\XREngine.csproj]
d:\Documents\XRENGINE\XREngine\Rendering\Lights3DCollection.cs(469,20): warning CS8618: Non-nullable property 'RenderInfo' must contain a non-null value when exiting constructor. Consider adding the 'required' modifier or declaring the property as nullable. [d:\Documents\XRENGINE\XREngine\XREngine.csproj]
d:\Documents\XRENGINE\XREngine\Rendering\Lights3DCollection.cs(469,20): warning CS8618: Non-nullable property 'Owner' must contain a non-null value when exiting constructor. Consider adding the 'required' modifier or declaring the property as nullable. [d:\Documents\XRENGINE\XREngine\XREngine.csproj]
d:\Documents\XRENGINE\XREngine\Engine\Networking\Engine.BaseNetworkingManager.cs(176,17): warning CS4014: Because this call is not awaited, execution of the current method continues before the call is completed. Consider applying the 'await' operator to the result of the call. [d:\Documents\XRENGINE\XREngine\XREngine.csproj]
d:\Documents\XRENGINE\XREngine\Engine\Networking\Engine.ClientNetworkingManager.cs(74,52): warning CS8604: Possible null reference argument for parameter 'assignment' in 'void ClientNetworkingManager.HandlePlayerAssignment(PlayerAssignment assignment)'. [d:\Documents\XRENGINE\XREngine\XREngine.csproj]
d:\Documents\XRENGINE\XREngine\Engine\Networking\Engine.ClientNetworkingManager.cs(78,51): warning CS8604: Possible null reference argument for parameter 'update' in 'void ClientNetworkingManager.HandleRemoteTransform(PlayerTransformUpdate update)'. [d:\Documents\XRENGINE\XREngine\XREngine.csproj]
d:\Documents\XRENGINE\XREngine\Engine\Networking\Engine.ServerNetworkingManager.cs(59,46): warning CS8604: Possible null reference argument for parameter 'request' in 'void ServerNetworkingManager.HandlePlayerJoin(PlayerJoinRequest request, IPEndPoint sender)'. [d:\Documents\XRENGINE\XREngine\XREngine.csproj]
d:\Documents\XRENGINE\XREngine\Engine\Networking\Engine.ServerNetworkingManager.cs(63,55): warning CS8604: Possible null reference argument for parameter 'snapshot' in 'void ServerNetworkingManager.HandlePlayerInputSnapshot(PlayerInputSnapshot snapshot)'. [d:\Documents\XRENGINE\XREngine\XREngine.csproj]
d:\Documents\XRENGINE\XREngine\Engine\Networking\Engine.ServerNetworkingManager.cs(67,57): warning CS8604: Possible null reference argument for parameter 'transform' in 'void ServerNetworkingManager.HandlePlayerTransformUpdate(PlayerTransformUpdate transform)'. [d:\Documents\XRENGINE\XREngine\XREngine.csproj]
d:\Documents\XRENGINE\XREngine\Engine\Engine.VRState.cs(474,25): warning CS8602: Dereference of a possibly null reference. [d:\Documents\XRENGINE\XREngine\XREngine.csproj]
d:\Documents\XRENGINE\XREngine\Scene\Components\Physics\GPUPhysicsChainComponent.cs(459,40): warning CS8604: Possible null reference argument for parameter 'buffer' in 'void XRRenderProgram.BindBuffer(XRDataBuffer buffer, uint location)'. [d:\Documents\XRENGINE\XREngine\XREngine.csproj]
d:\Documents\XRENGINE\XREngine\Scene\Components\Physics\GPUPhysicsChainComponent.cs(460,40): warning CS8604: Possible null reference argument for parameter 'buffer' in 'void XRRenderProgram.BindBuffer(XRDataBuffer buffer, uint location)'. [d:\Documents\XRENGINE\XREngine\XREngine.csproj]
d:\Documents\XRENGINE\XREngine\Scene\Components\Physics\GPUPhysicsChainComponent.cs(461,40): warning CS8604: Possible null reference argument for parameter 'buffer' in 'void XRRenderProgram.BindBuffer(XRDataBuffer buffer, uint location)'. [d:\Documents\XRENGINE\XREngine\XREngine.csproj]
d:\Documents\XRENGINE\XREngine\Scene\Components\Physics\GPUPhysicsChainComponent.cs(479,48): warning CS8604: Possible null reference argument for parameter 'buffer' in 'void XRRenderProgram.BindBuffer(XRDataBuffer buffer, uint location)'. [d:\Documents\XRENGINE\XREngine\XREngine.csproj]
d:\Documents\XRENGINE\XREngine\Scene\Components\Physics\GPUPhysicsChainComponent.cs(190,22): warning CS8618: Non-nullable field '_mainPhysicsShader' must contain a non-null value when exiting constructor. Consider adding the 'required' modifier or declaring the field as nullable. [d:\Documents\XRENGINE\XREngine\XREngine.csproj]
d:\Documents\XRENGINE\XREngine\Scene\Components\Physics\GPUPhysicsChainComponent.cs(191,22): warning CS8618: Non-nullable field '_skipUpdateParticlesShader' must contain a non-null value when exiting constructor. Consider adding the 'required' modifier or declaring the field as nullable. [d:\Documents\XRENGINE\XREngine\XREngine.csproj]
d:\Documents\XRENGINE\XREngine\Scene\Components\Physics\GPUPhysicsChainComponent.cs(1021,25): warning CS8618: Non-nullable property 'RenderedObjects' must contain a non-null value when exiting constructor. Consider adding the 'required' modifier or declaring the property as nullable. [d:\Documents\XRENGINE\XREngine\XREngine.csproj]
d:\Documents\XRENGINE\XREngine\Rendering\API\Rendering\Objects\Materials\XRMaterial.cs(217,31): warning CS8604: Possible null reference argument for parameter 'shaders' in 'XRMaterial.XRMaterial(XRTexture?[] textures, params XRShader[] shaders)'. [d:\Documents\XRENGINE\XREngine\XREngine.csproj]
d:\Documents\XRENGINE\XREngine\Rendering\API\Rendering\Objects\Materials\XRMaterial.cs(220,31): warning CS8604: Possible null reference argument for parameter 'shaders' in 'XRMaterial.XRMaterial(XRTexture?[] textures, params XRShader[] shaders)'. [d:\Documents\XRENGINE\XREngine\XREngine.csproj]
d:\Documents\XRENGINE\XREngine\Rendering\API\Rendering\Objects\Materials\XRMaterial.cs(223,20): warning CS8604: Possible null reference argument for parameter 'shaders' in 'XRMaterial.XRMaterial(params XRShader[] shaders)'. [d:\Documents\XRENGINE\XREngine\XREngine.csproj]
d:\Documents\XRENGINE\XREngine\Rendering\API\Rendering\Objects\Materials\XRMaterial.cs(226,20): warning CS8604: Possible null reference argument for parameter 'shaders' in 'XRMaterial.XRMaterial(params XRShader[] shaders)'. [d:\Documents\XRENGINE\XREngine\XREngine.csproj]
d:\Documents\XRENGINE\XREngine\Rendering\API\Rendering\Objects\Materials\XRMaterial.cs(229,31): warning CS8604: Possible null reference argument for parameter 'shaders' in 'XRMaterial.XRMaterial(XRTexture?[] textures, params XRShader[] shaders)'. [d:\Documents\XRENGINE\XREngine\XREngine.csproj]
d:\Documents\XRENGINE\XREngine\Rendering\API\Rendering\Objects\Materials\XRMaterial.cs(254,60): warning CS8604: Possible null reference argument for parameter 'shaders' in 'XRMaterial.XRMaterial(ShaderVar[] parameters, params XRShader[] shaders)'. [d:\Documents\XRENGINE\XREngine\XREngine.csproj]
d:\Documents\XRENGINE\XREngine\Rendering\API\Rendering\Objects\Meshes\XRMesh.BufferCollection.cs(204,92): warning SYSLIB0050: 'ISerializable.GetObjectData(SerializationInfo, StreamingContext)' is obsolete: 'Formatter-based serialization is obsolete and should not be used.' (https://aka.ms/dotnet-warnings/SYSLIB0050) [d:\Documents\XRENGINE\XREngine\XREngine.csproj]
d:\Documents\XRENGINE\XREngine\Scene\Components\Audio\STT\Providers\AmazonSTTProvider.cs(3,43): warning CS9113: Parameter 'apiKey' is unread. [d:\Documents\XRENGINE\XREngine\XREngine.csproj]
d:\Documents\XRENGINE\XREngine\Scene\Components\Audio\STT\Providers\AmazonSTTProvider.cs(3,58): warning CS9113: Parameter 'language' is unread. [d:\Documents\XRENGINE\XREngine\XREngine.csproj]
d:\Documents\XRENGINE\XREngine\Rendering\API\XRWindow.cs(314,51): warning CS8601: Possible null reference assignment. [d:\Documents\XRENGINE\XREngine\XREngine.csproj]
d:\Documents\XRENGINE\XREngine\Rendering\API\Rendering\Vulkan\VulkanResourceAllocator.cs(78,49): warning CS8601: Possible null reference assignment. [d:\Documents\XRENGINE\XREngine\XREngine.csproj]
d:\Documents\XRENGINE\XREngine\Rendering\API\Rendering\Vulkan\VulkanResourceAllocator.cs(81,67): warning CS8601: Possible null reference assignment. [d:\Documents\XRENGINE\XREngine\XREngine.csproj]
d:\Documents\XRENGINE\XREngine\Rendering\API\Rendering\Vulkan\FrameBufferRenderPasses.cs(28,14): warning CS0219: The variable 'hasDepthAttachment' is assigned but its value is never used [d:\Documents\XRENGINE\XREngine\XREngine.csproj]
d:\Documents\XRENGINE\XREngine\Rendering\API\Rendering\Vulkan\VulkanResourcePlanner.cs(40,44): warning CS8601: Possible null reference assignment. [d:\Documents\XRENGINE\XREngine\XREngine.csproj]
d:\Documents\XRENGINE\XREngine\Rendering\API\Rendering\Vulkan\VulkanResourcePlanner.cs(43,48): warning CS8601: Possible null reference assignment. [d:\Documents\XRENGINE\XREngine\XREngine.csproj]
d:\Documents\XRENGINE\XREngine\Rendering\API\Rendering\OpenGL\OpenGLRenderer.cs(902,88): warning CS9195: Argument 3 should be passed with the 'in' keyword [d:\Documents\XRENGINE\XREngine\XREngine.csproj]
d:\Documents\XRENGINE\XREngine\Rendering\Camera\XRCamera.cs(585,17): warning CS8602: Dereference of a possibly null reference. [d:\Documents\XRENGINE\XREngine\XREngine.csproj]
d:\Documents\XRENGINE\XREngine\Scene\Components\Audio\STT\Providers\DeepgramSTTProvider.cs(44,38): warning CS8602: Dereference of a possibly null reference. [d:\Documents\XRENGINE\XREngine\XREngine.csproj]
d:\Documents\XRENGINE\XREngine\Rendering\API\Rendering\OpenGL\OpenGLRenderer.cs(1100,80): warning CS9195: Argument 3 should be passed with the 'in' keyword [d:\Documents\XRENGINE\XREngine\XREngine.csproj]
d:\Documents\XRENGINE\XREngine\Scene\Components\Audio\STT\Providers\GoogleSTTProvider.cs(54,38): warning CS8602: Dereference of a possibly null reference. [d:\Documents\XRENGINE\XREngine\XREngine.csproj]
d:\Documents\XRENGINE\XREngine\Rendering\PostProcessing\RenderPipelinePostProcessSchema.cs(83,45): warning CS8601: Possible null reference assignment. [d:\Documents\XRENGINE\XREngine\XREngine.csproj]
d:\Documents\XRENGINE\XREngine\Rendering\PostProcessing\CameraPostProcessStateCollection.cs(88,46): warning CS8601: Possible null reference assignment. [d:\Documents\XRENGINE\XREngine\XREngine.csproj]
d:\Documents\XRENGINE\XREngine\Scene\Components\UI\Core\UIVideoComponent.cs(427,13): warning CS0162: Unreachable code detected [d:\Documents\XRENGINE\XREngine\XREngine.csproj]
d:\Documents\XRENGINE\XREngine\Rendering\PostProcessing\CameraPostProcessStateCollection.cs(40,51): warning CS8601: Possible null reference assignment. [d:\Documents\XRENGINE\XREngine\XREngine.csproj]
d:\Documents\XRENGINE\XREngine\Rendering\Pipelines\Commands\Features\VPRC_BloomPass.cs(237,17): warning CS8602: Dereference of a possibly null reference. [d:\Documents\XRENGINE\XREngine\XREngine.csproj]
d:\Documents\XRENGINE\XREngine\Scene\Components\UI\Core\Arrangements\UITreeTransform.cs(15,16): warning CS8618: Non-nullable property 'OwningTreeComponent' must contain a non-null value when exiting constructor. Consider adding the 'required' modifier or declaring the property as nullable. [d:\Documents\XRENGINE\XREngine\XREngine.csproj]
d:\Documents\XRENGINE\XREngine\Rendering\API\Rendering\Vulkan\Objects\Types\VkTexture.cs(39,25): warning CS8602: Dereference of a possibly null reference. [d:\Documents\XRENGINE\XREngine\XREngine.csproj]
d:\Documents\XRENGINE\XREngine\Rendering\Pipelines\Commands\ViewportRenderCommandContainer.cs(134,41): warning CS8600: Converting null literal or possible null value to non-nullable type. [d:\Documents\XRENGINE\XREngine\XREngine.csproj]
d:\Documents\XRENGINE\XREngine\Scene\Components\UI\Core\UIVideoComponent.cs(1088,20): warning CS0219: The variable 'timeout' is assigned but its value is never used [d:\Documents\XRENGINE\XREngine\XREngine.csproj]
d:\Documents\XRENGINE\XREngine\Scene\Components\Lights\Types\OneViewLightComponent.cs(44,17): warning CS8602: Dereference of a possibly null reference. [d:\Documents\XRENGINE\XREngine\XREngine.csproj]
d:\Documents\XRENGINE\XREngine\Scene\Components\Lights\Types\PointLightComponent.cs(121,21): warning CS8602: Dereference of a possibly null reference. [d:\Documents\XRENGINE\XREngine\XREngine.csproj]
d:\Documents\XRENGINE\XREngine\Scene\Components\Capture\SceneCaptureComponent.cs(157,21): warning CS8602: Dereference of a possibly null reference. [d:\Documents\XRENGINE\XREngine\XREngine.csproj]
d:\Documents\XRENGINE\XREngine\Rendering\Pipelines\Types\DefaultRenderPipeline.cs(2818,21): warning CS8602: Dereference of a possibly null reference. [d:\Documents\XRENGINE\XREngine\XREngine.csproj]
d:\Documents\XRENGINE\XREngine\Scene\Components\Volumes\Trigger.cs(66,32): warning CS8602: Dereference of a possibly null reference. [d:\Documents\XRENGINE\XREngine\XREngine.csproj]
d:\Documents\XRENGINE\XREngine\Scene\Components\Volumes\Trigger.cs(72,28): warning CS8604: Possible null reference argument for parameter 'world' in 'bool ContactTest.Test(XRWorldInstance world)'. [d:\Documents\XRENGINE\XREngine\XREngine.csproj]
d:\Documents\XRENGINE\XREngine\Scene\Components\Volumes\Trigger.cs(83,25): warning CS8602: Dereference of a possibly null reference. [d:\Documents\XRENGINE\XREngine\XREngine.csproj]
d:\Documents\XRENGINE\XREngine\Scene\Components\Volumes\Trigger.cs(58,55): warning CS8625: Cannot convert null literal to non-nullable reference type. [d:\Documents\XRENGINE\XREngine\XREngine.csproj]
d:\Documents\XRENGINE\XREngine\Scene\Components\Volumes\Trigger.cs(14,34): warning CS8618: Non-nullable field 'Entered' must contain a non-null value when exiting constructor. Consider adding the 'required' modifier or declaring the field as nullable. [d:\Documents\XRENGINE\XREngine\XREngine.csproj]
d:\Documents\XRENGINE\XREngine\Scene\Components\Volumes\Trigger.cs(15,34): warning CS8618: Non-nullable field 'Left' must contain a non-null value when exiting constructor. Consider adding the 'required' modifier or declaring the field as nullable. [d:\Documents\XRENGINE\XREngine\XREngine.csproj]
d:\Documents\XRENGINE\XREngine\Scene\Components\Volumes\Trigger.cs(24,20): warning CS8618: Non-nullable property 'Contact' must contain a non-null value when exiting constructor. Consider adding the 'required' modifier or declaring the property as nullable. [d:\Documents\XRENGINE\XREngine\XREngine.csproj]
d:\Documents\XRENGINE\XREngine\Scene\Components\Splines\Spline3DPreviewComponent.cs(341,13): warning CS8602: Dereference of a possibly null reference. [d:\Documents\XRENGINE\XREngine\XREngine.csproj]
d:\Documents\XRENGINE\XREngine\Rendering\API\Rendering\OpenGL\Types\GLRenderProgram.cs(776,17): warning CS8602: Dereference of a possibly null reference. [d:\Documents\XRENGINE\XREngine\XREngine.csproj]
d:\Documents\XRENGINE\XREngine\Rendering\Commands\GPURenderPassCollection.Core.cs(309,31): warning CS0649: Field 'GPURenderPassCollection._statsBuffer' is never assigned to, and will always have its default value null [d:\Documents\XRENGINE\XREngine\XREngine.csproj]
d:\Documents\XRENGINE\XREngine\Rendering\Lights3DCollection.cs(314,33): warning CS0649: Field 'Lights3DCollection._instancedCellRenderer' is never assigned to, and will always have its default value null [d:\Documents\XRENGINE\XREngine\XREngine.csproj]
d:\Documents\XRENGINE\XREngine\Rendering\Commands\GPURenderPassCollection.Core.cs(342,31): warning CS0169: The field 'GPURenderPassCollection._keyIndexBufferA' is never used [d:\Documents\XRENGINE\XREngine\XREngine.csproj]
d:\Documents\XRENGINE\XREngine\Scene\Components\Animation\IK\Solvers\VR\IKSolverVR.cs(261,25): warning CS0169: The field 'IKSolverVR._rootVelocity' is never used [d:\Documents\XRENGINE\XREngine\XREngine.csproj]
d:\Documents\XRENGINE\XREngine\Scene\Components\UI\Interactable\UIComboBoxComponent.cs(9,36): warning CS0067: The event 'UIComboBoxComponent.Scrolled' is never used [d:\Documents\XRENGINE\XREngine\XREngine.csproj]
d:\Documents\XRENGINE\XREngine\Rendering\Commands\GPUScene.cs(26,25): warning CS0649: Field 'GPUScene.MeshInfo.IndexCount' is never assigned to, and will always have its default value 0 [d:\Documents\XRENGINE\XREngine\XREngine.csproj]
d:\Documents\XRENGINE\XREngine\Scene\Components\Animation\IK\Solvers\VR\IKSolverVR.cs(792,25): warning CS0169: The field 'IKSolverVR._lastOffset' is never used [d:\Documents\XRENGINE\XREngine\XREngine.csproj]
d:\Documents\XRENGINE\XREngine\Rendering\Commands\GPUScene.cs(28,25): warning CS0649: Field 'GPUScene.MeshInfo.BaseVertex' is never assigned to, and will always have its default value 0 [d:\Documents\XRENGINE\XREngine\XREngine.csproj]
d:\Documents\XRENGINE\XREngine\Scene\Components\Animation\IK\Solvers\VR\IKSolverVR.Locomotion.cs(204,27): warning CS0169: The field 'IKSolverVR.Locomotion._lastVelLocalMag' is never used [d:\Documents\XRENGINE\XREngine\XREngine.csproj]
d:\Documents\XRENGINE\XREngine\Rendering\Pipelines\Commands\Features\VPRC_TemporalAccumulationPass.cs(31,22): warning CS0649: Field 'VPRC_TemporalAccumulationPass.TemporalState.LastFrameCount' is never assigned to, and will always have its default value 0 [d:\Documents\XRENGINE\XREngine\XREngine.csproj]
d:\Documents\XRENGINE\XREngine\Scene\Components\Animation\IK\Solvers\VR\IKSolverVR.cs(262,25): warning CS0649: Field 'IKSolverVR._bodyOffset' is never assigned to, and will always have its default value [d:\Documents\XRENGINE\XREngine\XREngine.csproj]
d:\Documents\XRENGINE\XREngine\Scene\Components\Animation\IK\Solvers\VR\IKSolverVR.cs(789,25): warning CS0169: The field 'IKSolverVR._headPosition' is never used [d:\Documents\XRENGINE\XREngine\XREngine.csproj]
d:\Documents\XRENGINE\XREngine\Scene\Components\Animation\IK\Solvers\VR\IKSolverVR.cs(790,25): warning CS0169: The field 'IKSolverVR._headDeltaPosition' is never used [d:\Documents\XRENGINE\XREngine\XREngine.csproj]
d:\Documents\XRENGINE\XREngine\Scene\Components\Animation\IK\Solvers\VR\IKSolverVR.cs(260,25): warning CS0169: The field 'IKSolverVR._rootV' is never used [d:\Documents\XRENGINE\XREngine\XREngine.csproj]
d:\Documents\XRENGINE\XREngine\Rendering\Commands\GPUScene.cs(27,25): warning CS0649: Field 'GPUScene.MeshInfo.FirstIndex' is never assigned to, and will always have its default value 0 [d:\Documents\XRENGINE\XREngine\XREngine.csproj]
d:\Documents\XRENGINE\XREngine\Scene\Components\Animation\IK\Solvers\VR\IKSolverVR.Locomotion.cs(130,43): warning CS0169: The field 'IKSolverVR.Locomotion._rootVelocityV' is never used [d:\Documents\XRENGINE\XREngine\XREngine.csproj]
d:\Documents\XRENGINE\XREngine\Rendering\Commands\GPURenderPassCollection.Core.cs(310,31): warning CS0649: Field 'GPURenderPassCollection._truncationFlagBuffer' is never assigned to, and will always have its default value null [d:\Documents\XRENGINE\XREngine\XREngine.csproj]
d:\Documents\XRENGINE\XREngine\Models\Materials\Textures\TextureData.cs(15,20): warning CS0414: The field 'TextureData._pixelType' is assigned but its value is never used [d:\Documents\XRENGINE\XREngine\XREngine.csproj]
d:\Documents\XRENGINE\XREngine\Engine\Engine.Rendering.Settings.cs(129,30): warning CS0414: The field 'Engine.Rendering.EngineSettings._lightProbeDepthResolution' is assigned but its value is never used [d:\Documents\XRENGINE\XREngine\XREngine.csproj]
d:\Documents\XRENGINE\XREngine\Rendering\API\Rendering\Vulkan\Objects\Types\VkMeshRenderer.cs(76,16): warning CS0414: The field 'VulkanRenderer.VkMeshRenderer._meshDirty' is assigned but its value is never used [d:\Documents\XRENGINE\XREngine\XREngine.csproj]
d:\Documents\XRENGINE\XREngine\Rendering\API\Rendering\Objects\XRRenderProgram.cs(338,53): warning CS0414: The field 'XRRenderProgram.UniformSetBoolVector2ArrayRequested' is assigned but its value is never used [d:\Documents\XRENGINE\XREngine\XREngine.csproj]
d:\Documents\XRENGINE\XREngine\Scene\Components\Animation\IK\Solvers\VR\IKSolverVR.cs(675,23): warning CS0414: The field 'IKSolverVR._lastLocomotionWeight' is assigned but its value is never used [d:\Documents\XRENGINE\XREngine\XREngine.csproj]
d:\Documents\XRENGINE\XREngine\Rendering\API\Rendering\OpenXR\Init.cs(185,21): warning CS0414: The field 'OpenXRAPI._secondaryQueue' is assigned but its value is never used [d:\Documents\XRENGINE\XREngine\XREngine.csproj]
d:\Documents\XRENGINE\XREngine\Rendering\Commands\GPURenderPassCollection.CullingAndSoA.cs(24,21): warning CS0414: The field 'GPURenderPassCollection._passthroughFallbackForceLogBudget' is assigned but its value is never used [d:\Documents\XRENGINE\XREngine\XREngine.csproj]
d:\Documents\XRENGINE\XREngine\Core\Time\EngineTimer.cs(124,42): warning CS0414: The field 'EngineTimer._cancelRenderTokenSource' is assigned but its value is never used [d:\Documents\XRENGINE\XREngine\XREngine.csproj]
d:\Documents\XRENGINE\XREngine\Core\Time\EngineTimer.cs(129,23): warning CS0414: The field 'EngineTimer.SingleTask' is assigned but its value is never used [d:\Documents\XRENGINE\XREngine\XREngine.csproj]
d:\Documents\XRENGINE\XREngine\Engine\Engine.VRState.cs(996,42): warning CS0414: The field 'Engine.VRState._writer' is assigned but its value is never used [d:\Documents\XRENGINE\XREngine\XREngine.csproj]
d:\Documents\XRENGINE\XREngine\Rendering\API\Rendering\Objects\XRRenderProgram.cs(337,46): warning CS0414: The field 'XRRenderProgram.UniformSetBoolArrayRequested' is assigned but its value is never used [d:\Documents\XRENGINE\XREngine\XREngine.csproj]
d:\Documents\XRENGINE\XREngine\Core\Time\EngineTimer.cs(128,23): warning CS0414: The field 'EngineTimer.RenderTask' is assigned but its value is never used [d:\Documents\XRENGINE\XREngine\XREngine.csproj]
d:\Documents\XRENGINE\XREngine\Scene\Components\Audio\Converters\MicrophoneComponent.RVCConverter.cs(27,26): warning CS0414: The field 'MicrophoneComponent.RVCConverter._isInitialized' is assigned but its value is never used [d:\Documents\XRENGINE\XREngine\XREngine.csproj]
d:\Documents\XRENGINE\XREngine\Rendering\API\Rendering\Objects\XRRenderProgram.cs(339,53): warning CS0414: The field 'XRRenderProgram.UniformSetBoolVector3ArrayRequested' is assigned but its value is never used [d:\Documents\XRENGINE\XREngine\XREngine.csproj]
d:\Documents\XRENGINE\XREngine\Rendering\API\Rendering\Objects\XRRenderProgram.cs(340,53): warning CS0414: The field 'XRRenderProgram.UniformSetBoolVector4ArrayRequested' is assigned but its value is never used [d:\Documents\XRENGINE\XREngine\XREngine.csproj]
d:\Documents\XRENGINE\XREngine\Engine\Engine.VRState.cs(997,33): warning CS0414: The field 'Engine.VRState._waitingForInput' is assigned but its value is never used [d:\Documents\XRENGINE\XREngine\XREngine.csproj]
d:\Documents\XRENGINE\XREngine\Engine\SnapshotAssetReference.cs(16,65): warning IL2026: Using member 'XREngine.AssetManager.InstantiateVariant(XRPrefabVariant, XRWorldInstance, SceneNode, Boolean)' which has 'RequiresUnreferencedCodeAttribute' can break functionality when trimming application code. Prefab override reflection requires runtime metadata. [d:\Documents\XRENGINE\XREngine\XREngine.csproj]
d:\Documents\XRENGINE\XREngine\Engine\SnapshotAssetReference.cs(16,65): warning IL2026: Using member 'XREngine.AssetManager.InstantiateVariant(Guid, XRWorldInstance, SceneNode, Boolean)' which has 'RequiresUnreferencedCodeAttribute' can break functionality when trimming application code. Prefab override reflection requires runtime metadata. [d:\Documents\XRENGINE\XREngine\XREngine.csproj]
d:\Documents\XRENGINE\XREngine\Engine\SnapshotAssetReference.cs(16,65): warning IL2026: Using member 'XREngine.AssetManager.InstantiateVariant(String, XRWorldInstance, SceneNode, Boolean)' which has 'RequiresUnreferencedCodeAttribute' can break functionality when trimming application code. Prefab override reflection requires runtime metadata. [d:\Documents\XRENGINE\XREngine\XREngine.csproj]
d:\Documents\XRENGINE\XREngine\Engine\SnapshotAssetReference.cs(16,65): warning IL2026: Using member 'XREngine.AssetManager.InstantiateVariantAsync(String, XRWorldInstance, SceneNode, Boolean)' which has 'RequiresUnreferencedCodeAttribute' can break functionality when trimming application code. Prefab override reflection requires runtime metadata. [d:\Documents\XRENGINE\XREngine\XREngine.csproj]
d:\Documents\XRENGINE\XREngine\Core\Engine\AssetManager.cs(869,98): warning IL2026: Using member 'XREngine.AssetManager.DiscoverYamlTypeConverters()' which has 'RequiresUnreferencedCodeAttribute' can break functionality when trimming application code. Calls System.Reflection.Assembly.GetTypes(). [d:\Documents\XRENGINE\XREngine\XREngine.csproj]
d:\Documents\XRENGINE\XREngine\Scene\Components\XRComponent.cs(41,19): warning IL2087: 't' argument does not satisfy 'DynamicallyAccessedMemberTypes.PublicConstructors', 'DynamicallyAccessedMemberTypes.NonPublicConstructors', 'DynamicallyAccessedMemberTypes.PublicProperties' in call to 'XREngine.Components.XRComponent.New(SceneNode, Type)'. The generic parameter 'T' of 'XREngine.Components.XRComponent.New<T>(SceneNode)' does not have matching annotations. The source value must declare at least the same requirements as those declared on the target location it is assigned to. [d:\Documents\XRENGINE\XREngine\XREngine.csproj]
d:\Documents\XRENGINE\XREngine\Core\Files\XRAsset.MemoryPack.cs(22,30): warning IL2026: Using member 'XREngine.Core.Files.CookedBinarySerializer.Serialize(Object, CookedBinarySerializationCallbacks)' which has 'RequiresUnreferencedCodeAttribute' can break functionality when trimming application code. Cooked binary serialization relies on reflection and cannot be statically analyzed for trimming or AOT. [d:\Documents\XRENGINE\XREngine\XREngine.csproj]
d:\Documents\XRENGINE\XREngine\Core\Files\XRAsset.MemoryPack.cs(22,30): warning IL3050: Using member 'XREngine.Core.Files.CookedBinarySerializer.Serialize(Object, CookedBinarySerializationCallbacks)' which has 'RequiresDynamicCodeAttribute' can break functionality when AOT compiling. Cooked binary serialization relies on reflection and cannot be statically analyzed for trimming or AOT. [d:\Documents\XRENGINE\XREngine\XREngine.csproj]
d:\Documents\XRENGINE\XREngine\Core\Files\XRAsset.MemoryPack.cs(48,26): warning IL2057: Unrecognized value passed to the parameter 'typeName' of method 'System.Type.GetType(String, Boolean, Boolean)'. It's not possible to guarantee the availability of the target type. [d:\Documents\XRENGINE\XREngine\XREngine.csproj]
d:\Documents\XRENGINE\XREngine\Core\Files\XRAsset.MemoryPack.cs(54,24): warning IL2026: Using member 'System.Reflection.Assembly.GetType(String, Boolean, Boolean)' which has 'RequiresUnreferencedCodeAttribute' can break functionality when trimming application code. Types might be removed by trimming. If the type name is a string literal, consider using Type.GetType instead. [d:\Documents\XRENGINE\XREngine\XREngine.csproj]
d:\Documents\XRENGINE\XREngine\Core\Files\XRAsset.MemoryPack.cs(40,20): warning IL2026: Using member 'XREngine.Core.Files.CookedBinarySerializer.Deserialize(Type, ReadOnlySpan<Byte>, CookedBinarySerializationCallbacks)' which has 'RequiresUnreferencedCodeAttribute' can break functionality when trimming application code. Cooked binary serialization relies on reflection and cannot be statically analyzed for trimming or AOT. [d:\Documents\XRENGINE\XREngine\XREngine.csproj]
d:\Documents\XRENGINE\XREngine\Core\Files\XRAsset.MemoryPack.cs(40,20): warning IL3050: Using member 'XREngine.Core.Files.CookedBinarySerializer.Deserialize(Type, ReadOnlySpan<Byte>, CookedBinarySerializationCallbacks)' which has 'RequiresDynamicCodeAttribute' can break functionality when AOT compiling. Cooked binary serialization relies on reflection and cannot be statically analyzed for trimming or AOT. [d:\Documents\XRENGINE\XREngine\XREngine.csproj]
d:\Documents\XRENGINE\XREngine\Core\Attributes\RequiresTransformAttribute.cs(42,17): warning IL2072: 'type' argument does not satisfy 'DynamicallyAccessedMemberTypes.PublicParameterlessConstructor' in call to 'System.Activator.CreateInstance(Type, params Object[])'. The return value of method 'XREngine.Core.Attributes.RequiresTransformAttribute.Type.get' does not have matching annotations. The source value must declare at least the same requirements as those declared on the target location it is assigned to. [d:\Documents\XRENGINE\XREngine\XREngine.csproj]
d:\Documents\XRENGINE\XREngine\Core\Extensions\StringExtension.cs(18,17): warning IL2070: 'this' argument does not satisfy 'DynamicallyAccessedMemberTypes.Interfaces' in call to 'System.Type.GetInterface(String)'. The parameter 't' of method 'Extensions.StringExtension.ParseAs(String, Type)' does not have matching annotations. The source value must declare at least the same requirements as those declared on the target location it is assigned to. [d:\Documents\XRENGINE\XREngine\XREngine.csproj]
d:\Documents\XRENGINE\XREngine\Core\Extensions\StringExtension.cs(20,62): warning IL2067: 'type' argument does not satisfy 'DynamicallyAccessedMemberTypes.PublicParameterlessConstructor' in call to 'System.Activator.CreateInstance(Type)'. The parameter 't' of method 'Extensions.StringExtension.ParseAs(String, Type)' does not have matching annotations. The source value must declare at least the same requirements as those declared on the target location it is assigned to. [d:\Documents\XRENGINE\XREngine\XREngine.csproj]
d:\Documents\XRENGINE\XREngine\Core\Tools\DelegateBuilder.cs(59,44): warning IL2072: 'type' argument does not satisfy 'DynamicallyAccessedMemberTypes.PublicParameterlessConstructor' in call to 'System.Activator.CreateInstance(Type)'. The return value of method 'System.Reflection.ParameterInfo.ParameterType.get' does not have matching annotations. The source value must declare at least the same requirements as those declared on the target location it is assigned to. [d:\Documents\XRENGINE\XREngine\XREngine.csproj]
d:\Documents\XRENGINE\XREngine\Core\Tools\DelegateBuilder.cs(12,25): warning IL2090: 'this' argument does not satisfy 'DynamicallyAccessedMemberTypes.PublicMethods' in call to 'System.Type.GetMethod(String)'. The generic parameter 'T' of 'XREngine.Core.Tools.DelegateBuilder.BuildDelegate<T>(MethodInfo, params Object[])' does not have matching annotations. The source value must declare at least the same requirements as those declared on the target location it is assigned to. [d:\Documents\XRENGINE\XREngine\XREngine.csproj]
d:\Documents\XRENGINE\XREngine\Core\Engine\AssetManager.cs(555,25): warning IL2091: 'T' generic argument does not satisfy 'DynamicallyAccessedMemberTypes.PublicMethods' in 'XREngine.AssetManager.DeserializeAssetFileAsync<T>(String)'. The generic parameter 'T' of 'XREngine.AssetManager.LoadAsync<T>(String)' does not have matching annotations. The source value must declare at least the same requirements as those declared on the target location it is assigned to. [d:\Documents\XRENGINE\XREngine\XREngine.csproj]
d:\Documents\XRENGINE\XREngine\Core\Engine\AssetManager.cs(556,25): warning IL2091: 'T' generic argument does not satisfy 'DynamicallyAccessedMemberTypes.PublicMethods' in 'XREngine.AssetManager.Load3rdPartyWithCacheAsync<T>(String, String)'. The generic parameter 'T' of 'XREngine.AssetManager.LoadAsync<T>(String)' does not have matching annotations. The source value must declare at least the same requirements as those declared on the target location it is assigned to. [d:\Documents\XRENGINE\XREngine\XREngine.csproj]
d:\Documents\XRENGINE\XREngine\Core\Engine\AssetManager.cs(633,19): warning IL2091: 'T' generic argument does not satisfy 'DynamicallyAccessedMemberTypes.PublicMethods' in 'XREngine.AssetManager.DeserializeAssetFile<T>(String)'. The generic parameter 'T' of 'XREngine.AssetManager.Load<T>(String)' does not have matching annotations. The source value must declare at least the same requirements as those declared on the target location it is assigned to. [d:\Documents\XRENGINE\XREngine\XREngine.csproj]
d:\Documents\XRENGINE\XREngine\Core\Engine\AssetManager.cs(634,19): warning IL2091: 'T' generic argument does not satisfy 'DynamicallyAccessedMemberTypes.PublicMethods' in 'XREngine.AssetManager.Load3rdPartyWithCache<T>(String, String)'. The generic parameter 'T' of 'XREngine.AssetManager.Load<T>(String)' does not have matching annotations. The source value must declare at least the same requirements as those declared on the target location it is assigned to. [d:\Documents\XRENGINE\XREngine\XREngine.csproj]
d:\Documents\XRENGINE\XREngine\Core\Engine\AssetManager.cs(595,19): warning IL2067: 'type' argument does not satisfy 'DynamicallyAccessedMemberTypes.PublicMethods' in call to 'XREngine.AssetManager.Load3rdPartyWithCache(String, String, Type)'. The parameter 'type' of method 'XREngine.AssetManager.Load(String, Type)' does not have matching annotations. The source value must declare at least the same requirements as those declared on the target location it is assigned to. [d:\Documents\XRENGINE\XREngine\XREngine.csproj]
d:\Documents\XRENGINE\XREngine\Core\Tools\ExpressionParser.cs(163,68): warning IL2075: 'this' argument does not satisfy 'DynamicallyAccessedMemberTypes.PublicMethods', 'DynamicallyAccessedMemberTypes.NonPublicMethods' in call to 'System.Type.GetMethods(BindingFlags)'. The return value of method 'System.Object.GetType()' does not have matching annotations. The source value must declare at least the same requirements as those declared on the target location it is assigned to. [d:\Documents\XRENGINE\XREngine\XREngine.csproj]
d:\Documents\XRENGINE\XREngine\Core\Tools\ExpressionParser.cs(200,37): warning IL2075: 'this' argument does not satisfy 'DynamicallyAccessedMemberTypes.PublicFields', 'DynamicallyAccessedMemberTypes.NonPublicFields' in call to 'System.Type.GetFields(BindingFlags)'. The return value of method 'System.Object.GetType()' does not have matching annotations. The source value must declare at least the same requirements as those declared on the target location it is assigned to. [d:\Documents\XRENGINE\XREngine\XREngine.csproj]
d:\Documents\XRENGINE\XREngine\Core\Tools\ExpressionParser.cs(200,37): warning IL2075: 'this' argument does not satisfy 'DynamicallyAccessedMemberTypes.PublicFields', 'DynamicallyAccessedMemberTypes.NonPublicFields' in call to 'System.Type.GetFields(BindingFlags)'. The return value of method 'System.Type.BaseType.get' does not have matching annotations. The source value must declare at least the same requirements as those declared on the target location it is assigned to. [d:\Documents\XRENGINE\XREngine\XREngine.csproj]
d:\Documents\XRENGINE\XREngine\Core\Tools\ExpressionParser.cs(201,41): warning IL2075: 'this' argument does not satisfy 'DynamicallyAccessedMemberTypes.PublicProperties', 'DynamicallyAccessedMemberTypes.NonPublicProperties' in call to 'System.Type.GetProperties(BindingFlags)'. The return value of method 'System.Object.GetType()' does not have matching annotations. The source value must declare at least the same requirements as those declared on the target location it is assigned to. [d:\Documents\XRENGINE\XREngine\XREngine.csproj]
d:\Documents\XRENGINE\XREngine\Core\Tools\ExpressionParser.cs(201,41): warning IL2075: 'this' argument does not satisfy 'DynamicallyAccessedMemberTypes.PublicProperties', 'DynamicallyAccessedMemberTypes.NonPublicProperties' in call to 'System.Type.GetProperties(BindingFlags)'. The return value of method 'System.Type.BaseType.get' does not have matching annotations. The source value must declare at least the same requirements as those declared on the target location it is assigned to. [d:\Documents\XRENGINE\XREngine\XREngine.csproj]
d:\Documents\XRENGINE\XREngine\Engine\Networking\StateChangePayloadSerializer.cs(40,27): warning IL2091: 'T' generic argument does not satisfy 'DynamicallyAccessedMemberTypes.All' in 'MemoryPack.MemoryPackSerializer.Deserialize<T>(ReadOnlySpan<Byte>, MemoryPackSerializerOptions)'. The generic parameter 'T' of 'XREngine.Networking.StateChangePayloadSerializer.TryDeserialize<T>(String, out T)' does not have matching annotations. The source value must declare at least the same requirements as those declared on the target location it is assigned to. [d:\Documents\XRENGINE\XREngine\XREngine.csproj]
d:\Documents\XRENGINE\XREngine\Engine\Networking\StateChangePayloadSerializer.cs(28,31): warning IL2026: Using member 'Newtonsoft.Json.JsonConvert.DeserializeObject<T>(String)' which has 'RequiresUnreferencedCodeAttribute' can break functionality when trimming application code. Newtonsoft.Json relies on reflection over types that may be removed when trimming. [d:\Documents\XRENGINE\XREngine\XREngine.csproj]
d:\Documents\XRENGINE\XREngine\Engine\Networking\StateChangePayloadSerializer.cs(28,31): warning IL3050: Using member 'Newtonsoft.Json.JsonConvert.DeserializeObject<T>(String)' which has 'RequiresDynamicCodeAttribute' can break functionality when AOT compiling. Newtonsoft.Json relies on dynamically creating types that may not be available with Ahead of Time compilation. [d:\Documents\XRENGINE\XREngine\XREngine.csproj]
d:\Documents\XRENGINE\XREngine\Engine\SnapshotAssetReference.cs(66,20): warning IL2057: Unrecognized value passed to the parameter 'typeName' of method 'System.Type.GetType(String, Boolean, Boolean)'. It's not possible to guarantee the availability of the target type. [d:\Documents\XRENGINE\XREngine\XREngine.csproj]
d:\Documents\XRENGINE\XREngine\Engine\SnapshotAssetReference.cs(79,26): warning IL2060: Call to 'System.Reflection.MethodInfo.MakeGenericMethod(params Type[])' can not be statically analyzed. It's not possible to guarantee the availability of requirements of the generic method. [d:\Documents\XRENGINE\XREngine\XREngine.csproj]
d:\Documents\XRENGINE\XREngine\Engine\SnapshotAssetReference.cs(79,26): warning IL3050: Using member 'System.Reflection.MethodInfo.MakeGenericMethod(params Type[])' which has 'RequiresDynamicCodeAttribute' can break functionality when AOT compiling. The native code for this instantiation might not be available at runtime. [d:\Documents\XRENGINE\XREngine\XREngine.csproj]
d:\Documents\XRENGINE\XREngine\Engine\SnapshotBinarySerializer.cs(32,16): warning IL2026: Using member 'XREngine.Core.Files.CookedBinarySerializer.Serialize(Object, CookedBinarySerializationCallbacks)' which has 'RequiresUnreferencedCodeAttribute' can break functionality when trimming application code. Cooked binary serialization relies on reflection and cannot be statically analyzed for trimming or AOT. [d:\Documents\XRENGINE\XREngine\XREngine.csproj]
d:\Documents\XRENGINE\XREngine\Engine\SnapshotBinarySerializer.cs(32,16): warning IL3050: Using member 'XREngine.Core.Files.CookedBinarySerializer.Serialize(Object, CookedBinarySerializationCallbacks)' which has 'RequiresDynamicCodeAttribute' can break functionality when AOT compiling. Cooked binary serialization relies on reflection and cannot be statically analyzed for trimming or AOT. [d:\Documents\XRENGINE\XREngine\XREngine.csproj]
d:\Documents\XRENGINE\XREngine\Core\Engine\AssetManager.cs(879,27): warning IL3050: Using member 'YamlDotNet.Serialization.SerializerBuilder.SerializerBuilder()' which has 'RequiresDynamicCodeAttribute' can break functionality when AOT compiling. This builder configures the serializer to use reflection which is not compatible with ahead-of-time compilation or assembly trimming. You need to use the code generator/analyzer to generate static code and use the 'StaticSerializerBuilder' object instead of this one. [d:\Documents\XRENGINE\XREngine\XREngine.csproj]
d:\Documents\XRENGINE\XREngine\Engine\SnapshotBinarySerializer.cs(40,16): warning IL2026: Using member 'XREngine.Core.Files.CookedBinarySerializer.Deserialize(Type, ReadOnlySpan<Byte>, CookedBinarySerializationCallbacks)' which has 'RequiresUnreferencedCodeAttribute' can break functionality when trimming application code. Cooked binary serialization relies on reflection and cannot be statically analyzed for trimming or AOT. [d:\Documents\XRENGINE\XREngine\XREngine.csproj]
d:\Documents\XRENGINE\XREngine\Engine\SnapshotBinarySerializer.cs(40,16): warning IL3050: Using member 'XREngine.Core.Files.CookedBinarySerializer.Deserialize(Type, ReadOnlySpan<Byte>, CookedBinarySerializationCallbacks)' which has 'RequiresDynamicCodeAttribute' can break functionality when AOT compiling. Cooked binary serialization relies on reflection and cannot be statically analyzed for trimming or AOT. [d:\Documents\XRENGINE\XREngine\XREngine.csproj]
d:\Documents\XRENGINE\XREngine\GameMode.cs(27,20): warning IL2078: 'XREngine.GameMode.DefaultPlayerControllerClass.get' method return value does not satisfy 'DynamicallyAccessedMemberTypes.PublicConstructors' requirements. The field 'XREngine.GameMode._defaultPlayerControllerClass' does not have matching annotations. The source value must declare at least the same requirements as those declared on the target location it is assigned to. [d:\Documents\XRENGINE\XREngine\XREngine.csproj]
d:\Documents\XRENGINE\XREngine\GameMode.cs(43,20): warning IL2078: 'XREngine.GameMode.DefaultPlayerPawnClass.get' method return value does not satisfy 'DynamicallyAccessedMemberTypes.PublicConstructors' requirements. The field 'XREngine.GameMode._defaultPlayerPawnClass' does not have matching annotations. The source value must declare at least the same requirements as those declared on the target location it is assigned to. [d:\Documents\XRENGINE\XREngine\XREngine.csproj]
d:\Documents\XRENGINE\XREngine\Core\Files\JsonAsset.cs(22,20): warning IL2026: Using member 'Newtonsoft.Json.JsonConvert.SerializeObject(Object, Formatting)' which has 'RequiresUnreferencedCodeAttribute' can break functionality when trimming application code. Newtonsoft.Json relies on reflection over types that may be removed when trimming. [d:\Documents\XRENGINE\XREngine\XREngine.csproj]
d:\Documents\XRENGINE\XREngine\Core\Files\JsonAsset.cs(22,20): warning IL3050: Using member 'Newtonsoft.Json.JsonConvert.SerializeObject(Object, Formatting)' which has 'RequiresDynamicCodeAttribute' can break functionality when AOT compiling. Newtonsoft.Json relies on dynamically creating types that may not be available with Ahead of Time compilation. [d:\Documents\XRENGINE\XREngine\XREngine.csproj]
d:\Documents\XRENGINE\XREngine\Core\Files\JsonAsset.cs(22,20): warning IL2026: Using member 'Newtonsoft.Json.JsonConvert.SerializeObject(Object, Formatting)' which has 'RequiresUnreferencedCodeAttribute' can break functionality when trimming application code. Newtonsoft.Json relies on reflection over types that may be removed when trimming. [d:\Documents\XRENGINE\XREngine\XREngine.csproj]
d:\Documents\XRENGINE\XREngine\Core\Files\JsonAsset.cs(22,20): warning IL3050: Using member 'Newtonsoft.Json.JsonConvert.SerializeObject(Object, Formatting)' which has 'RequiresDynamicCodeAttribute' can break functionality when AOT compiling. Newtonsoft.Json relies on dynamically creating types that may not be available with Ahead of Time compilation. [d:\Documents\XRENGINE\XREngine\XREngine.csproj]
d:\Documents\XRENGINE\XREngine\Core\Files\JsonAsset.cs(27,39): warning IL2026: Using member 'Newtonsoft.Json.JsonConvert.SerializeObject(Object, Formatting)' which has 'RequiresUnreferencedCodeAttribute' can break functionality when trimming application code. Newtonsoft.Json relies on reflection over types that may be removed when trimming. [d:\Documents\XRENGINE\XREngine\XREngine.csproj]
d:\Documents\XRENGINE\XREngine\Core\Files\JsonAsset.cs(27,39): warning IL3050: Using member 'Newtonsoft.Json.JsonConvert.SerializeObject(Object, Formatting)' which has 'RequiresDynamicCodeAttribute' can break functionality when AOT compiling. Newtonsoft.Json relies on dynamically creating types that may not be available with Ahead of Time compilation. [d:\Documents\XRENGINE\XREngine\XREngine.csproj]
d:\Documents\XRENGINE\XREngine\Core\Files\JsonAsset.cs(61,63): warning IL2026: Using member 'Newtonsoft.Json.JsonConvert.DeserializeObject<T>(String)' which has 'RequiresUnreferencedCodeAttribute' can break functionality when trimming application code. Newtonsoft.Json relies on reflection over types that may be removed when trimming. [d:\Documents\XRENGINE\XREngine\XREngine.csproj]
d:\Documents\XRENGINE\XREngine\Core\Files\JsonAsset.cs(61,63): warning IL3050: Using member 'Newtonsoft.Json.JsonConvert.DeserializeObject<T>(String)' which has 'RequiresDynamicCodeAttribute' can break functionality when AOT compiling. Newtonsoft.Json relies on dynamically creating types that may not be available with Ahead of Time compilation. [d:\Documents\XRENGINE\XREngine\XREngine.csproj]
d:\Documents\XRENGINE\XREngine\Core\Files\JsonAsset.cs(16,20): warning IL2026: Using member 'Newtonsoft.Json.JsonConvert.SerializeObject(Object, Formatting)' which has 'RequiresUnreferencedCodeAttribute' can break functionality when trimming application code. Newtonsoft.Json relies on reflection over types that may be removed when trimming. [d:\Documents\XRENGINE\XREngine\XREngine.csproj]
d:\Documents\XRENGINE\XREngine\Core\Files\JsonAsset.cs(16,20): warning IL3050: Using member 'Newtonsoft.Json.JsonConvert.SerializeObject(Object, Formatting)' which has 'RequiresDynamicCodeAttribute' can break functionality when AOT compiling. Newtonsoft.Json relies on dynamically creating types that may not be available with Ahead of Time compilation. [d:\Documents\XRENGINE\XREngine\XREngine.csproj]
d:\Documents\XRENGINE\XREngine\Core\Engine\AssetManager.cs(1106,35): warning IL2091: 'T' generic argument does not satisfy 'DynamicallyAccessedMemberTypes.PublicMethods' in 'XREngine.AssetManager.DeserializeAssetFile<T>(String)'. The generic parameter 'T' of 'XREngine.AssetManager.TryLoadCachedAsset<T>(String, String, DateTime, out T)' does not have matching annotations. The source value must declare at least the same requirements as those declared on the target location it is assigned to. [d:\Documents\XRENGINE\XREngine\XREngine.csproj]
d:\Documents\XRENGINE\XREngine\Core\Engine\AssetManager.cs(901,27): warning IL3050: Using member 'YamlDotNet.Serialization.DeserializerBuilder.DeserializerBuilder()' which has 'RequiresDynamicCodeAttribute' can break functionality when AOT compiling. This builder configures the deserializer to use reflection which is not compatible with ahead-of-time compilation or assembly trimming. You need to use the code generator/analyzer to generate static code and use the 'StaticDeserializerBuilder' object instead of this one. [d:\Documents\XRENGINE\XREngine\XREngine.csproj]
d:\Documents\XRENGINE\XREngine\Core\Engine\AssetManager.cs(1157,41): warning IL2091: 'T' generic argument does not satisfy 'DynamicallyAccessedMemberTypes.PublicMethods' in 'XREngine.AssetManager.DeserializeAssetFileAsync<T>(String)'. The generic parameter 'T' of 'XREngine.AssetManager.TryLoadCachedAssetAsync<T>(String, String, DateTime)' does not have matching annotations. The source value must declare at least the same requirements as those declared on the target location it is assigned to. [d:\Documents\XRENGINE\XREngine\XREngine.csproj]
d:\Documents\XRENGINE\XREngine\Core\Files\JsonAsset.cs(81,43): warning IL2026: Using member 'Newtonsoft.Json.JsonConvert.SerializeObject(Object, Formatting)' which has 'RequiresUnreferencedCodeAttribute' can break functionality when trimming application code. Newtonsoft.Json relies on reflection over types that may be removed when trimming. [d:\Documents\XRENGINE\XREngine\XREngine.csproj]
d:\Documents\XRENGINE\XREngine\Core\Files\JsonAsset.cs(81,43): warning IL3050: Using member 'Newtonsoft.Json.JsonConvert.SerializeObject(Object, Formatting)' which has 'RequiresDynamicCodeAttribute' can break functionality when AOT compiling. Newtonsoft.Json relies on dynamically creating types that may not be available with Ahead of Time compilation. [d:\Documents\XRENGINE\XREngine\XREngine.csproj]
d:\Documents\XRENGINE\XREngine\Core\Engine\AssetManager.cs(1288,25): warning IL2067: 'type' argument does not satisfy 'DynamicallyAccessedMemberTypes.PublicParameterlessConstructor' in call to 'Extensions.TypeExtension.CreateInstance(Type)'. The parameter 'type' of method 'XREngine.AssetManager.Load3rdPartyAsset(String, String, Type)' does not have matching annotations. The source value must declare at least the same requirements as those declared on the target location it is assigned to. [d:\Documents\XRENGINE\XREngine\XREngine.csproj]
d:\Documents\XRENGINE\XREngine\Rendering\XRWorldObjectBase.cs(326,25): warning IL2075: 'this' argument does not satisfy 'DynamicallyAccessedMemberTypes.PublicProperties' in call to 'System.Type.GetProperties(BindingFlags)'. The return value of method 'System.Object.GetType()' does not have matching annotations. The source value must declare at least the same requirements as those declared on the target location it is assigned to. [d:\Documents\XRENGINE\XREngine\XREngine.csproj]
d:\Documents\XRENGINE\XREngine\Rendering\XRWorldObjectBase.cs(111,28): warning IL2026: Using member 'System.Reflection.Assembly.GetTypes()' which has 'RequiresUnreferencedCodeAttribute' can break functionality when trimming application code. Types might be removed. [d:\Documents\XRENGINE\XREngine\XREngine.csproj]
d:\Documents\XRENGINE\XREngine\Rendering\XRWorldObjectBase.cs(130,29): warning IL2070: 'this' argument does not satisfy 'DynamicallyAccessedMemberTypes.PublicProperties', 'DynamicallyAccessedMemberTypes.NonPublicProperties' in call to 'System.Type.GetProperties(BindingFlags)'. The parameter 't' of method 'TestType(Type)' does not have matching annotations. The source value must declare at least the same requirements as those declared on the target location it is assigned to. [d:\Documents\XRENGINE\XREngine\XREngine.csproj]
d:\Documents\XRENGINE\XREngine\Engine\Engine.State.cs(187,37): warning IL2070: 'this' argument does not satisfy 'DynamicallyAccessedMemberTypes.PublicConstructors' in call to 'System.Type.GetConstructor(Type[])'. The parameter 'controllerType' of method 'XREngine.Engine.State.InstantiateLocalPlayerController(Type, ELocalPlayerIndex)' does not have matching annotations. The source value must declare at least the same requirements as those declared on the target location it is assigned to. [d:\Documents\XRENGINE\XREngine\XREngine.csproj]
d:\Documents\XRENGINE\XREngine\Engine\Engine.State.cs(191,30): warning IL2067: 'type' argument does not satisfy 'DynamicallyAccessedMemberTypes.PublicParameterlessConstructor' in call to 'System.Activator.CreateInstance(Type)'. The parameter 'controllerType' of method 'XREngine.Engine.State.InstantiateLocalPlayerController(Type, ELocalPlayerIndex)' does not have matching annotations. The source value must declare at least the same requirements as those declared on the target location it is assigned to. [d:\Documents\XRENGINE\XREngine\XREngine.csproj]
d:\Documents\XRENGINE\XREngine\Scene\SceneNode.cs(583,17): warning IL2067: 't' argument does not satisfy 'DynamicallyAccessedMemberTypes.PublicConstructors', 'DynamicallyAccessedMemberTypes.NonPublicConstructors', 'DynamicallyAccessedMemberTypes.PublicProperties' in call to 'XREngine.Components.XRComponent.New(SceneNode, Type)'. The parameter 'type' of method 'XREngine.Scene.SceneNode.AddComponent(Type, String)' does not have matching annotations. The source value must declare at least the same requirements as those declared on the target location it is assigned to. [d:\Documents\XRENGINE\XREngine\XREngine.csproj]
d:\Documents\XRENGINE\XREngine\Engine\Engine.VRState.cs(632,41): warning IL2026: Using member 'System.Text.Json.JsonSerializer.Serialize<TValue>(TValue, JsonSerializerOptions)' which has 'RequiresUnreferencedCodeAttribute' can break functionality when trimming application code. JSON serialization and deserialization might require types that cannot be statically analyzed. Use the overload that takes a JsonTypeInfo or JsonSerializerContext, or make sure all of the required types are preserved. [d:\Documents\XRENGINE\XREngine\XREngine.csproj]
d:\Documents\XRENGINE\XREngine\Engine\Engine.VRState.cs(632,41): warning IL3050: Using member 'System.Text.Json.JsonSerializer.Serialize<TValue>(TValue, JsonSerializerOptions)' which has 'RequiresDynamicCodeAttribute' can break functionality when AOT compiling. JSON serialization and deserialization might require types that cannot be statically analyzed and might need runtime code generation. Use System.Text.Json source generation for native AOT applications. [d:\Documents\XRENGINE\XREngine\XREngine.csproj]
d:\Documents\XRENGINE\XREngine\Scene\Components\Audio\Converters\MicrophoneComponent.ElevenLabsConverter.cs(218,49): warning IL2026: Using member 'System.Text.Json.JsonSerializer.Serialize<TValue>(TValue, JsonSerializerOptions)' which has 'RequiresUnreferencedCodeAttribute' can break functionality when trimming application code. JSON serialization and deserialization might require types that cannot be statically analyzed. Use the overload that takes a JsonTypeInfo or JsonSerializerContext, or make sure all of the required types are preserved. [d:\Documents\XRENGINE\XREngine\XREngine.csproj]
d:\Documents\XRENGINE\XREngine\Scene\Components\Audio\Converters\MicrophoneComponent.ElevenLabsConverter.cs(218,49): warning IL3050: Using member 'System.Text.Json.JsonSerializer.Serialize<TValue>(TValue, JsonSerializerOptions)' which has 'RequiresDynamicCodeAttribute' can break functionality when AOT compiling. JSON serialization and deserialization might require types that cannot be statically analyzed and might need runtime code generation. Use System.Text.Json source generation for native AOT applications. [d:\Documents\XRENGINE\XREngine\XREngine.csproj]
d:\Documents\XRENGINE\XREngine\Rendering\API\Rendering\Objects\Meshes\XRMesh.BufferCollection.cs(134,76): warning IL2091: 'T' generic argument does not satisfy 'DynamicallyAccessedMemberTypes.PublicConstructors', 'DynamicallyAccessedMemberTypes.NonPublicConstructors' in 'XREngine.Rendering.XRDataBuffer.GetDataRaw<T>(out T[], Boolean)'. The generic parameter 'T' of 'XREngine.Rendering.XRMesh.BufferCollection.GetBufferRaw<T>(String, out T[], Boolean)' does not have matching annotations. The source value must declare at least the same requirements as those declared on the target location it is assigned to. [d:\Documents\XRENGINE\XREngine\XREngine.csproj]
d:\Documents\XRENGINE\XREngine\Rendering\API\XRWindow.cs(54,33): warning IL2026: Using member 'Newtonsoft.Json.JsonConvert.SerializeObject(Object)' which has 'RequiresUnreferencedCodeAttribute' can break functionality when trimming application code. Newtonsoft.Json relies on reflection over types that may be removed when trimming. [d:\Documents\XRENGINE\XREngine\XREngine.csproj]
d:\Documents\XRENGINE\XREngine\Rendering\API\XRWindow.cs(54,33): warning IL3050: Using member 'Newtonsoft.Json.JsonConvert.SerializeObject(Object)' which has 'RequiresDynamicCodeAttribute' can break functionality when AOT compiling. Newtonsoft.Json relies on dynamically creating types that may not be available with Ahead of Time compilation. [d:\Documents\XRENGINE\XREngine\XREngine.csproj]
d:\Documents\XRENGINE\XREngine\Scene\Components\Audio\STT\Providers\AssemblyAISTTProvider.cs(40,38): warning IL2026: Using member 'System.Text.Json.JsonSerializer.Deserialize<TValue>(String, JsonSerializerOptions)' which has 'RequiresUnreferencedCodeAttribute' can break functionality when trimming application code. JSON serialization and deserialization might require types that cannot be statically analyzed. Use the overload that takes a JsonTypeInfo or JsonSerializerContext, or make sure all of the required types are preserved. [d:\Documents\XRENGINE\XREngine\XREngine.csproj]
d:\Documents\XRENGINE\XREngine\Scene\Components\Audio\STT\Providers\AssemblyAISTTProvider.cs(40,38): warning IL3050: Using member 'System.Text.Json.JsonSerializer.Deserialize<TValue>(String, JsonSerializerOptions)' which has 'RequiresDynamicCodeAttribute' can break functionality when AOT compiling. JSON serialization and deserialization might require types that cannot be statically analyzed and might need runtime code generation. Use System.Text.Json source generation for native AOT applications. [d:\Documents\XRENGINE\XREngine\XREngine.csproj]
d:\Documents\XRENGINE\XREngine\Scene\Components\Audio\STT\Providers\AssemblyAISTTProvider.cs(62,62): warning IL2026: Using member 'System.Text.Json.JsonSerializer.Serialize<TValue>(TValue, JsonSerializerOptions)' which has 'RequiresUnreferencedCodeAttribute' can break functionality when trimming application code. JSON serialization and deserialization might require types that cannot be statically analyzed. Use the overload that takes a JsonTypeInfo or JsonSerializerContext, or make sure all of the required types are preserved. [d:\Documents\XRENGINE\XREngine\XREngine.csproj]
d:\Documents\XRENGINE\XREngine\Scene\Components\Audio\STT\Providers\AssemblyAISTTProvider.cs(62,62): warning IL3050: Using member 'System.Text.Json.JsonSerializer.Serialize<TValue>(TValue, JsonSerializerOptions)' which has 'RequiresDynamicCodeAttribute' can break functionality when AOT compiling. JSON serialization and deserialization might require types that cannot be statically analyzed and might need runtime code generation. Use System.Text.Json source generation for native AOT applications. [d:\Documents\XRENGINE\XREngine\XREngine.csproj]
d:\Documents\XRENGINE\XREngine\Scene\Components\Audio\STT\Providers\AssemblyAISTTProvider.cs(70,43): warning IL2026: Using member 'System.Text.Json.JsonSerializer.Deserialize<TValue>(String, JsonSerializerOptions)' which has 'RequiresUnreferencedCodeAttribute' can break functionality when trimming application code. JSON serialization and deserialization might require types that cannot be statically analyzed. Use the overload that takes a JsonTypeInfo or JsonSerializerContext, or make sure all of the required types are preserved. [d:\Documents\XRENGINE\XREngine\XREngine.csproj]
d:\Documents\XRENGINE\XREngine\Scene\Components\Audio\STT\Providers\AssemblyAISTTProvider.cs(70,43): warning IL3050: Using member 'System.Text.Json.JsonSerializer.Deserialize<TValue>(String, JsonSerializerOptions)' which has 'RequiresDynamicCodeAttribute' can break functionality when AOT compiling. JSON serialization and deserialization might require types that cannot be statically analyzed and might need runtime code generation. Use System.Text.Json source generation for native AOT applications. [d:\Documents\XRENGINE\XREngine\XREngine.csproj]
d:\Documents\XRENGINE\XREngine\Scene\Components\Audio\STT\Providers\AssemblyAISTTProvider.cs(85,40): warning IL2026: Using member 'System.Text.Json.JsonSerializer.Deserialize<TValue>(String, JsonSerializerOptions)' which has 'RequiresUnreferencedCodeAttribute' can break functionality when trimming application code. JSON serialization and deserialization might require types that cannot be statically analyzed. Use the overload that takes a JsonTypeInfo or JsonSerializerContext, or make sure all of the required types are preserved. [d:\Documents\XRENGINE\XREngine\XREngine.csproj]
d:\Documents\XRENGINE\XREngine\Scene\Components\Audio\STT\Providers\AssemblyAISTTProvider.cs(85,40): warning IL3050: Using member 'System.Text.Json.JsonSerializer.Deserialize<TValue>(String, JsonSerializerOptions)' which has 'RequiresDynamicCodeAttribute' can break functionality when AOT compiling. JSON serialization and deserialization might require types that cannot be statically analyzed and might need runtime code generation. Use System.Text.Json source generation for native AOT applications. [d:\Documents\XRENGINE\XREngine\XREngine.csproj]
d:\Documents\XRENGINE\XREngine\Scene\Components\Audio\STT\Providers\AzureSTTProvider.cs(41,30): warning IL2026: Using member 'System.Text.Json.JsonSerializer.Deserialize<TValue>(String, JsonSerializerOptions)' which has 'RequiresUnreferencedCodeAttribute' can break functionality when trimming application code. JSON serialization and deserialization might require types that cannot be statically analyzed. Use the overload that takes a JsonTypeInfo or JsonSerializerContext, or make sure all of the required types are preserved. [d:\Documents\XRENGINE\XREngine\XREngine.csproj]
d:\Documents\XRENGINE\XREngine\Scene\Components\Audio\STT\Providers\AzureSTTProvider.cs(41,30): warning IL3050: Using member 'System.Text.Json.JsonSerializer.Deserialize<TValue>(String, JsonSerializerOptions)' which has 'RequiresDynamicCodeAttribute' can break functionality when AOT compiling. JSON serialization and deserialization might require types that cannot be statically analyzed and might need runtime code generation. Use System.Text.Json source generation for native AOT applications. [d:\Documents\XRENGINE\XREngine\XREngine.csproj]
d:\Documents\XRENGINE\XREngine\Rendering\API\Rendering\Objects\Textures\2D\XRTexture2D.cs(1035,13): warning IL2026: Using member 'XREngine.Core.Files.CookedBinaryWriter.WriteValue(Object)' which has 'RequiresUnreferencedCodeAttribute' can break functionality when trimming application code. Cooked binary serialization relies on reflection and cannot be statically analyzed for trimming or AOT. [d:\Documents\XRENGINE\XREngine\XREngine.csproj]
d:\Documents\XRENGINE\XREngine\Rendering\API\Rendering\Objects\Textures\2D\XRTexture2D.cs(1035,13): warning IL3050: Using member 'XREngine.Core.Files.CookedBinaryWriter.WriteValue(Object)' which has 'RequiresDynamicCodeAttribute' can break functionality when AOT compiling. Cooked binary serialization relies on reflection and cannot be statically analyzed for trimming or AOT. [d:\Documents\XRENGINE\XREngine\XREngine.csproj]
d:\Documents\XRENGINE\XREngine\Rendering\API\Rendering\Objects\Textures\2D\XRTexture2D.cs(1041,17): warning IL2026: Using member 'XREngine.Core.Files.CookedBinaryWriter.WriteValue(Object)' which has 'RequiresUnreferencedCodeAttribute' can break functionality when trimming application code. Cooked binary serialization relies on reflection and cannot be statically analyzed for trimming or AOT. [d:\Documents\XRENGINE\XREngine\XREngine.csproj]
d:\Documents\XRENGINE\XREngine\Rendering\API\Rendering\Objects\Textures\2D\XRTexture2D.cs(1041,17): warning IL3050: Using member 'XREngine.Core.Files.CookedBinaryWriter.WriteValue(Object)' which has 'RequiresDynamicCodeAttribute' can break functionality when AOT compiling. Cooked binary serialization relies on reflection and cannot be statically analyzed for trimming or AOT. [d:\Documents\XRENGINE\XREngine\XREngine.csproj]
d:\Documents\XRENGINE\XREngine\Rendering\API\Rendering\Objects\Textures\2D\XRTexture2D.cs(1042,17): warning IL2026: Using member 'XREngine.Core.Files.CookedBinaryWriter.WriteValue(Object)' which has 'RequiresUnreferencedCodeAttribute' can break functionality when trimming application code. Cooked binary serialization relies on reflection and cannot be statically analyzed for trimming or AOT. [d:\Documents\XRENGINE\XREngine\XREngine.csproj]
d:\Documents\XRENGINE\XREngine\Rendering\API\Rendering\Objects\Textures\2D\XRTexture2D.cs(1042,17): warning IL3050: Using member 'XREngine.Core.Files.CookedBinaryWriter.WriteValue(Object)' which has 'RequiresDynamicCodeAttribute' can break functionality when AOT compiling. Cooked binary serialization relies on reflection and cannot be statically analyzed for trimming or AOT. [d:\Documents\XRENGINE\XREngine\XREngine.csproj]
d:\Documents\XRENGINE\XREngine\Rendering\API\Rendering\Objects\Textures\2D\XRTexture2D.cs(1043,17): warning IL2026: Using member 'XREngine.Core.Files.CookedBinaryWriter.WriteValue(Object)' which has 'RequiresUnreferencedCodeAttribute' can break functionality when trimming application code. Cooked binary serialization relies on reflection and cannot be statically analyzed for trimming or AOT. [d:\Documents\XRENGINE\XREngine\XREngine.csproj]
d:\Documents\XRENGINE\XREngine\Rendering\API\Rendering\Objects\Textures\2D\XRTexture2D.cs(1043,17): warning IL3050: Using member 'XREngine.Core.Files.CookedBinaryWriter.WriteValue(Object)' which has 'RequiresDynamicCodeAttribute' can break functionality when AOT compiling. Cooked binary serialization relies on reflection and cannot be statically analyzed for trimming or AOT. [d:\Documents\XRENGINE\XREngine\XREngine.csproj]
d:\Documents\XRENGINE\XREngine\Rendering\API\Rendering\Objects\Textures\2D\XRTexture2D.cs(1044,17): warning IL2026: Using member 'XREngine.Core.Files.CookedBinaryWriter.WriteValue(Object)' which has 'RequiresUnreferencedCodeAttribute' can break functionality when trimming application code. Cooked binary serialization relies on reflection and cannot be statically analyzed for trimming or AOT. [d:\Documents\XRENGINE\XREngine\XREngine.csproj]
d:\Documents\XRENGINE\XREngine\Rendering\API\Rendering\Objects\Textures\2D\XRTexture2D.cs(1044,17): warning IL3050: Using member 'XREngine.Core.Files.CookedBinaryWriter.WriteValue(Object)' which has 'RequiresDynamicCodeAttribute' can break functionality when AOT compiling. Cooked binary serialization relies on reflection and cannot be statically analyzed for trimming or AOT. [d:\Documents\XRENGINE\XREngine\XREngine.csproj]
d:\Documents\XRENGINE\XREngine\Rendering\API\Rendering\Objects\Textures\2D\XRTexture2D.cs(1045,17): warning IL2026: Using member 'XREngine.Core.Files.CookedBinaryWriter.WriteValue(Object)' which has 'RequiresUnreferencedCodeAttribute' can break functionality when trimming application code. Cooked binary serialization relies on reflection and cannot be statically analyzed for trimming or AOT. [d:\Documents\XRENGINE\XREngine\XREngine.csproj]
d:\Documents\XRENGINE\XREngine\Rendering\API\Rendering\Objects\Textures\2D\XRTexture2D.cs(1045,17): warning IL3050: Using member 'XREngine.Core.Files.CookedBinaryWriter.WriteValue(Object)' which has 'RequiresDynamicCodeAttribute' can break functionality when AOT compiling. Cooked binary serialization relies on reflection and cannot be statically analyzed for trimming or AOT. [d:\Documents\XRENGINE\XREngine\XREngine.csproj]
d:\Documents\XRENGINE\XREngine\Rendering\API\Rendering\Objects\Textures\2D\XRTexture2D.cs(1046,17): warning IL2026: Using member 'XREngine.Core.Files.CookedBinaryWriter.WriteValue(Object)' which has 'RequiresUnreferencedCodeAttribute' can break functionality when trimming application code. Cooked binary serialization relies on reflection and cannot be statically analyzed for trimming or AOT. [d:\Documents\XRENGINE\XREngine\XREngine.csproj]
d:\Documents\XRENGINE\XREngine\Rendering\API\Rendering\Objects\Textures\2D\XRTexture2D.cs(1046,17): warning IL3050: Using member 'XREngine.Core.Files.CookedBinaryWriter.WriteValue(Object)' which has 'RequiresDynamicCodeAttribute' can break functionality when AOT compiling. Cooked binary serialization relies on reflection and cannot be statically analyzed for trimming or AOT. [d:\Documents\XRENGINE\XREngine\XREngine.csproj]
d:\Documents\XRENGINE\XREngine\Rendering\API\Rendering\Objects\Textures\2D\XRTexture2D.cs(1064,33): warning IL2026: Using member 'XREngine.Core.Files.CookedBinaryReader.ReadValue<T>()' which has 'RequiresUnreferencedCodeAttribute' can break functionality when trimming application code. Cooked binary serialization relies on reflection and cannot be statically analyzed for trimming or AOT. [d:\Documents\XRENGINE\XREngine\XREngine.csproj]
d:\Documents\XRENGINE\XREngine\Rendering\API\Rendering\Objects\Textures\2D\XRTexture2D.cs(1064,33): warning IL3050: Using member 'XREngine.Core.Files.CookedBinaryReader.ReadValue<T>()' which has 'RequiresDynamicCodeAttribute' can break functionality when AOT compiling. Cooked binary serialization relies on reflection and cannot be statically analyzed for trimming or AOT. [d:\Documents\XRENGINE\XREngine\XREngine.csproj]
d:\Documents\XRENGINE\XREngine\Rendering\API\Rendering\Objects\Textures\2D\XRTexture2D.cs(1083,13): warning IL2026: Using member 'XREngine.Core.Files.CookedBinaryWriter.WriteValue(Object)' which has 'RequiresUnreferencedCodeAttribute' can break functionality when trimming application code. Cooked binary serialization relies on reflection and cannot be statically analyzed for trimming or AOT. [d:\Documents\XRENGINE\XREngine\XREngine.csproj]
d:\Documents\XRENGINE\XREngine\Rendering\API\Rendering\Objects\Textures\2D\XRTexture2D.cs(1083,13): warning IL3050: Using member 'XREngine.Core.Files.CookedBinaryWriter.WriteValue(Object)' which has 'RequiresDynamicCodeAttribute' can break functionality when AOT compiling. Cooked binary serialization relies on reflection and cannot be statically analyzed for trimming or AOT. [d:\Documents\XRENGINE\XREngine\XREngine.csproj]
d:\Documents\XRENGINE\XREngine\Rendering\API\Rendering\Objects\Textures\2D\XRTexture2D.cs(1087,13): warning IL2026: Using member 'XREngine.Core.Files.CookedBinaryWriter.WriteValue(Object)' which has 'RequiresUnreferencedCodeAttribute' can break functionality when trimming application code. Cooked binary serialization relies on reflection and cannot be statically analyzed for trimming or AOT. [d:\Documents\XRENGINE\XREngine\XREngine.csproj]
d:\Documents\XRENGINE\XREngine\Rendering\API\Rendering\Objects\Textures\2D\XRTexture2D.cs(1087,13): warning IL3050: Using member 'XREngine.Core.Files.CookedBinaryWriter.WriteValue(Object)' which has 'RequiresDynamicCodeAttribute' can break functionality when AOT compiling. Cooked binary serialization relies on reflection and cannot be statically analyzed for trimming or AOT. [d:\Documents\XRENGINE\XREngine\XREngine.csproj]
d:\Documents\XRENGINE\XREngine\Rendering\API\Rendering\Objects\Textures\2D\XRTexture2D.cs(1115,24): warning IL2026: Using member 'XREngine.Core.Files.CookedBinaryReader.ReadValue<T>()' which has 'RequiresUnreferencedCodeAttribute' can break functionality when trimming application code. Cooked binary serialization relies on reflection and cannot be statically analyzed for trimming or AOT. [d:\Documents\XRENGINE\XREngine\XREngine.csproj]
d:\Documents\XRENGINE\XREngine\Rendering\API\Rendering\Objects\Textures\2D\XRTexture2D.cs(1115,24): warning IL3050: Using member 'XREngine.Core.Files.CookedBinaryReader.ReadValue<T>()' which has 'RequiresDynamicCodeAttribute' can break functionality when AOT compiling. Cooked binary serialization relies on reflection and cannot be statically analyzed for trimming or AOT. [d:\Documents\XRENGINE\XREngine\XREngine.csproj]
d:\Documents\XRENGINE\XREngine\Rendering\API\Rendering\Objects\Textures\2D\XRTexture2D.cs(1088,13): warning IL2026: Using member 'XREngine.Core.Files.CookedBinaryWriter.WriteValue(Object)' which has 'RequiresUnreferencedCodeAttribute' can break functionality when trimming application code. Cooked binary serialization relies on reflection and cannot be statically analyzed for trimming or AOT. [d:\Documents\XRENGINE\XREngine\XREngine.csproj]
d:\Documents\XRENGINE\XREngine\Rendering\API\Rendering\Objects\Textures\2D\XRTexture2D.cs(1088,13): warning IL3050: Using member 'XREngine.Core.Files.CookedBinaryWriter.WriteValue(Object)' which has 'RequiresDynamicCodeAttribute' can break functionality when AOT compiling. Cooked binary serialization relies on reflection and cannot be statically analyzed for trimming or AOT. [d:\Documents\XRENGINE\XREngine\XREngine.csproj]
d:\Documents\XRENGINE\XREngine\Rendering\API\Rendering\Objects\Textures\2D\XRTexture2D.cs(1089,13): warning IL2026: Using member 'XREngine.Core.Files.CookedBinaryWriter.WriteValue(Object)' which has 'RequiresUnreferencedCodeAttribute' can break functionality when trimming application code. Cooked binary serialization relies on reflection and cannot be statically analyzed for trimming or AOT. [d:\Documents\XRENGINE\XREngine\XREngine.csproj]
d:\Documents\XRENGINE\XREngine\Rendering\API\Rendering\Objects\Textures\2D\XRTexture2D.cs(1089,13): warning IL3050: Using member 'XREngine.Core.Files.CookedBinaryWriter.WriteValue(Object)' which has 'RequiresDynamicCodeAttribute' can break functionality when AOT compiling. Cooked binary serialization relies on reflection and cannot be statically analyzed for trimming or AOT. [d:\Documents\XRENGINE\XREngine\XREngine.csproj]
d:\Documents\XRENGINE\XREngine\Rendering\API\Rendering\Objects\Textures\2D\XRTexture2D.cs(1090,13): warning IL2026: Using member 'XREngine.Core.Files.CookedBinaryWriter.WriteValue(Object)' which has 'RequiresUnreferencedCodeAttribute' can break functionality when trimming application code. Cooked binary serialization relies on reflection and cannot be statically analyzed for trimming or AOT. [d:\Documents\XRENGINE\XREngine\XREngine.csproj]
d:\Documents\XRENGINE\XREngine\Rendering\API\Rendering\Objects\Textures\2D\XRTexture2D.cs(1090,13): warning IL3050: Using member 'XREngine.Core.Files.CookedBinaryWriter.WriteValue(Object)' which has 'RequiresDynamicCodeAttribute' can break functionality when AOT compiling. Cooked binary serialization relies on reflection and cannot be statically analyzed for trimming or AOT. [d:\Documents\XRENGINE\XREngine\XREngine.csproj]
d:\Documents\XRENGINE\XREngine\Rendering\API\Rendering\Objects\Textures\2D\XRTexture2D.cs(1091,13): warning IL2026: Using member 'XREngine.Core.Files.CookedBinaryWriter.WriteValue(Object)' which has 'RequiresUnreferencedCodeAttribute' can break functionality when trimming application code. Cooked binary serialization relies on reflection and cannot be statically analyzed for trimming or AOT. [d:\Documents\XRENGINE\XREngine\XREngine.csproj]
d:\Documents\XRENGINE\XREngine\Rendering\API\Rendering\Objects\Textures\2D\XRTexture2D.cs(1091,13): warning IL3050: Using member 'XREngine.Core.Files.CookedBinaryWriter.WriteValue(Object)' which has 'RequiresDynamicCodeAttribute' can break functionality when AOT compiling. Cooked binary serialization relies on reflection and cannot be statically analyzed for trimming or AOT. [d:\Documents\XRENGINE\XREngine\XREngine.csproj]
d:\Documents\XRENGINE\XREngine\Rendering\API\Rendering\Objects\Textures\2D\XRTexture2D.cs(1092,13): warning IL2026: Using member 'XREngine.Core.Files.CookedBinaryWriter.WriteValue(Object)' which has 'RequiresUnreferencedCodeAttribute' can break functionality when trimming application code. Cooked binary serialization relies on reflection and cannot be statically analyzed for trimming or AOT. [d:\Documents\XRENGINE\XREngine\XREngine.csproj]
d:\Documents\XRENGINE\XREngine\Rendering\API\Rendering\Objects\Textures\2D\XRTexture2D.cs(1092,13): warning IL3050: Using member 'XREngine.Core.Files.CookedBinaryWriter.WriteValue(Object)' which has 'RequiresDynamicCodeAttribute' can break functionality when AOT compiling. Cooked binary serialization relies on reflection and cannot be statically analyzed for trimming or AOT. [d:\Documents\XRENGINE\XREngine\XREngine.csproj]
d:\Documents\XRENGINE\XREngine\Rendering\API\Rendering\Objects\Textures\2D\XRTexture2D.cs(1093,13): warning IL2026: Using member 'XREngine.Core.Files.CookedBinaryWriter.WriteValue(Object)' which has 'RequiresUnreferencedCodeAttribute' can break functionality when trimming application code. Cooked binary serialization relies on reflection and cannot be statically analyzed for trimming or AOT. [d:\Documents\XRENGINE\XREngine\XREngine.csproj]
d:\Documents\XRENGINE\XREngine\Rendering\API\Rendering\Objects\Textures\2D\XRTexture2D.cs(1093,13): warning IL3050: Using member 'XREngine.Core.Files.CookedBinaryWriter.WriteValue(Object)' which has 'RequiresDynamicCodeAttribute' can break functionality when AOT compiling. Cooked binary serialization relies on reflection and cannot be statically analyzed for trimming or AOT. [d:\Documents\XRENGINE\XREngine\XREngine.csproj]
d:\Documents\XRENGINE\XREngine\Rendering\API\Rendering\Objects\Textures\2D\XRTexture2D.cs(1121,25): warning IL2026: Using member 'XREngine.Core.Files.CookedBinarySerializer.CalculateSize(Object, CookedBinarySerializationCallbacks)' which has 'RequiresUnreferencedCodeAttribute' can break functionality when trimming application code. Cooked binary serialization relies on reflection and cannot be statically analyzed for trimming or AOT. [d:\Documents\XRENGINE\XREngine\XREngine.csproj]
d:\Documents\XRENGINE\XREngine\Rendering\API\Rendering\Objects\Textures\2D\XRTexture2D.cs(1121,25): warning IL3050: Using member 'XREngine.Core.Files.CookedBinarySerializer.CalculateSize(Object, CookedBinarySerializationCallbacks)' which has 'RequiresDynamicCodeAttribute' can break functionality when AOT compiling. Cooked binary serialization relies on reflection and cannot be statically analyzed for trimming or AOT. [d:\Documents\XRENGINE\XREngine\XREngine.csproj]
d:\Documents\XRENGINE\XREngine\Rendering\API\Rendering\Objects\Textures\2D\XRTexture2D.cs(1125,21): warning IL2026: Using member 'XREngine.Core.Files.CookedBinarySerializer.CalculateSize(Object, CookedBinarySerializationCallbacks)' which has 'RequiresUnreferencedCodeAttribute' can break functionality when trimming application code. Cooked binary serialization relies on reflection and cannot be statically analyzed for trimming or AOT. [d:\Documents\XRENGINE\XREngine\XREngine.csproj]
d:\Documents\XRENGINE\XREngine\Rendering\API\Rendering\Objects\Textures\2D\XRTexture2D.cs(1125,21): warning IL3050: Using member 'XREngine.Core.Files.CookedBinarySerializer.CalculateSize(Object, CookedBinarySerializationCallbacks)' which has 'RequiresDynamicCodeAttribute' can break functionality when AOT compiling. Cooked binary serialization relies on reflection and cannot be statically analyzed for trimming or AOT. [d:\Documents\XRENGINE\XREngine\XREngine.csproj]
d:\Documents\XRENGINE\XREngine\Rendering\API\Rendering\Objects\Textures\2D\XRTexture2D.cs(1126,21): warning IL2026: Using member 'XREngine.Core.Files.CookedBinarySerializer.CalculateSize(Object, CookedBinarySerializationCallbacks)' which has 'RequiresUnreferencedCodeAttribute' can break functionality when trimming application code. Cooked binary serialization relies on reflection and cannot be statically analyzed for trimming or AOT. [d:\Documents\XRENGINE\XREngine\XREngine.csproj]
d:\Documents\XRENGINE\XREngine\Rendering\API\Rendering\Objects\Textures\2D\XRTexture2D.cs(1126,21): warning IL3050: Using member 'XREngine.Core.Files.CookedBinarySerializer.CalculateSize(Object, CookedBinarySerializationCallbacks)' which has 'RequiresDynamicCodeAttribute' can break functionality when AOT compiling. Cooked binary serialization relies on reflection and cannot be statically analyzed for trimming or AOT. [d:\Documents\XRENGINE\XREngine\XREngine.csproj]
d:\Documents\XRENGINE\XREngine\Rendering\API\Rendering\Objects\Textures\2D\XRTexture2D.cs(1127,21): warning IL2026: Using member 'XREngine.Core.Files.CookedBinarySerializer.CalculateSize(Object, CookedBinarySerializationCallbacks)' which has 'RequiresUnreferencedCodeAttribute' can break functionality when trimming application code. Cooked binary serialization relies on reflection and cannot be statically analyzed for trimming or AOT. [d:\Documents\XRENGINE\XREngine\XREngine.csproj]
d:\Documents\XRENGINE\XREngine\Rendering\API\Rendering\Objects\Textures\2D\XRTexture2D.cs(1127,21): warning IL3050: Using member 'XREngine.Core.Files.CookedBinarySerializer.CalculateSize(Object, CookedBinarySerializationCallbacks)' which has 'RequiresDynamicCodeAttribute' can break functionality when AOT compiling. Cooked binary serialization relies on reflection and cannot be statically analyzed for trimming or AOT. [d:\Documents\XRENGINE\XREngine\XREngine.csproj]
d:\Documents\XRENGINE\XREngine\Rendering\API\Rendering\Objects\Textures\2D\XRTexture2D.cs(1128,21): warning IL2026: Using member 'XREngine.Core.Files.CookedBinarySerializer.CalculateSize(Object, CookedBinarySerializationCallbacks)' which has 'RequiresUnreferencedCodeAttribute' can break functionality when trimming application code. Cooked binary serialization relies on reflection and cannot be statically analyzed for trimming or AOT. [d:\Documents\XRENGINE\XREngine\XREngine.csproj]
d:\Documents\XRENGINE\XREngine\Rendering\API\Rendering\Objects\Textures\2D\XRTexture2D.cs(1128,21): warning IL3050: Using member 'XREngine.Core.Files.CookedBinarySerializer.CalculateSize(Object, CookedBinarySerializationCallbacks)' which has 'RequiresDynamicCodeAttribute' can break functionality when AOT compiling. Cooked binary serialization relies on reflection and cannot be statically analyzed for trimming or AOT. [d:\Documents\XRENGINE\XREngine\XREngine.csproj]
d:\Documents\XRENGINE\XREngine\Rendering\API\Rendering\Objects\Textures\2D\XRTexture2D.cs(1129,21): warning IL2026: Using member 'XREngine.Core.Files.CookedBinarySerializer.CalculateSize(Object, CookedBinarySerializationCallbacks)' which has 'RequiresUnreferencedCodeAttribute' can break functionality when trimming application code. Cooked binary serialization relies on reflection and cannot be statically analyzed for trimming or AOT. [d:\Documents\XRENGINE\XREngine\XREngine.csproj]
d:\Documents\XRENGINE\XREngine\Rendering\API\Rendering\Objects\Textures\2D\XRTexture2D.cs(1129,21): warning IL3050: Using member 'XREngine.Core.Files.CookedBinarySerializer.CalculateSize(Object, CookedBinarySerializationCallbacks)' which has 'RequiresDynamicCodeAttribute' can break functionality when AOT compiling. Cooked binary serialization relies on reflection and cannot be statically analyzed for trimming or AOT. [d:\Documents\XRENGINE\XREngine\XREngine.csproj]
d:\Documents\XRENGINE\XREngine\Rendering\API\Rendering\Objects\Textures\2D\XRTexture2D.cs(1130,21): warning IL2026: Using member 'XREngine.Core.Files.CookedBinarySerializer.CalculateSize(Object, CookedBinarySerializationCallbacks)' which has 'RequiresUnreferencedCodeAttribute' can break functionality when trimming application code. Cooked binary serialization relies on reflection and cannot be statically analyzed for trimming or AOT. [d:\Documents\XRENGINE\XREngine\XREngine.csproj]
d:\Documents\XRENGINE\XREngine\Rendering\API\Rendering\Objects\Textures\2D\XRTexture2D.cs(1130,21): warning IL3050: Using member 'XREngine.Core.Files.CookedBinarySerializer.CalculateSize(Object, CookedBinarySerializationCallbacks)' which has 'RequiresDynamicCodeAttribute' can break functionality when AOT compiling. Cooked binary serialization relies on reflection and cannot be statically analyzed for trimming or AOT. [d:\Documents\XRENGINE\XREngine\XREngine.csproj]
d:\Documents\XRENGINE\XREngine\Rendering\API\Rendering\Objects\Textures\2D\XRTexture2D.cs(1131,21): warning IL2026: Using member 'XREngine.Core.Files.CookedBinarySerializer.CalculateSize(Object, CookedBinarySerializationCallbacks)' which has 'RequiresUnreferencedCodeAttribute' can break functionality when trimming application code. Cooked binary serialization relies on reflection and cannot be statically analyzed for trimming or AOT. [d:\Documents\XRENGINE\XREngine\XREngine.csproj]
d:\Documents\XRENGINE\XREngine\Rendering\API\Rendering\Objects\Textures\2D\XRTexture2D.cs(1131,21): warning IL3050: Using member 'XREngine.Core.Files.CookedBinarySerializer.CalculateSize(Object, CookedBinarySerializationCallbacks)' which has 'RequiresDynamicCodeAttribute' can break functionality when AOT compiling. Cooked binary serialization relies on reflection and cannot be statically analyzed for trimming or AOT. [d:\Documents\XRENGINE\XREngine\XREngine.csproj]
d:\Documents\XRENGINE\XREngine\Scene\Components\Audio\STT\Providers\DeepgramSTTProvider.cs(40,30): warning IL2026: Using member 'System.Text.Json.JsonSerializer.Deserialize<TValue>(String, JsonSerializerOptions)' which has 'RequiresUnreferencedCodeAttribute' can break functionality when trimming application code. JSON serialization and deserialization might require types that cannot be statically analyzed. Use the overload that takes a JsonTypeInfo or JsonSerializerContext, or make sure all of the required types are preserved. [d:\Documents\XRENGINE\XREngine\XREngine.csproj]
d:\Documents\XRENGINE\XREngine\Scene\Components\Audio\STT\Providers\DeepgramSTTProvider.cs(40,30): warning IL3050: Using member 'System.Text.Json.JsonSerializer.Deserialize<TValue>(String, JsonSerializerOptions)' which has 'RequiresDynamicCodeAttribute' can break functionality when AOT compiling. JSON serialization and deserialization might require types that cannot be statically analyzed and might need runtime code generation. Use System.Text.Json source generation for native AOT applications. [d:\Documents\XRENGINE\XREngine\XREngine.csproj]
d:\Documents\XRENGINE\XREngine\Rendering\API\Rendering\Objects\Textures\2D\XRTexture2D.cs(1137,25): warning IL2026: Using member 'XREngine.Core.Files.CookedBinarySerializer.CalculateSize(Object, CookedBinarySerializationCallbacks)' which has 'RequiresUnreferencedCodeAttribute' can break functionality when trimming application code. Cooked binary serialization relies on reflection and cannot be statically analyzed for trimming or AOT. [d:\Documents\XRENGINE\XREngine\XREngine.csproj]
d:\Documents\XRENGINE\XREngine\Rendering\API\Rendering\Objects\Textures\2D\XRTexture2D.cs(1137,25): warning IL3050: Using member 'XREngine.Core.Files.CookedBinarySerializer.CalculateSize(Object, CookedBinarySerializationCallbacks)' which has 'RequiresDynamicCodeAttribute' can break functionality when AOT compiling. Cooked binary serialization relies on reflection and cannot be statically analyzed for trimming or AOT. [d:\Documents\XRENGINE\XREngine\XREngine.csproj]
d:\Documents\XRENGINE\XREngine\Rendering\API\Rendering\Objects\Textures\2D\XRTexture2D.cs(1143,25): warning IL2026: Using member 'XREngine.Core.Files.CookedBinarySerializer.CalculateSize(Object, CookedBinarySerializationCallbacks)' which has 'RequiresUnreferencedCodeAttribute' can break functionality when trimming application code. Cooked binary serialization relies on reflection and cannot be statically analyzed for trimming or AOT. [d:\Documents\XRENGINE\XREngine\XREngine.csproj]
d:\Documents\XRENGINE\XREngine\Rendering\API\Rendering\Objects\Textures\2D\XRTexture2D.cs(1143,25): warning IL3050: Using member 'XREngine.Core.Files.CookedBinarySerializer.CalculateSize(Object, CookedBinarySerializationCallbacks)' which has 'RequiresDynamicCodeAttribute' can break functionality when AOT compiling. Cooked binary serialization relies on reflection and cannot be statically analyzed for trimming or AOT. [d:\Documents\XRENGINE\XREngine\XREngine.csproj]
d:\Documents\XRENGINE\XREngine\Rendering\API\Rendering\Objects\Textures\2D\XRTexture2D.cs(1144,25): warning IL2026: Using member 'XREngine.Core.Files.CookedBinarySerializer.CalculateSize(Object, CookedBinarySerializationCallbacks)' which has 'RequiresUnreferencedCodeAttribute' can break functionality when trimming application code. Cooked binary serialization relies on reflection and cannot be statically analyzed for trimming or AOT. [d:\Documents\XRENGINE\XREngine\XREngine.csproj]
d:\Documents\XRENGINE\XREngine\Rendering\API\Rendering\Objects\Textures\2D\XRTexture2D.cs(1144,25): warning IL3050: Using member 'XREngine.Core.Files.CookedBinarySerializer.CalculateSize(Object, CookedBinarySerializationCallbacks)' which has 'RequiresDynamicCodeAttribute' can break functionality when AOT compiling. Cooked binary serialization relies on reflection and cannot be statically analyzed for trimming or AOT. [d:\Documents\XRENGINE\XREngine\XREngine.csproj]
d:\Documents\XRENGINE\XREngine\Rendering\API\Rendering\Objects\Textures\2D\XRTexture2D.cs(1145,25): warning IL2026: Using member 'XREngine.Core.Files.CookedBinarySerializer.CalculateSize(Object, CookedBinarySerializationCallbacks)' which has 'RequiresUnreferencedCodeAttribute' can break functionality when trimming application code. Cooked binary serialization relies on reflection and cannot be statically analyzed for trimming or AOT. [d:\Documents\XRENGINE\XREngine\XREngine.csproj]
d:\Documents\XRENGINE\XREngine\Rendering\API\Rendering\Objects\Textures\2D\XRTexture2D.cs(1145,25): warning IL3050: Using member 'XREngine.Core.Files.CookedBinarySerializer.CalculateSize(Object, CookedBinarySerializationCallbacks)' which has 'RequiresDynamicCodeAttribute' can break functionality when AOT compiling. Cooked binary serialization relies on reflection and cannot be statically analyzed for trimming or AOT. [d:\Documents\XRENGINE\XREngine\XREngine.csproj]
d:\Documents\XRENGINE\XREngine\Rendering\API\Rendering\Objects\Textures\2D\XRTexture2D.cs(1146,25): warning IL2026: Using member 'XREngine.Core.Files.CookedBinarySerializer.CalculateSize(Object, CookedBinarySerializationCallbacks)' which has 'RequiresUnreferencedCodeAttribute' can break functionality when trimming application code. Cooked binary serialization relies on reflection and cannot be statically analyzed for trimming or AOT. [d:\Documents\XRENGINE\XREngine\XREngine.csproj]
d:\Documents\XRENGINE\XREngine\Rendering\API\Rendering\Objects\Textures\2D\XRTexture2D.cs(1146,25): warning IL3050: Using member 'XREngine.Core.Files.CookedBinarySerializer.CalculateSize(Object, CookedBinarySerializationCallbacks)' which has 'RequiresDynamicCodeAttribute' can break functionality when AOT compiling. Cooked binary serialization relies on reflection and cannot be statically analyzed for trimming or AOT. [d:\Documents\XRENGINE\XREngine\XREngine.csproj]
d:\Documents\XRENGINE\XREngine\Rendering\API\Rendering\Objects\Textures\2D\XRTexture2D.cs(1147,25): warning IL2026: Using member 'XREngine.Core.Files.CookedBinarySerializer.CalculateSize(Object, CookedBinarySerializationCallbacks)' which has 'RequiresUnreferencedCodeAttribute' can break functionality when trimming application code. Cooked binary serialization relies on reflection and cannot be statically analyzed for trimming or AOT. [d:\Documents\XRENGINE\XREngine\XREngine.csproj]
d:\Documents\XRENGINE\XREngine\Rendering\API\Rendering\Objects\Textures\2D\XRTexture2D.cs(1147,25): warning IL3050: Using member 'XREngine.Core.Files.CookedBinarySerializer.CalculateSize(Object, CookedBinarySerializationCallbacks)' which has 'RequiresDynamicCodeAttribute' can break functionality when AOT compiling. Cooked binary serialization relies on reflection and cannot be statically analyzed for trimming or AOT. [d:\Documents\XRENGINE\XREngine\XREngine.csproj]
d:\Documents\XRENGINE\XREngine\Rendering\API\Rendering\Objects\Textures\2D\XRTexture2D.cs(1150,25): warning IL2026: Using member 'XREngine.Core.Files.CookedBinarySerializer.CalculateSize(Object, CookedBinarySerializationCallbacks)' which has 'RequiresUnreferencedCodeAttribute' can break functionality when trimming application code. Cooked binary serialization relies on reflection and cannot be statically analyzed for trimming or AOT. [d:\Documents\XRENGINE\XREngine\XREngine.csproj]
d:\Documents\XRENGINE\XREngine\Rendering\API\Rendering\Objects\Textures\2D\XRTexture2D.cs(1150,25): warning IL3050: Using member 'XREngine.Core.Files.CookedBinarySerializer.CalculateSize(Object, CookedBinarySerializationCallbacks)' which has 'RequiresDynamicCodeAttribute' can break functionality when AOT compiling. Cooked binary serialization relies on reflection and cannot be statically analyzed for trimming or AOT. [d:\Documents\XRENGINE\XREngine\XREngine.csproj]
d:\Documents\XRENGINE\XREngine\Rendering\API\Rendering\Vulkan\Objects\FrameBuffers.cs(32,41): warning CA2014: Potential stack overflow. Move the stackalloc out of the loop. (https://learn.microsoft.com/dotnet/fundamentals/code-analysis/quality-rules/ca2014) [d:\Documents\XRENGINE\XREngine\XREngine.csproj]
d:\Documents\XRENGINE\XREngine\Scene\Components\Audio\STT\Providers\GoogleSTTProvider.cs(33,28): warning IL2026: Using member 'System.Text.Json.JsonSerializer.Serialize<TValue>(TValue, JsonSerializerOptions)' which has 'RequiresUnreferencedCodeAttribute' can break functionality when trimming application code. JSON serialization and deserialization might require types that cannot be statically analyzed. Use the overload that takes a JsonTypeInfo or JsonSerializerContext, or make sure all of the required types are preserved. [d:\Documents\XRENGINE\XREngine\XREngine.csproj]
d:\Documents\XRENGINE\XREngine\Scene\Components\Audio\STT\Providers\GoogleSTTProvider.cs(33,28): warning IL3050: Using member 'System.Text.Json.JsonSerializer.Serialize<TValue>(TValue, JsonSerializerOptions)' which has 'RequiresDynamicCodeAttribute' can break functionality when AOT compiling. JSON serialization and deserialization might require types that cannot be statically analyzed and might need runtime code generation. Use System.Text.Json source generation for native AOT applications. [d:\Documents\XRENGINE\XREngine\XREngine.csproj]
d:\Documents\XRENGINE\XREngine\Scene\Components\Audio\STT\Providers\GoogleSTTProvider.cs(50,30): warning IL2026: Using member 'System.Text.Json.JsonSerializer.Deserialize<TValue>(String, JsonSerializerOptions)' which has 'RequiresUnreferencedCodeAttribute' can break functionality when trimming application code. JSON serialization and deserialization might require types that cannot be statically analyzed. Use the overload that takes a JsonTypeInfo or JsonSerializerContext, or make sure all of the required types are preserved. [d:\Documents\XRENGINE\XREngine\XREngine.csproj]
d:\Documents\XRENGINE\XREngine\Scene\Components\Audio\STT\Providers\GoogleSTTProvider.cs(50,30): warning IL3050: Using member 'System.Text.Json.JsonSerializer.Deserialize<TValue>(String, JsonSerializerOptions)' which has 'RequiresDynamicCodeAttribute' can break functionality when AOT compiling. JSON serialization and deserialization might require types that cannot be statically analyzed and might need runtime code generation. Use System.Text.Json source generation for native AOT applications. [d:\Documents\XRENGINE\XREngine\XREngine.csproj]
d:\Documents\XRENGINE\XREngine\Scene\Components\Audio\STT\Providers\OpenAIWhisperProvider.cs(41,30): warning IL2026: Using member 'System.Text.Json.JsonSerializer.Deserialize<TValue>(String, JsonSerializerOptions)' which has 'RequiresUnreferencedCodeAttribute' can break functionality when trimming application code. JSON serialization and deserialization might require types that cannot be statically analyzed. Use the overload that takes a JsonTypeInfo or JsonSerializerContext, or make sure all of the required types are preserved. [d:\Documents\XRENGINE\XREngine\XREngine.csproj]
d:\Documents\XRENGINE\XREngine\Scene\Components\Audio\STT\Providers\OpenAIWhisperProvider.cs(41,30): warning IL3050: Using member 'System.Text.Json.JsonSerializer.Deserialize<TValue>(String, JsonSerializerOptions)' which has 'RequiresDynamicCodeAttribute' can break functionality when AOT compiling. JSON serialization and deserialization might require types that cannot be statically analyzed and might need runtime code generation. Use System.Text.Json source generation for native AOT applications. [d:\Documents\XRENGINE\XREngine\XREngine.csproj]
d:\Documents\XRENGINE\XREngine\Rendering\PostProcessing\CameraPostProcessStateCollection.cs(244,27): warning IL2072: 'type' argument does not satisfy 'DynamicallyAccessedMemberTypes.PublicParameterlessConstructor' in call to 'System.Activator.CreateInstance(Type)'. The return value of method 'XREngine.Rendering.PostProcessing.PostProcessStageDescriptor.BackingType.get' does not have matching annotations. The source value must declare at least the same requirements as those declared on the target location it is assigned to. [d:\Documents\XRENGINE\XREngine\XREngine.csproj]
d:\Documents\XRENGINE\XREngine\Rendering\PostProcessing\CameraPostProcessStateCollection.cs(249,24): warning IL2075: 'this' argument does not satisfy 'DynamicallyAccessedMemberTypes.PublicProperties', 'DynamicallyAccessedMemberTypes.NonPublicProperties' in call to 'System.Type.GetProperty(String, BindingFlags)'. The return value of method 'XREngine.Rendering.PostProcessing.PostProcessStageDescriptor.BackingType.get' does not have matching annotations. The source value must declare at least the same requirements as those declared on the target location it is assigned to. [d:\Documents\XRENGINE\XREngine\XREngine.csproj]
d:\Documents\XRENGINE\XREngine\Scene\Components\UI\Core\UIVideoComponent.cs(390,17): warning IL2026: Using member 'System.Text.Json.JsonSerializer.Serialize<TValue>(TValue, JsonSerializerOptions)' which has 'RequiresUnreferencedCodeAttribute' can break functionality when trimming application code. JSON serialization and deserialization might require types that cannot be statically analyzed. Use the overload that takes a JsonTypeInfo or JsonSerializerContext, or make sure all of the required types are preserved. [d:\Documents\XRENGINE\XREngine\XREngine.csproj]
d:\Documents\XRENGINE\XREngine\Scene\Components\UI\Core\UIVideoComponent.cs(390,17): warning IL3050: Using member 'System.Text.Json.JsonSerializer.Serialize<TValue>(TValue, JsonSerializerOptions)' which has 'RequiresDynamicCodeAttribute' can break functionality when AOT compiling. JSON serialization and deserialization might require types that cannot be statically analyzed and might need runtime code generation. Use System.Text.Json source generation for native AOT applications. [d:\Documents\XRENGINE\XREngine\XREngine.csproj]
d:\Documents\XRENGINE\XREngine\Scene\Components\Audio\STT\Providers\RevAISTTProvider.cs(39,35): warning IL2026: Using member 'System.Text.Json.JsonSerializer.Deserialize<TValue>(String, JsonSerializerOptions)' which has 'RequiresUnreferencedCodeAttribute' can break functionality when trimming application code. JSON serialization and deserialization might require types that cannot be statically analyzed. Use the overload that takes a JsonTypeInfo or JsonSerializerContext, or make sure all of the required types are preserved. [d:\Documents\XRENGINE\XREngine\XREngine.csproj]
d:\Documents\XRENGINE\XREngine\Scene\Components\Audio\STT\Providers\RevAISTTProvider.cs(39,35): warning IL3050: Using member 'System.Text.Json.JsonSerializer.Deserialize<TValue>(String, JsonSerializerOptions)' which has 'RequiresDynamicCodeAttribute' can break functionality when AOT compiling. JSON serialization and deserialization might require types that cannot be statically analyzed and might need runtime code generation. Use System.Text.Json source generation for native AOT applications. [d:\Documents\XRENGINE\XREngine\XREngine.csproj]
d:\Documents\XRENGINE\XREngine\Scene\Components\Audio\STT\Providers\RevAISTTProvider.cs(54,40): warning IL2026: Using member 'System.Text.Json.JsonSerializer.Deserialize<TValue>(String, JsonSerializerOptions)' which has 'RequiresUnreferencedCodeAttribute' can break functionality when trimming application code. JSON serialization and deserialization might require types that cannot be statically analyzed. Use the overload that takes a JsonTypeInfo or JsonSerializerContext, or make sure all of the required types are preserved. [d:\Documents\XRENGINE\XREngine\XREngine.csproj]
d:\Documents\XRENGINE\XREngine\Scene\Components\Audio\STT\Providers\RevAISTTProvider.cs(54,40): warning IL3050: Using member 'System.Text.Json.JsonSerializer.Deserialize<TValue>(String, JsonSerializerOptions)' which has 'RequiresDynamicCodeAttribute' can break functionality when AOT compiling. JSON serialization and deserialization might require types that cannot be statically analyzed and might need runtime code generation. Use System.Text.Json source generation for native AOT applications. [d:\Documents\XRENGINE\XREngine\XREngine.csproj]
d:\Documents\XRENGINE\XREngine\Scene\Components\Audio\STT\Providers\RevAISTTProvider.cs(63,48): warning IL2026: Using member 'System.Text.Json.JsonSerializer.Deserialize<TValue>(String, JsonSerializerOptions)' which has 'RequiresUnreferencedCodeAttribute' can break functionality when trimming application code. JSON serialization and deserialization might require types that cannot be statically analyzed. Use the overload that takes a JsonTypeInfo or JsonSerializerContext, or make sure all of the required types are preserved. [d:\Documents\XRENGINE\XREngine\XREngine.csproj]
d:\Documents\XRENGINE\XREngine\Scene\Components\Audio\STT\Providers\RevAISTTProvider.cs(63,48): warning IL3050: Using member 'System.Text.Json.JsonSerializer.Deserialize<TValue>(String, JsonSerializerOptions)' which has 'RequiresDynamicCodeAttribute' can break functionality when AOT compiling. JSON serialization and deserialization might require types that cannot be statically analyzed and might need runtime code generation. Use System.Text.Json source generation for native AOT applications. [d:\Documents\XRENGINE\XREngine\XREngine.csproj]
d:\Documents\XRENGINE\XREngine\Rendering\Pipelines\Commands\ViewportRenderCommandContainer.cs(134,64): warning IL2067: 'type' argument does not satisfy 'DynamicallyAccessedMemberTypes.PublicConstructors' in call to 'System.Activator.CreateInstance(Type, params Object[])'. The parameter 't' of method 'XREngine.Rendering.Pipelines.Commands.ViewportRenderCommandContainer.Add(Type, params Object[])' does not have matching annotations. The source value must declare at least the same requirements as those declared on the target location it is assigned to. [d:\Documents\XRENGINE\XREngine\XREngine.csproj]
d:\Documents\XRENGINE\XREngine\Scene\Components\Lights\Types\DirectionalLightComponent.cs(210,43): warning CA2014: Potential stack overflow. Move the stackalloc out of the loop. (https://learn.microsoft.com/dotnet/fundamentals/code-analysis/quality-rules/ca2014) [d:\Documents\XRENGINE\XREngine\XREngine.csproj]
d:\Documents\XRENGINE\XREngine\Scene\Components\Lights\Types\DirectionalLightComponent.cs(221,43): warning CA2014: Potential stack overflow. Move the stackalloc out of the loop. (https://learn.microsoft.com/dotnet/fundamentals/code-analysis/quality-rules/ca2014) [d:\Documents\XRENGINE\XREngine\XREngine.csproj]
  XREngine -> D:\Documents\XRENGINE\XREngine\Build\Engine\Debug\AnyCPU\Debug\net10.0-windows7.0\XREngine.dll
  [ForceFreetype64] Copying freetype6.dll from C:\Users\dnedd\.nuget\packages\sharpfont.dependencies\2.6.0\bin\msvc12\x64\freetype6.dll to Build\Engine\Debug\AnyCPU\Debug\net10.0-windows7.0\
d:\Documents\XRENGINE\XREngine.Editor\Unit Tests\UnitTestingWorld.Pawns.cs(56,20): warning CS8603: Possible null reference return. [d:\Documents\XRENGINE\XREngine.Editor\XREngine.Editor.csproj]
d:\Documents\XRENGINE\XREngine.Editor\ComponentEditors\CameraComponentEditor.cs(632,17): warning CS8762: Parameter 'texture' must have a non-null value when exiting with 'true'. [d:\Documents\XRENGINE\XREngine.Editor\XREngine.Editor.csproj]
d:\Documents\XRENGINE\XREngine.Editor\ComponentEditors\CameraComponentEditor.cs(641,17): warning CS8762: Parameter 'texture' must have a non-null value when exiting with 'true'. [d:\Documents\XRENGINE\XREngine.Editor\XREngine.Editor.csproj]
d:\Documents\XRENGINE\XREngine.Editor\Unit Tests\UnitTestingWorld.Pawns.cs(253,49): warning CS8601: Possible null reference assignment. [d:\Documents\XRENGINE\XREngine.Editor\XREngine.Editor.csproj]
d:\Documents\XRENGINE\XREngine.Editor\UI\Tools\ShaderLockingTool.cs(295,59): warning CS8604: Possible null reference argument for parameter 'value' in 'bool? ShaderLockingTool.EvaluateCondition(object value, string op, string compareValue)'. [d:\Documents\XRENGINE\XREngine.Editor\XREngine.Editor.csproj]
d:\Documents\XRENGINE\XREngine.Editor\Unit Tests\UnitTestingWorld.UserInterface.AssetExplorerPanel.cs(1302,66): warning CS8601: Possible null reference assignment. [d:\Documents\XRENGINE\XREngine.Editor\XREngine.Editor.csproj]
d:\Documents\XRENGINE\XREngine.Editor\Unit Tests\UnitTestingWorld.UserInterface.PropertyEditor.cs(566,98): warning CS8604: Possible null reference argument for parameter 'key' in 'object? IDictionary.this[object key]'. [d:\Documents\XRENGINE\XREngine.Editor\XREngine.Editor.csproj]
d:\Documents\XRENGINE\XREngine.Editor\Unit Tests\UnitTestingWorld.UserInterface.PropertyEditor.cs(857,47): warning CS8604: Possible null reference argument for parameter 'key' in 'object? IDictionary.this[object key]'. [d:\Documents\XRENGINE\XREngine.Editor\XREngine.Editor.csproj]
d:\Documents\XRENGINE\XREngine.Editor\Unit Tests\UnitTestingWorld.UserInterface.PropertyEditor.cs(1049,28): warning CS8604: Possible null reference argument for parameter 'key' in 'object? IDictionary.this[object key]'. [d:\Documents\XRENGINE\XREngine.Editor\XREngine.Editor.csproj]
d:\Documents\XRENGINE\XREngine.Editor\Unit Tests\UnitTestingWorld.UserInterface.PropertyEditor.cs(1168,43): warning CS8604: Possible null reference argument for parameter 'value' in 'bool LinkedList<T>.Contains(T value)'. [d:\Documents\XRENGINE\XREngine.Editor\XREngine.Editor.csproj]
d:\Documents\XRENGINE\XREngine.Editor\UI\UIEditorComponent.cs(64,29): warning CS0169: The field 'UIEditorComponent._inspector' is never used [d:\Documents\XRENGINE\XREngine.Editor\XREngine.Editor.csproj]
d:\Documents\XRENGINE\XREngine.Editor\UI\Tools\ShaderAnalyzerWindow.cs(29,17): warning CS0414: The field 'ShaderAnalyzerWindow._selectedCategoryIndex' is assigned but its value is never used [d:\Documents\XRENGINE\XREngine.Editor\XREngine.Editor.csproj]
  XREngine.Editor -> d:\Documents\XRENGINE\Build\Editor\Debug\AnyCPU\Debug\net10.0-windows7.0\XREngine.Editor.dll

Build succeeded.

D:\Documents\XRENGINE\XREngine.Data\XREngine.Data.csproj : warning NU1510: PackageReference System.Text.Json will not be pruned. Consider removing this package from your dependencies, as it is likely unnecessary. [d:\Documents\XRENGINE\XREngine.Editor\XREngine.Editor.csproj]
d:\Documents\XRENGINE\XREngine.Audio\XREngine.Audio.csproj : warning NU1510: PackageReference System.Text.Json will not be pruned. Consider removing this package from your dependencies, as it is likely unnecessary. [d:\Documents\XRENGINE\XREngine.Editor\XREngine.Editor.csproj]
d:\Documents\XRENGINE\XREngine.Editor\XREngine.Editor.csproj : warning NU1510: PackageReference System.Text.Json will not be pruned. Consider removing this package from your dependencies, as it is likely unnecessary.
D:\Documents\XRENGINE\XREngine.Input\XREngine.Input.csproj : warning NU1510: PackageReference System.Text.Json will not be pruned. Consider removing this package from your dependencies, as it is likely unnecessary. [d:\Documents\XRENGINE\XREngine.Editor\XREngine.Editor.csproj]
d:\Documents\XRENGINE\XREngine.Modeling\XREngine.Modeling.csproj : warning NU1510: PackageReference System.Text.Json will not be pruned. Consider removing this package from your dependencies, as it is likely unnecessary. [d:\Documents\XRENGINE\XREngine.Editor\XREngine.Editor.csproj]
d:\Documents\XRENGINE\XREngine.Animation\XREngine.Animation.csproj : warning NU1510: PackageReference System.Text.Json will not be pruned. Consider removing this package from your dependencies, as it is likely unnecessary. [d:\Documents\XRENGINE\XREngine.Editor\XREngine.Editor.csproj]
D:\Documents\XRENGINE\XRENGINE\XREngine.csproj : warning NU1510: PackageReference System.Text.Json will not be pruned. Consider removing this package from your dependencies, as it is likely unnecessary. [d:\Documents\XRENGINE\XREngine.Editor\XREngine.Editor.csproj]
D:\Documents\XRENGINE\XRENGINE\XREngine.csproj : warning NU1902: Package 'Magick.NET-Q16-HDRI-AnyCPU' 14.9.1 has a known moderate severity vulnerability, https://github.com/advisories/GHSA-q3hc-j9x5-mp9m [d:\Documents\XRENGINE\XREngine.Editor\XREngine.Editor.csproj]
D:\Documents\XRENGINE\XREngine.Data\XREngine.Data.csproj : warning NU1902: Package 'Magick.NET-Q16-HDRI-AnyCPU' 14.9.1 has a known moderate severity vulnerability, https://github.com/advisories/GHSA-q3hc-j9x5-mp9m [d:\Documents\XRENGINE\XREngine.Editor\XREngine.Editor.csproj]
d:\Documents\XRENGINE\XREngine.Modeling\XREngine.Modeling.csproj : warning NU1902: Package 'Magick.NET-Q16-HDRI-AnyCPU' 14.9.1 has a known moderate severity vulnerability, https://github.com/advisories/GHSA-q3hc-j9x5-mp9m [d:\Documents\XRENGINE\XREngine.Editor\XREngine.Editor.csproj]
d:\Documents\XRENGINE\XREngine.Animation\XREngine.Animation.csproj : warning NU1902: Package 'Magick.NET-Q16-HDRI-AnyCPU' 14.9.1 has a known moderate severity vulnerability, https://github.com/advisories/GHSA-q3hc-j9x5-mp9m [d:\Documents\XRENGINE\XREngine.Editor\XREngine.Editor.csproj]
D:\Documents\XRENGINE\XREngine.Input\XREngine.Input.csproj : warning NU1902: Package 'Magick.NET-Q16-HDRI-AnyCPU' 14.9.1 has a known moderate severity vulnerability, https://github.com/advisories/GHSA-q3hc-j9x5-mp9m [d:\Documents\XRENGINE\XREngine.Editor\XREngine.Editor.csproj]
d:\Documents\XRENGINE\XREngine.Audio\XREngine.Audio.csproj : warning NU1902: Package 'Magick.NET-Q16-HDRI-AnyCPU' 14.9.1 has a known moderate severity vulnerability, https://github.com/advisories/GHSA-q3hc-j9x5-mp9m [d:\Documents\XRENGINE\XREngine.Editor\XREngine.Editor.csproj]
d:\Documents\XRENGINE\XREngine.Editor\XREngine.Editor.csproj : warning NU1902: Package 'Magick.NET-Q16-HDRI-AnyCPU' 14.9.1 has a known moderate severity vulnerability, https://github.com/advisories/GHSA-q3hc-j9x5-mp9m
d:\Documents\XRENGINE\XREngine.Editor\XREngine.Editor.csproj : warning NU1510: PackageReference System.Text.Json will not be pruned. Consider removing this package from your dependencies, as it is likely unnecessary.
d:\Documents\XRENGINE\XREngine.Editor\XREngine.Editor.csproj : warning NU1902: Package 'Magick.NET-Q16-HDRI-AnyCPU' 14.9.1 has a known moderate severity vulnerability, https://github.com/advisories/GHSA-q3hc-j9x5-mp9m
d:\Documents\XRENGINE\XREngine.Audio\XREngine.Audio.csproj : warning NU1510: PackageReference System.Text.Json will not be pruned. Consider removing this package from your dependencies, as it is likely unnecessary.
d:\Documents\XRENGINE\XREngine.Audio\XREngine.Audio.csproj : warning NU1902: Package 'Magick.NET-Q16-HDRI-AnyCPU' 14.9.1 has a known moderate severity vulnerability, https://github.com/advisories/GHSA-q3hc-j9x5-mp9m
D:\Documents\XRENGINE\XREngine.Animation\XREngine.Animation.csproj : warning NU1510: PackageReference System.Text.Json will not be pruned. Consider removing this package from your dependencies, as it is likely unnecessary. [d:\Documents\XRENGINE\XREngine.Animation\XREngine.Animation.csproj]
D:\Documents\XRENGINE\XREngine.Animation\XREngine.Animation.csproj : warning NU1902: Package 'Magick.NET-Q16-HDRI-AnyCPU' 14.9.1 has a known moderate severity vulnerability, https://github.com/advisories/GHSA-q3hc-j9x5-mp9m [d:\Documents\XRENGINE\XREngine.Animation\XREngine.Animation.csproj]
D:\Documents\XRENGINE\XREngine.Input\XREngine.Input.csproj : warning NU1510: PackageReference System.Text.Json will not be pruned. Consider removing this package from your dependencies, as it is likely unnecessary. [d:\Documents\XRENGINE\XREngine.Input\XREngine.Input.csproj]
D:\Documents\XRENGINE\XREngine.Input\XREngine.Input.csproj : warning NU1902: Package 'Magick.NET-Q16-HDRI-AnyCPU' 14.9.1 has a known moderate severity vulnerability, https://github.com/advisories/GHSA-q3hc-j9x5-mp9m [d:\Documents\XRENGINE\XREngine.Input\XREngine.Input.csproj]
d:\Documents\XRENGINE\XREngine.Data\XREngine.Data.csproj : warning NU1510: PackageReference System.Text.Json will not be pruned. Consider removing this package from your dependencies, as it is likely unnecessary.
d:\Documents\XRENGINE\XREngine.Data\XREngine.Data.csproj : warning NU1902: Package 'Magick.NET-Q16-HDRI-AnyCPU' 14.9.1 has a known moderate severity vulnerability, https://github.com/advisories/GHSA-q3hc-j9x5-mp9m
D:\Documents\XRENGINE\XREngine\XREngine.csproj : warning NU1510: PackageReference System.Text.Json will not be pruned. Consider removing this package from your dependencies, as it is likely unnecessary. [d:\Documents\XRENGINE\XREngine\XREngine.csproj]
D:\Documents\XRENGINE\XREngine\XREngine.csproj : warning NU1902: Package 'Magick.NET-Q16-HDRI-AnyCPU' 14.9.1 has a known moderate severity vulnerability, https://github.com/advisories/GHSA-q3hc-j9x5-mp9m [d:\Documents\XRENGINE\XREngine\XREngine.csproj]
d:\Documents\XRENGINE\XREngine.Modeling\XREngine.Modeling.csproj : warning NU1510: PackageReference System.Text.Json will not be pruned. Consider removing this package from your dependencies, as it is likely unnecessary.
d:\Documents\XRENGINE\XREngine.Modeling\XREngine.Modeling.csproj : warning NU1902: Package 'Magick.NET-Q16-HDRI-AnyCPU' 14.9.1 has a known moderate severity vulnerability, https://github.com/advisories/GHSA-q3hc-j9x5-mp9m
d:\Documents\XRENGINE\XREngine.Data\Endian\bfloat.cs(8,22): warning CS8981: The type name 'bfloat' only contains lower-cased ascii characters. Such names may become reserved for the language. [d:\Documents\XRENGINE\XREngine.Data\XREngine.Data.csproj]
d:\Documents\XRENGINE\XREngine.Data\Endian\bint.cs(8,22): warning CS8981: The type name 'bint' only contains lower-cased ascii characters. Such names may become reserved for the language. [d:\Documents\XRENGINE\XREngine.Data\XREngine.Data.csproj]
d:\Documents\XRENGINE\XREngine.Data\Endian\bdouble.cs(8,22): warning CS8981: The type name 'bdouble' only contains lower-cased ascii characters. Such names may become reserved for the language. [d:\Documents\XRENGINE\XREngine.Data\XREngine.Data.csproj]
d:\Documents\XRENGINE\XREngine.Data\Endian\blong.cs(8,22): warning CS8981: The type name 'blong' only contains lower-cased ascii characters. Such names may become reserved for the language. [d:\Documents\XRENGINE\XREngine.Data\XREngine.Data.csproj]
d:\Documents\XRENGINE\XREngine.Data\Endian\bshort.cs(8,22): warning CS8981: The type name 'bshort' only contains lower-cased ascii characters. Such names may become reserved for the language. [d:\Documents\XRENGINE\XREngine.Data\XREngine.Data.csproj]
d:\Documents\XRENGINE\XREngine.Data\Endian\bushort.cs(8,22): warning CS8981: The type name 'bushort' only contains lower-cased ascii characters. Such names may become reserved for the language. [d:\Documents\XRENGINE\XREngine.Data\XREngine.Data.csproj]
d:\Documents\XRENGINE\XREngine.Data\Endian\bulong.cs(8,22): warning CS8981: The type name 'bulong' only contains lower-cased ascii characters. Such names may become reserved for the language. [d:\Documents\XRENGINE\XREngine.Data\XREngine.Data.csproj]
d:\Documents\XRENGINE\XREngine.Data\Endian\buint.cs(8,22): warning CS8981: The type name 'buint' only contains lower-cased ascii characters. Such names may become reserved for the language. [d:\Documents\XRENGINE\XREngine.Data\XREngine.Data.csproj]
d:\Documents\XRENGINE\XREngine.Data\Lists\Deque\Tester.cs(219,30): warning CS8619: Nullability of reference types in value of type 'object?[]' doesn't match target type 'object[]'. [d:\Documents\XRENGINE\XREngine.Data\XREngine.Data.csproj]
d:\Documents\XRENGINE\XREngine.Data\Lists\ConsistentIndexList.cs(78,32): warning CS8601: Possible null reference assignment. [d:\Documents\XRENGINE\XREngine.Data\XREngine.Data.csproj]
d:\Documents\XRENGINE\XREngine.Data\Tools\Miniball.cs(46,24): warning CS8603: Possible null reference return. [d:\Documents\XRENGINE\XREngine.Data\XREngine.Data.csproj]
d:\Documents\XRENGINE\XREngine.Data\Core\XREventGroup.cs(10,13): warning CS8601: Possible null reference assignment. [d:\Documents\XRENGINE\XREngine.Data\XREngine.Data.csproj]
d:\Documents\XRENGINE\XREngine.Data\Core\XREventGroup.cs(11,13): warning CS8601: Possible null reference assignment. [d:\Documents\XRENGINE\XREngine.Data\XREngine.Data.csproj]
d:\Documents\XRENGINE\XREngine.Data\Core\XREventGroup.cs(16,13): warning CS8601: Possible null reference assignment. [d:\Documents\XRENGINE\XREngine.Data\XREngine.Data.csproj]
d:\Documents\XRENGINE\XREngine.Data\Core\XREventGroup.cs(17,13): warning CS8601: Possible null reference assignment. [d:\Documents\XRENGINE\XREngine.Data\XREngine.Data.csproj]
d:\Documents\XRENGINE\XREngine.Data\Lists\EventArray.cs(20,38): warning CS0067: The event 'EventArray<T>.ItemChanged' is never used [d:\Documents\XRENGINE\XREngine.Data\XREngine.Data.csproj]
d:\Documents\XRENGINE\XREngine.Data\Core\UserSettings.cs(11,30): warning CS0414: The field 'UserSettings._windowState' is assigned but its value is never used [d:\Documents\XRENGINE\XREngine.Data\XREngine.Data.csproj]
d:\Documents\XRENGINE\XREngine.Data\Unity\UnityAnimationClip.cs(23,42): warning IL3050: Using member 'YamlDotNet.Serialization.DeserializerBuilder.DeserializerBuilder()' which has 'RequiresDynamicCodeAttribute' can break functionality when AOT compiling. This builder configures the deserializer to use reflection which is not compatible with ahead-of-time compilation or assembly trimming. You need to use the code generator/analyzer to generate static code and use the 'StaticDeserializerBuilder' object instead of this one. [d:\Documents\XRENGINE\XREngine.Data\XREngine.Data.csproj]
d:\Documents\XRENGINE\XREngine.Data\Core\Memory\DataSource.cs(162,13): warning CA2022: Avoid inexact read with 'System.IO.Stream.Read(System.Span<byte>)' (https://learn.microsoft.com/dotnet/fundamentals/code-analysis/quality-rules/ca2022) [d:\Documents\XRENGINE\XREngine.Data\XREngine.Data.csproj]
d:\Documents\XRENGINE\XREngine.Data\Core\Memory\DataSource.cs(176,20): warning IL2091: 'T' generic argument does not satisfy 'DynamicallyAccessedMemberTypes.PublicConstructors', 'DynamicallyAccessedMemberTypes.NonPublicConstructors' in 'System.Runtime.InteropServices.Marshal.PtrToStructure<T>(nint)'. The generic parameter 'T' of 'XREngine.Data.DataSource.ToStruct<T>()' does not have matching annotations. The source value must declare at least the same requirements as those declared on the target location it is assigned to. [d:\Documents\XRENGINE\XREngine.Data\XREngine.Data.csproj]
d:\Documents\XRENGINE\XREngine.Data\Trees\BVH\BVHNode.cs(290,56): warning IL3050: Using member 'System.Enum.GetValues(Type)' which has 'RequiresDynamicCodeAttribute' can break functionality when AOT compiling. It might not be possible to create an array of the enum type at runtime. Use the GetValues<TEnum> overload or the GetValuesAsUnderlyingType method instead. [d:\Documents\XRENGINE\XREngine.Data\XREngine.Data.csproj]
d:\Documents\XRENGINE\XREngine.Data\AudioData.cs(162,13): warning CA2022: Avoid inexact read with 'NAudio.Wave.WaveFileReader.Read(byte[], int, int)' (https://learn.microsoft.com/dotnet/fundamentals/code-analysis/quality-rules/ca2022) [d:\Documents\XRENGINE\XREngine.Data\XREngine.Data.csproj]
d:\Documents\XRENGINE\XREngine.Data\Trees\BVH\BVHNode.cs(469,59): warning IL3050: Using member 'System.Enum.GetValues(Type)' which has 'RequiresDynamicCodeAttribute' can break functionality when AOT compiling. It might not be possible to create an array of the enum type at runtime. Use the GetValues<TEnum> overload or the GetValuesAsUnderlyingType method instead. [d:\Documents\XRENGINE\XREngine.Data\XREngine.Data.csproj]
d:\Documents\XRENGINE\XREngine\Rendering\API\Rendering\Objects\Meshes\XRMesh.Core.cs(10,7): warning CS0105: The using directive for 'XREngine.Data.Geometry' appeared previously in this namespace [d:\Documents\XRENGINE\XREngine\XREngine.csproj]
d:\Documents\XRENGINE\XREngine\Rendering\API\Rendering\Objects\Meshes\XRMesh.Core.cs(11,7): warning CS0105: The using directive for 'XREngine.Data.Rendering' appeared previously in this namespace [d:\Documents\XRENGINE\XREngine\XREngine.csproj]
d:\Documents\XRENGINE\XREngine\Core\Reflection\Attributes\TEnumDef.cs(7,66): warning CS8625: Cannot convert null literal to non-nullable reference type. [d:\Documents\XRENGINE\XREngine\XREngine.csproj]
d:\Documents\XRENGINE\XREngine\Scene\PhysicsOld\Collision Bodies\XRCollisionObject.cs(210,21): warning CS0114: 'XRCollisionObject.Destroy(bool)' hides inherited member 'XRObjectBase.Destroy(bool)'. To make the current member override that implementation, add the override keyword. Otherwise add the new keyword. [d:\Documents\XRENGINE\XREngine\XREngine.csproj]
d:\Documents\XRENGINE\XREngine\Scene\Components\Movement\CharacterMovementComponent.cs(350,22): warning CS0108: 'CharacterMovement3DComponent.Density' hides inherited member 'DynamicRigidBodyComponent.Density'. Use the new keyword if hiding was intended. [d:\Documents\XRENGINE\XREngine\XREngine.csproj]
d:\Documents\XRENGINE\XREngine\Scene\Components\Movement\CharacterMovementComponent.cs(409,30): warning CS0108: 'CharacterMovement3DComponent.Material' hides inherited member 'DynamicRigidBodyComponent.Material'. Use the new keyword if hiding was intended. [d:\Documents\XRENGINE\XREngine\XREngine.csproj]
d:\Documents\XRENGINE\XREngine\Scene\Transforms\Transform.cs(606,27): warning CS0108: 'Transform.TransformRotation(Quaternion)' hides inherited member 'TransformBase.TransformRotation(Quaternion)'. Use the new keyword if hiding was intended. [d:\Documents\XRENGINE\XREngine\XREngine.csproj]
d:\Documents\XRENGINE\XREngine\Scene\Transforms\Transform.cs(620,27): warning CS0108: 'Transform.InverseTransformRotation(Quaternion)' hides inherited member 'TransformBase.InverseTransformRotation(Quaternion)'. Use the new keyword if hiding was intended. [d:\Documents\XRENGINE\XREngine\XREngine.csproj]
d:\Documents\XRENGINE\XREngine\Rendering\PostProcessing\CameraPostProcessStateCollection.cs(189,61): warning CS8601: Possible null reference assignment. [d:\Documents\XRENGINE\XREngine\XREngine.csproj]
d:\Documents\XRENGINE\XREngine\Core\Reflection\Attributes\TReplicate.cs(8,16): warning CS8618: Non-nullable property 'EventMethodName' must contain a non-null value when exiting constructor. Consider adding the 'required' modifier or declaring the property as nullable. [d:\Documents\XRENGINE\XREngine\XREngine.csproj]
d:\Documents\XRENGINE\XREngine\Core\Extensions\StringExtension.cs(14,28): warning CS8603: Possible null reference return. [d:\Documents\XRENGINE\XREngine\XREngine.csproj]
d:\Documents\XRENGINE\XREngine\Core\Extensions\StringExtension.cs(20,41): warning CS8600: Converting null literal or possible null value to non-nullable type. [d:\Documents\XRENGINE\XREngine\XREngine.csproj]
d:\Documents\XRENGINE\XREngine\Core\Extensions\StringExtension.cs(21,17): warning CS8602: Dereference of a possibly null reference. [d:\Documents\XRENGINE\XREngine\XREngine.csproj]
d:\Documents\XRENGINE\XREngine\Core\Extensions\StringExtension.cs(24,31): warning CS8602: Dereference of a possibly null reference. [d:\Documents\XRENGINE\XREngine\XREngine.csproj]
d:\Documents\XRENGINE\XREngine\Core\Tools\Remapper.cs(29,64): warning CS8625: Cannot convert null literal to non-nullable reference type. [d:\Documents\XRENGINE\XREngine\XREngine.csproj]
d:\Documents\XRENGINE\XREngine\Scene\PhysicsOld\Tracing\ShapeTraceSingle.cs(27,13): warning CS8602: Dereference of a possibly null reference. [d:\Documents\XRENGINE\XREngine\XREngine.csproj]
d:\Documents\XRENGINE\XREngine\Scene\PhysicsOld\Tracing\ShapeTraceMulti.cs(32,13): warning CS8602: Dereference of a possibly null reference. [d:\Documents\XRENGINE\XREngine\XREngine.csproj]
d:\Documents\XRENGINE\XREngine\Core\Tools\Unity\UnityConverter.cs(46,42): warning CS0219: The variable 'memberType' is assigned but its value is never used [d:\Documents\XRENGINE\XREngine\XREngine.csproj]
d:\Documents\XRENGINE\XREngine\Core\Tools\Remapper.cs(45,39): warning CS8604: Possible null reference argument for parameter 'key' in 'bool Hashtable.ContainsKey(object key)'. [d:\Documents\XRENGINE\XREngine\XREngine.csproj]
d:\Documents\XRENGINE\XREngine\Core\Tools\Remapper.cs(46,38): warning CS8605: Unboxing a possibly null value. [d:\Documents\XRENGINE\XREngine\XREngine.csproj]
d:\Documents\XRENGINE\XREngine\Core\Tools\Remapper.cs(7,25): warning CS8618: Non-nullable field '_source' must contain a non-null value when exiting constructor. Consider adding the 'required' modifier or declaring the field as nullable. [d:\Documents\XRENGINE\XREngine\XREngine.csproj]
d:\Documents\XRENGINE\XREngine\Core\Tools\Remapper.cs(8,24): warning CS8618: Non-nullable field '_impTable' must contain a non-null value when exiting constructor. Consider adding the 'required' modifier or declaring the field as nullable. [d:\Documents\XRENGINE\XREngine\XREngine.csproj]
d:\Documents\XRENGINE\XREngine\Core\Tools\Remapper.cs(9,24): warning CS8618: Non-nullable field '_remapTable' must contain a non-null value when exiting constructor. Consider adding the 'required' modifier or declaring the field as nullable. [d:\Documents\XRENGINE\XREngine\XREngine.csproj]
d:\Documents\XRENGINE\XREngine\Core\Tools\GLSLParser.cs(24,16): warning CS8618: Non-nullable property 'Uniforms' must contain a non-null value when exiting constructor. Consider adding the 'required' modifier or declaring the property as nullable. [d:\Documents\XRENGINE\XREngine\XREngine.csproj]
d:\Documents\XRENGINE\XREngine\Core\Tools\GLSLParser.cs(24,16): warning CS8618: Non-nullable property 'In' must contain a non-null value when exiting constructor. Consider adding the 'required' modifier or declaring the property as nullable. [d:\Documents\XRENGINE\XREngine\XREngine.csproj]
d:\Documents\XRENGINE\XREngine\Core\Tools\GLSLParser.cs(24,16): warning CS8618: Non-nullable property 'Out' must contain a non-null value when exiting constructor. Consider adding the 'required' modifier or declaring the property as nullable. [d:\Documents\XRENGINE\XREngine\XREngine.csproj]
d:\Documents\XRENGINE\XREngine\Core\Tools\GLSLParser.cs(12,27): warning CS8618: Non-nullable property 'Name' must contain a non-null value when exiting constructor. Consider adding the 'required' modifier or declaring the property as nullable. [d:\Documents\XRENGINE\XREngine\XREngine.csproj]
d:\Documents\XRENGINE\XREngine\Scene\PhysicsOld\Tracing\ShapeCollisionResult.cs(18,18): warning CS8618: Non-nullable property 'CollisionObject' must contain a non-null value when exiting constructor. Consider adding the 'required' modifier or declaring the property as nullable. [d:\Documents\XRENGINE\XREngine\XREngine.csproj]
d:\Documents\XRENGINE\XREngine\Core\Tools\DelegateBuilder.cs(13,26): warning CS8602: Dereference of a possibly null reference. [d:\Documents\XRENGINE\XREngine\XREngine.csproj]
d:\Documents\XRENGINE\XREngine\Core\Tools\DelegateBuilder.cs(36,73): warning CS8604: Possible null reference argument for parameter 'type' in 'UnaryExpression Expression.Convert(Expression expression, Type type)'. [d:\Documents\XRENGINE\XREngine\XREngine.csproj]
d:\Documents\XRENGINE\XREngine\Scene\Components\Animation\IK\Solvers\IKSolverHeuristic.cs(128,32): warning CS8602: Dereference of a possibly null reference. [d:\Documents\XRENGINE\XREngine\XREngine.csproj]
d:\Documents\XRENGINE\XREngine\Scene\Components\Animation\IK\Solvers\IKSolverHeuristic.cs(128,72): warning CS8602: Dereference of a possibly null reference. [d:\Documents\XRENGINE\XREngine\XREngine.csproj]
d:\Documents\XRENGINE\XREngine\Scene\PhysicsOld\PhysicsDriver.cs(19,16): warning CS8618: Non-nullable event 'OnContactEnded' must contain a non-null value when exiting constructor. Consider adding the 'required' modifier or declaring the event as nullable. [d:\Documents\XRENGINE\XREngine\XREngine.csproj]
d:\Documents\XRENGINE\XREngine\Scene\PhysicsOld\PhysicsDriver.cs(19,16): warning CS8618: Non-nullable event 'TransformChanged' must contain a non-null value when exiting constructor. Consider adding the 'required' modifier or declaring the event as nullable. [d:\Documents\XRENGINE\XREngine\XREngine.csproj]
d:\Documents\XRENGINE\XREngine\Scene\PhysicsOld\PhysicsDriver.cs(19,16): warning CS8618: Non-nullable event 'SimulationStateChanged' must contain a non-null value when exiting constructor. Consider adding the 'required' modifier or declaring the event as nullable. [d:\Documents\XRENGINE\XREngine\XREngine.csproj]
d:\Documents\XRENGINE\XREngine\Scene\PhysicsOld\PhysicsDriver.cs(19,16): warning CS8618: Non-nullable field '_collision' must contain a non-null value when exiting constructor. Consider adding the 'required' modifier or declaring the field as nullable. [d:\Documents\XRENGINE\XREngine\XREngine.csproj]
d:\Documents\XRENGINE\XREngine\Scene\PhysicsOld\PhysicsDriver.cs(35,16): warning CS8618: Non-nullable event 'OnContactEnded' must contain a non-null value when exiting constructor. Consider adding the 'required' modifier or declaring the event as nullable. [d:\Documents\XRENGINE\XREngine\XREngine.csproj]
d:\Documents\XRENGINE\XREngine\Scene\PhysicsOld\PhysicsDriver.cs(35,16): warning CS8618: Non-nullable event 'TransformChanged' must contain a non-null value when exiting constructor. Consider adding the 'required' modifier or declaring the event as nullable. [d:\Documents\XRENGINE\XREngine\XREngine.csproj]
d:\Documents\XRENGINE\XREngine\Scene\PhysicsOld\PhysicsDriver.cs(35,16): warning CS8618: Non-nullable event 'SimulationStateChanged' must contain a non-null value when exiting constructor. Consider adding the 'required' modifier or declaring the event as nullable. [d:\Documents\XRENGINE\XREngine\XREngine.csproj]
d:\Documents\XRENGINE\XREngine\Scene\PhysicsOld\PhysicsDriver.cs(35,16): warning CS8618: Non-nullable field '_collision' must contain a non-null value when exiting constructor. Consider adding the 'required' modifier or declaring the field as nullable. [d:\Documents\XRENGINE\XREngine\XREngine.csproj]
d:\Documents\XRENGINE\XREngine\Core\Tools\Triangle Converter\GraphArray.cs(44,13): warning CS8618: Non-nullable field '_nodes' must contain a non-null value when exiting constructor. Consider adding the 'required' modifier or declaring the field as nullable. [d:\Documents\XRENGINE\XREngine\XREngine.csproj]
d:\Documents\XRENGINE\XREngine\Core\Tools\Triangle Converter\GraphArray.cs(44,13): warning CS8618: Non-nullable field '_arcs' must contain a non-null value when exiting constructor. Consider adding the 'required' modifier or declaring the field as nullable. [d:\Documents\XRENGINE\XREngine\XREngine.csproj]
d:\Documents\XRENGINE\XREngine\Core\Tools\Triangle Converter\GraphArray.cs(35,20): warning CS8618: Non-nullable field '_elem' must contain a non-null value when exiting constructor. Consider adding the 'required' modifier or declaring the field as nullable. [d:\Documents\XRENGINE\XREngine\XREngine.csproj]
d:\Documents\XRENGINE\XREngine\Core\Tools\Triangle Converter\TriStripper.cs(43,16): warning CS8618: Non-nullable field '_CurrentNodes' must contain a non-null value when exiting constructor. Consider adding the 'required' modifier or declaring the field as nullable. [d:\Documents\XRENGINE\XREngine\XREngine.csproj]
d:\Documents\XRENGINE\XREngine\Scene\PhysicsOld\ContactTestResult.cs(12,18): warning CS8618: Non-nullable property 'CollisionObject' must contain a non-null value when exiting constructor. Consider adding the 'required' modifier or declaring the property as nullable. [d:\Documents\XRENGINE\XREngine\XREngine.csproj]
d:\Documents\XRENGINE\XREngine\Scene\PhysicsOld\ContactTestResult.cs(12,18): warning CS8618: Non-nullable property 'Contact' must contain a non-null value when exiting constructor. Consider adding the 'required' modifier or declaring the property as nullable. [d:\Documents\XRENGINE\XREngine\XREngine.csproj]
d:\Documents\XRENGINE\XREngine\Scene\PhysicsOld\Collision Bodies\XRRigidBody.cs(14,20): warning CS8600: Converting null literal or possible null value to non-nullable type. [d:\Documents\XRENGINE\XREngine\XREngine.csproj]
d:\Documents\XRENGINE\XREngine\Scene\PhysicsOld\Collision Bodies\XRRigidBody.cs(14,20): warning CS8603: Possible null reference return. [d:\Documents\XRENGINE\XREngine\XREngine.csproj]
d:\Documents\XRENGINE\XREngine\Core\Tools\Triangle Converter\TriStripper.cs(304,24): warning CS8603: Possible null reference return. [d:\Documents\XRENGINE\XREngine\XREngine.csproj]
d:\Documents\XRENGINE\XREngine\Core\Tools\Triangle Converter\TriStripper.cs(308,46): warning CS8600: Converting null literal or possible null value to non-nullable type. [d:\Documents\XRENGINE\XREngine\XREngine.csproj]
d:\Documents\XRENGINE\XREngine\Core\Tools\Triangle Converter\TriStripper.cs(336,24): warning CS8603: Possible null reference return. [d:\Documents\XRENGINE\XREngine\XREngine.csproj]
d:\Documents\XRENGINE\XREngine\Core\Tools\Triangle Converter\TriStripper.cs(344,30): warning CS8602: Dereference of a possibly null reference. [d:\Documents\XRENGINE\XREngine\XREngine.csproj]
d:\Documents\XRENGINE\XREngine\Core\Tools\Triangle Converter\TriStripper.cs(395,20): warning CS8603: Possible null reference return. [d:\Documents\XRENGINE\XREngine\XREngine.csproj]
d:\Documents\XRENGINE\XREngine\Core\Tools\Triangle Converter\TriStripper.cs(431,17): warning CS8603: Possible null reference return. [d:\Documents\XRENGINE\XREngine\XREngine.csproj]
d:\Documents\XRENGINE\XREngine\Models\Materials\Parameters\ShaderArray.cs(48,22): warning CS8625: Cannot convert null literal to non-nullable reference type. [d:\Documents\XRENGINE\XREngine\XREngine.csproj]
d:\Documents\XRENGINE\XREngine\Models\Materials\Parameters\ShaderArray.cs(46,16): warning CS8618: Non-nullable property 'Values' must contain a non-null value when exiting constructor. Consider adding the 'required' modifier or declaring the property as nullable. [d:\Documents\XRENGINE\XREngine\XREngine.csproj]
d:\Documents\XRENGINE\XREngine\Models\Materials\Parameters\ShaderBVector3.cs(26,40): warning CS8625: Cannot convert null literal to non-nullable reference type. [d:\Documents\XRENGINE\XREngine\XREngine.csproj]
d:\Documents\XRENGINE\XREngine\Rendering\Lights3DCollection.cs(469,20): warning CS8618: Non-nullable property 'RenderInfo' must contain a non-null value when exiting constructor. Consider adding the 'required' modifier or declaring the property as nullable. [d:\Documents\XRENGINE\XREngine\XREngine.csproj]
d:\Documents\XRENGINE\XREngine\Rendering\Lights3DCollection.cs(469,20): warning CS8618: Non-nullable property 'Owner' must contain a non-null value when exiting constructor. Consider adding the 'required' modifier or declaring the property as nullable. [d:\Documents\XRENGINE\XREngine\XREngine.csproj]
d:\Documents\XRENGINE\XREngine\Engine\Networking\Engine.BaseNetworkingManager.cs(176,17): warning CS4014: Because this call is not awaited, execution of the current method continues before the call is completed. Consider applying the 'await' operator to the result of the call. [d:\Documents\XRENGINE\XREngine\XREngine.csproj]
d:\Documents\XRENGINE\XREngine\Engine\Networking\Engine.ClientNetworkingManager.cs(74,52): warning CS8604: Possible null reference argument for parameter 'assignment' in 'void ClientNetworkingManager.HandlePlayerAssignment(PlayerAssignment assignment)'. [d:\Documents\XRENGINE\XREngine\XREngine.csproj]
d:\Documents\XRENGINE\XREngine\Engine\Networking\Engine.ClientNetworkingManager.cs(78,51): warning CS8604: Possible null reference argument for parameter 'update' in 'void ClientNetworkingManager.HandleRemoteTransform(PlayerTransformUpdate update)'. [d:\Documents\XRENGINE\XREngine\XREngine.csproj]
d:\Documents\XRENGINE\XREngine\Engine\Networking\Engine.ServerNetworkingManager.cs(59,46): warning CS8604: Possible null reference argument for parameter 'request' in 'void ServerNetworkingManager.HandlePlayerJoin(PlayerJoinRequest request, IPEndPoint sender)'. [d:\Documents\XRENGINE\XREngine\XREngine.csproj]
d:\Documents\XRENGINE\XREngine\Engine\Networking\Engine.ServerNetworkingManager.cs(63,55): warning CS8604: Possible null reference argument for parameter 'snapshot' in 'void ServerNetworkingManager.HandlePlayerInputSnapshot(PlayerInputSnapshot snapshot)'. [d:\Documents\XRENGINE\XREngine\XREngine.csproj]
d:\Documents\XRENGINE\XREngine\Engine\Networking\Engine.ServerNetworkingManager.cs(67,57): warning CS8604: Possible null reference argument for parameter 'transform' in 'void ServerNetworkingManager.HandlePlayerTransformUpdate(PlayerTransformUpdate transform)'. [d:\Documents\XRENGINE\XREngine\XREngine.csproj]
d:\Documents\XRENGINE\XREngine\Engine\Engine.VRState.cs(474,25): warning CS8602: Dereference of a possibly null reference. [d:\Documents\XRENGINE\XREngine\XREngine.csproj]
d:\Documents\XRENGINE\XREngine\Scene\Components\Physics\GPUPhysicsChainComponent.cs(459,40): warning CS8604: Possible null reference argument for parameter 'buffer' in 'void XRRenderProgram.BindBuffer(XRDataBuffer buffer, uint location)'. [d:\Documents\XRENGINE\XREngine\XREngine.csproj]
d:\Documents\XRENGINE\XREngine\Scene\Components\Physics\GPUPhysicsChainComponent.cs(460,40): warning CS8604: Possible null reference argument for parameter 'buffer' in 'void XRRenderProgram.BindBuffer(XRDataBuffer buffer, uint location)'. [d:\Documents\XRENGINE\XREngine\XREngine.csproj]
d:\Documents\XRENGINE\XREngine\Scene\Components\Physics\GPUPhysicsChainComponent.cs(461,40): warning CS8604: Possible null reference argument for parameter 'buffer' in 'void XRRenderProgram.BindBuffer(XRDataBuffer buffer, uint location)'. [d:\Documents\XRENGINE\XREngine\XREngine.csproj]
d:\Documents\XRENGINE\XREngine\Scene\Components\Physics\GPUPhysicsChainComponent.cs(479,48): warning CS8604: Possible null reference argument for parameter 'buffer' in 'void XRRenderProgram.BindBuffer(XRDataBuffer buffer, uint location)'. [d:\Documents\XRENGINE\XREngine\XREngine.csproj]
d:\Documents\XRENGINE\XREngine\Scene\Components\Physics\GPUPhysicsChainComponent.cs(190,22): warning CS8618: Non-nullable field '_mainPhysicsShader' must contain a non-null value when exiting constructor. Consider adding the 'required' modifier or declaring the field as nullable. [d:\Documents\XRENGINE\XREngine\XREngine.csproj]
d:\Documents\XRENGINE\XREngine\Scene\Components\Physics\GPUPhysicsChainComponent.cs(191,22): warning CS8618: Non-nullable field '_skipUpdateParticlesShader' must contain a non-null value when exiting constructor. Consider adding the 'required' modifier or declaring the field as nullable. [d:\Documents\XRENGINE\XREngine\XREngine.csproj]
d:\Documents\XRENGINE\XREngine\Scene\Components\Physics\GPUPhysicsChainComponent.cs(1021,25): warning CS8618: Non-nullable property 'RenderedObjects' must contain a non-null value when exiting constructor. Consider adding the 'required' modifier or declaring the property as nullable. [d:\Documents\XRENGINE\XREngine\XREngine.csproj]
d:\Documents\XRENGINE\XREngine\Rendering\API\Rendering\Objects\Materials\XRMaterial.cs(217,31): warning CS8604: Possible null reference argument for parameter 'shaders' in 'XRMaterial.XRMaterial(XRTexture?[] textures, params XRShader[] shaders)'. [d:\Documents\XRENGINE\XREngine\XREngine.csproj]
d:\Documents\XRENGINE\XREngine\Rendering\API\Rendering\Objects\Materials\XRMaterial.cs(220,31): warning CS8604: Possible null reference argument for parameter 'shaders' in 'XRMaterial.XRMaterial(XRTexture?[] textures, params XRShader[] shaders)'. [d:\Documents\XRENGINE\XREngine\XREngine.csproj]
d:\Documents\XRENGINE\XREngine\Rendering\API\Rendering\Objects\Materials\XRMaterial.cs(223,20): warning CS8604: Possible null reference argument for parameter 'shaders' in 'XRMaterial.XRMaterial(params XRShader[] shaders)'. [d:\Documents\XRENGINE\XREngine\XREngine.csproj]
d:\Documents\XRENGINE\XREngine\Rendering\API\Rendering\Objects\Materials\XRMaterial.cs(226,20): warning CS8604: Possible null reference argument for parameter 'shaders' in 'XRMaterial.XRMaterial(params XRShader[] shaders)'. [d:\Documents\XRENGINE\XREngine\XREngine.csproj]
d:\Documents\XRENGINE\XREngine\Rendering\API\Rendering\Objects\Materials\XRMaterial.cs(229,31): warning CS8604: Possible null reference argument for parameter 'shaders' in 'XRMaterial.XRMaterial(XRTexture?[] textures, params XRShader[] shaders)'. [d:\Documents\XRENGINE\XREngine\XREngine.csproj]
d:\Documents\XRENGINE\XREngine\Rendering\API\Rendering\Objects\Materials\XRMaterial.cs(254,60): warning CS8604: Possible null reference argument for parameter 'shaders' in 'XRMaterial.XRMaterial(ShaderVar[] parameters, params XRShader[] shaders)'. [d:\Documents\XRENGINE\XREngine\XREngine.csproj]
d:\Documents\XRENGINE\XREngine\Rendering\API\Rendering\Objects\Meshes\XRMesh.BufferCollection.cs(204,92): warning SYSLIB0050: 'ISerializable.GetObjectData(SerializationInfo, StreamingContext)' is obsolete: 'Formatter-based serialization is obsolete and should not be used.' (https://aka.ms/dotnet-warnings/SYSLIB0050) [d:\Documents\XRENGINE\XREngine\XREngine.csproj]
d:\Documents\XRENGINE\XREngine\Scene\Components\Audio\STT\Providers\AmazonSTTProvider.cs(3,43): warning CS9113: Parameter 'apiKey' is unread. [d:\Documents\XRENGINE\XREngine\XREngine.csproj]
d:\Documents\XRENGINE\XREngine\Scene\Components\Audio\STT\Providers\AmazonSTTProvider.cs(3,58): warning CS9113: Parameter 'language' is unread. [d:\Documents\XRENGINE\XREngine\XREngine.csproj]
d:\Documents\XRENGINE\XREngine\Rendering\API\XRWindow.cs(314,51): warning CS8601: Possible null reference assignment. [d:\Documents\XRENGINE\XREngine\XREngine.csproj]
d:\Documents\XRENGINE\XREngine\Rendering\API\Rendering\Vulkan\VulkanResourceAllocator.cs(78,49): warning CS8601: Possible null reference assignment. [d:\Documents\XRENGINE\XREngine\XREngine.csproj]
d:\Documents\XRENGINE\XREngine\Rendering\API\Rendering\Vulkan\VulkanResourceAllocator.cs(81,67): warning CS8601: Possible null reference assignment. [d:\Documents\XRENGINE\XREngine\XREngine.csproj]
d:\Documents\XRENGINE\XREngine\Rendering\API\Rendering\Vulkan\FrameBufferRenderPasses.cs(28,14): warning CS0219: The variable 'hasDepthAttachment' is assigned but its value is never used [d:\Documents\XRENGINE\XREngine\XREngine.csproj]
d:\Documents\XRENGINE\XREngine\Rendering\API\Rendering\Vulkan\VulkanResourcePlanner.cs(40,44): warning CS8601: Possible null reference assignment. [d:\Documents\XRENGINE\XREngine\XREngine.csproj]
d:\Documents\XRENGINE\XREngine\Rendering\API\Rendering\Vulkan\VulkanResourcePlanner.cs(43,48): warning CS8601: Possible null reference assignment. [d:\Documents\XRENGINE\XREngine\XREngine.csproj]
d:\Documents\XRENGINE\XREngine\Rendering\API\Rendering\OpenGL\OpenGLRenderer.cs(902,88): warning CS9195: Argument 3 should be passed with the 'in' keyword [d:\Documents\XRENGINE\XREngine\XREngine.csproj]
d:\Documents\XRENGINE\XREngine\Rendering\Camera\XRCamera.cs(585,17): warning CS8602: Dereference of a possibly null reference. [d:\Documents\XRENGINE\XREngine\XREngine.csproj]
d:\Documents\XRENGINE\XREngine\Scene\Components\Audio\STT\Providers\DeepgramSTTProvider.cs(44,38): warning CS8602: Dereference of a possibly null reference. [d:\Documents\XRENGINE\XREngine\XREngine.csproj]
d:\Documents\XRENGINE\XREngine\Rendering\API\Rendering\OpenGL\OpenGLRenderer.cs(1100,80): warning CS9195: Argument 3 should be passed with the 'in' keyword [d:\Documents\XRENGINE\XREngine\XREngine.csproj]
d:\Documents\XRENGINE\XREngine\Scene\Components\Audio\STT\Providers\GoogleSTTProvider.cs(54,38): warning CS8602: Dereference of a possibly null reference. [d:\Documents\XRENGINE\XREngine\XREngine.csproj]
d:\Documents\XRENGINE\XREngine\Rendering\PostProcessing\RenderPipelinePostProcessSchema.cs(83,45): warning CS8601: Possible null reference assignment. [d:\Documents\XRENGINE\XREngine\XREngine.csproj]
d:\Documents\XRENGINE\XREngine\Rendering\PostProcessing\CameraPostProcessStateCollection.cs(88,46): warning CS8601: Possible null reference assignment. [d:\Documents\XRENGINE\XREngine\XREngine.csproj]
d:\Documents\XRENGINE\XREngine\Scene\Components\UI\Core\UIVideoComponent.cs(427,13): warning CS0162: Unreachable code detected [d:\Documents\XRENGINE\XREngine\XREngine.csproj]
d:\Documents\XRENGINE\XREngine\Rendering\PostProcessing\CameraPostProcessStateCollection.cs(40,51): warning CS8601: Possible null reference assignment. [d:\Documents\XRENGINE\XREngine\XREngine.csproj]
d:\Documents\XRENGINE\XREngine\Rendering\Pipelines\Commands\Features\VPRC_BloomPass.cs(237,17): warning CS8602: Dereference of a possibly null reference. [d:\Documents\XRENGINE\XREngine\XREngine.csproj]
d:\Documents\XRENGINE\XREngine\Scene\Components\UI\Core\Arrangements\UITreeTransform.cs(15,16): warning CS8618: Non-nullable property 'OwningTreeComponent' must contain a non-null value when exiting constructor. Consider adding the 'required' modifier or declaring the property as nullable. [d:\Documents\XRENGINE\XREngine\XREngine.csproj]
d:\Documents\XRENGINE\XREngine\Rendering\API\Rendering\Vulkan\Objects\Types\VkTexture.cs(39,25): warning CS8602: Dereference of a possibly null reference. [d:\Documents\XRENGINE\XREngine\XREngine.csproj]
d:\Documents\XRENGINE\XREngine\Rendering\Pipelines\Commands\ViewportRenderCommandContainer.cs(134,41): warning CS8600: Converting null literal or possible null value to non-nullable type. [d:\Documents\XRENGINE\XREngine\XREngine.csproj]
d:\Documents\XRENGINE\XREngine\Scene\Components\UI\Core\UIVideoComponent.cs(1088,20): warning CS0219: The variable 'timeout' is assigned but its value is never used [d:\Documents\XRENGINE\XREngine\XREngine.csproj]
d:\Documents\XRENGINE\XREngine\Scene\Components\Lights\Types\OneViewLightComponent.cs(44,17): warning CS8602: Dereference of a possibly null reference. [d:\Documents\XRENGINE\XREngine\XREngine.csproj]
d:\Documents\XRENGINE\XREngine\Scene\Components\Lights\Types\PointLightComponent.cs(121,21): warning CS8602: Dereference of a possibly null reference. [d:\Documents\XRENGINE\XREngine\XREngine.csproj]
d:\Documents\XRENGINE\XREngine\Scene\Components\Capture\SceneCaptureComponent.cs(157,21): warning CS8602: Dereference of a possibly null reference. [d:\Documents\XRENGINE\XREngine\XREngine.csproj]
d:\Documents\XRENGINE\XREngine\Rendering\Pipelines\Types\DefaultRenderPipeline.cs(2818,21): warning CS8602: Dereference of a possibly null reference. [d:\Documents\XRENGINE\XREngine\XREngine.csproj]
d:\Documents\XRENGINE\XREngine\Scene\Components\Volumes\Trigger.cs(66,32): warning CS8602: Dereference of a possibly null reference. [d:\Documents\XRENGINE\XREngine\XREngine.csproj]
d:\Documents\XRENGINE\XREngine\Scene\Components\Volumes\Trigger.cs(72,28): warning CS8604: Possible null reference argument for parameter 'world' in 'bool ContactTest.Test(XRWorldInstance world)'. [d:\Documents\XRENGINE\XREngine\XREngine.csproj]
d:\Documents\XRENGINE\XREngine\Scene\Components\Volumes\Trigger.cs(83,25): warning CS8602: Dereference of a possibly null reference. [d:\Documents\XRENGINE\XREngine\XREngine.csproj]
d:\Documents\XRENGINE\XREngine\Scene\Components\Volumes\Trigger.cs(58,55): warning CS8625: Cannot convert null literal to non-nullable reference type. [d:\Documents\XRENGINE\XREngine\XREngine.csproj]
d:\Documents\XRENGINE\XREngine\Scene\Components\Volumes\Trigger.cs(14,34): warning CS8618: Non-nullable field 'Entered' must contain a non-null value when exiting constructor. Consider adding the 'required' modifier or declaring the field as nullable. [d:\Documents\XRENGINE\XREngine\XREngine.csproj]
d:\Documents\XRENGINE\XREngine\Scene\Components\Volumes\Trigger.cs(15,34): warning CS8618: Non-nullable field 'Left' must contain a non-null value when exiting constructor. Consider adding the 'required' modifier or declaring the field as nullable. [d:\Documents\XRENGINE\XREngine\XREngine.csproj]
d:\Documents\XRENGINE\XREngine\Scene\Components\Volumes\Trigger.cs(24,20): warning CS8618: Non-nullable property 'Contact' must contain a non-null value when exiting constructor. Consider adding the 'required' modifier or declaring the property as nullable. [d:\Documents\XRENGINE\XREngine\XREngine.csproj]
d:\Documents\XRENGINE\XREngine\Scene\Components\Splines\Spline3DPreviewComponent.cs(341,13): warning CS8602: Dereference of a possibly null reference. [d:\Documents\XRENGINE\XREngine\XREngine.csproj]
d:\Documents\XRENGINE\XREngine\Rendering\API\Rendering\OpenGL\Types\GLRenderProgram.cs(776,17): warning CS8602: Dereference of a possibly null reference. [d:\Documents\XRENGINE\XREngine\XREngine.csproj]
d:\Documents\XRENGINE\XREngine\Rendering\Commands\GPURenderPassCollection.Core.cs(309,31): warning CS0649: Field 'GPURenderPassCollection._statsBuffer' is never assigned to, and will always have its default value null [d:\Documents\XRENGINE\XREngine\XREngine.csproj]
d:\Documents\XRENGINE\XREngine\Rendering\Lights3DCollection.cs(314,33): warning CS0649: Field 'Lights3DCollection._instancedCellRenderer' is never assigned to, and will always have its default value null [d:\Documents\XRENGINE\XREngine\XREngine.csproj]
d:\Documents\XRENGINE\XREngine\Rendering\Commands\GPURenderPassCollection.Core.cs(342,31): warning CS0169: The field 'GPURenderPassCollection._keyIndexBufferA' is never used [d:\Documents\XRENGINE\XREngine\XREngine.csproj]
d:\Documents\XRENGINE\XREngine\Scene\Components\Animation\IK\Solvers\VR\IKSolverVR.cs(261,25): warning CS0169: The field 'IKSolverVR._rootVelocity' is never used [d:\Documents\XRENGINE\XREngine\XREngine.csproj]
d:\Documents\XRENGINE\XREngine\Scene\Components\UI\Interactable\UIComboBoxComponent.cs(9,36): warning CS0067: The event 'UIComboBoxComponent.Scrolled' is never used [d:\Documents\XRENGINE\XREngine\XREngine.csproj]
d:\Documents\XRENGINE\XREngine\Rendering\Commands\GPUScene.cs(26,25): warning CS0649: Field 'GPUScene.MeshInfo.IndexCount' is never assigned to, and will always have its default value 0 [d:\Documents\XRENGINE\XREngine\XREngine.csproj]
d:\Documents\XRENGINE\XREngine\Scene\Components\Animation\IK\Solvers\VR\IKSolverVR.cs(792,25): warning CS0169: The field 'IKSolverVR._lastOffset' is never used [d:\Documents\XRENGINE\XREngine\XREngine.csproj]
d:\Documents\XRENGINE\XREngine\Rendering\Commands\GPUScene.cs(28,25): warning CS0649: Field 'GPUScene.MeshInfo.BaseVertex' is never assigned to, and will always have its default value 0 [d:\Documents\XRENGINE\XREngine\XREngine.csproj]
d:\Documents\XRENGINE\XREngine\Scene\Components\Animation\IK\Solvers\VR\IKSolverVR.Locomotion.cs(204,27): warning CS0169: The field 'IKSolverVR.Locomotion._lastVelLocalMag' is never used [d:\Documents\XRENGINE\XREngine\XREngine.csproj]
d:\Documents\XRENGINE\XREngine\Rendering\Pipelines\Commands\Features\VPRC_TemporalAccumulationPass.cs(31,22): warning CS0649: Field 'VPRC_TemporalAccumulationPass.TemporalState.LastFrameCount' is never assigned to, and will always have its default value 0 [d:\Documents\XRENGINE\XREngine\XREngine.csproj]
d:\Documents\XRENGINE\XREngine\Scene\Components\Animation\IK\Solvers\VR\IKSolverVR.cs(262,25): warning CS0649: Field 'IKSolverVR._bodyOffset' is never assigned to, and will always have its default value [d:\Documents\XRENGINE\XREngine\XREngine.csproj]
d:\Documents\XRENGINE\XREngine\Scene\Components\Animation\IK\Solvers\VR\IKSolverVR.cs(789,25): warning CS0169: The field 'IKSolverVR._headPosition' is never used [d:\Documents\XRENGINE\XREngine\XREngine.csproj]
d:\Documents\XRENGINE\XREngine\Scene\Components\Animation\IK\Solvers\VR\IKSolverVR.cs(790,25): warning CS0169: The field 'IKSolverVR._headDeltaPosition' is never used [d:\Documents\XRENGINE\XREngine\XREngine.csproj]
d:\Documents\XRENGINE\XREngine\Scene\Components\Animation\IK\Solvers\VR\IKSolverVR.cs(260,25): warning CS0169: The field 'IKSolverVR._rootV' is never used [d:\Documents\XRENGINE\XREngine\XREngine.csproj]
d:\Documents\XRENGINE\XREngine\Rendering\Commands\GPUScene.cs(27,25): warning CS0649: Field 'GPUScene.MeshInfo.FirstIndex' is never assigned to, and will always have its default value 0 [d:\Documents\XRENGINE\XREngine\XREngine.csproj]
d:\Documents\XRENGINE\XREngine\Scene\Components\Animation\IK\Solvers\VR\IKSolverVR.Locomotion.cs(130,43): warning CS0169: The field 'IKSolverVR.Locomotion._rootVelocityV' is never used [d:\Documents\XRENGINE\XREngine\XREngine.csproj]
d:\Documents\XRENGINE\XREngine\Rendering\Commands\GPURenderPassCollection.Core.cs(310,31): warning CS0649: Field 'GPURenderPassCollection._truncationFlagBuffer' is never assigned to, and will always have its default value null [d:\Documents\XRENGINE\XREngine\XREngine.csproj]
d:\Documents\XRENGINE\XREngine\Models\Materials\Textures\TextureData.cs(15,20): warning CS0414: The field 'TextureData._pixelType' is assigned but its value is never used [d:\Documents\XRENGINE\XREngine\XREngine.csproj]
d:\Documents\XRENGINE\XREngine\Engine\Engine.Rendering.Settings.cs(129,30): warning CS0414: The field 'Engine.Rendering.EngineSettings._lightProbeDepthResolution' is assigned but its value is never used [d:\Documents\XRENGINE\XREngine\XREngine.csproj]
d:\Documents\XRENGINE\XREngine\Rendering\API\Rendering\Vulkan\Objects\Types\VkMeshRenderer.cs(76,16): warning CS0414: The field 'VulkanRenderer.VkMeshRenderer._meshDirty' is assigned but its value is never used [d:\Documents\XRENGINE\XREngine\XREngine.csproj]
d:\Documents\XRENGINE\XREngine\Rendering\API\Rendering\Objects\XRRenderProgram.cs(338,53): warning CS0414: The field 'XRRenderProgram.UniformSetBoolVector2ArrayRequested' is assigned but its value is never used [d:\Documents\XRENGINE\XREngine\XREngine.csproj]
d:\Documents\XRENGINE\XREngine\Scene\Components\Animation\IK\Solvers\VR\IKSolverVR.cs(675,23): warning CS0414: The field 'IKSolverVR._lastLocomotionWeight' is assigned but its value is never used [d:\Documents\XRENGINE\XREngine\XREngine.csproj]
d:\Documents\XRENGINE\XREngine\Rendering\API\Rendering\OpenXR\Init.cs(185,21): warning CS0414: The field 'OpenXRAPI._secondaryQueue' is assigned but its value is never used [d:\Documents\XRENGINE\XREngine\XREngine.csproj]
d:\Documents\XRENGINE\XREngine\Rendering\Commands\GPURenderPassCollection.CullingAndSoA.cs(24,21): warning CS0414: The field 'GPURenderPassCollection._passthroughFallbackForceLogBudget' is assigned but its value is never used [d:\Documents\XRENGINE\XREngine\XREngine.csproj]
d:\Documents\XRENGINE\XREngine\Core\Time\EngineTimer.cs(124,42): warning CS0414: The field 'EngineTimer._cancelRenderTokenSource' is assigned but its value is never used [d:\Documents\XRENGINE\XREngine\XREngine.csproj]
d:\Documents\XRENGINE\XREngine\Core\Time\EngineTimer.cs(129,23): warning CS0414: The field 'EngineTimer.SingleTask' is assigned but its value is never used [d:\Documents\XRENGINE\XREngine\XREngine.csproj]
d:\Documents\XRENGINE\XREngine\Engine\Engine.VRState.cs(996,42): warning CS0414: The field 'Engine.VRState._writer' is assigned but its value is never used [d:\Documents\XRENGINE\XREngine\XREngine.csproj]
d:\Documents\XRENGINE\XREngine\Rendering\API\Rendering\Objects\XRRenderProgram.cs(337,46): warning CS0414: The field 'XRRenderProgram.UniformSetBoolArrayRequested' is assigned but its value is never used [d:\Documents\XRENGINE\XREngine\XREngine.csproj]
d:\Documents\XRENGINE\XREngine\Core\Time\EngineTimer.cs(128,23): warning CS0414: The field 'EngineTimer.RenderTask' is assigned but its value is never used [d:\Documents\XRENGINE\XREngine\XREngine.csproj]
d:\Documents\XRENGINE\XREngine\Scene\Components\Audio\Converters\MicrophoneComponent.RVCConverter.cs(27,26): warning CS0414: The field 'MicrophoneComponent.RVCConverter._isInitialized' is assigned but its value is never used [d:\Documents\XRENGINE\XREngine\XREngine.csproj]
d:\Documents\XRENGINE\XREngine\Rendering\API\Rendering\Objects\XRRenderProgram.cs(339,53): warning CS0414: The field 'XRRenderProgram.UniformSetBoolVector3ArrayRequested' is assigned but its value is never used [d:\Documents\XRENGINE\XREngine\XREngine.csproj]
d:\Documents\XRENGINE\XREngine\Rendering\API\Rendering\Objects\XRRenderProgram.cs(340,53): warning CS0414: The field 'XRRenderProgram.UniformSetBoolVector4ArrayRequested' is assigned but its value is never used [d:\Documents\XRENGINE\XREngine\XREngine.csproj]
d:\Documents\XRENGINE\XREngine\Engine\Engine.VRState.cs(997,33): warning CS0414: The field 'Engine.VRState._waitingForInput' is assigned but its value is never used [d:\Documents\XRENGINE\XREngine\XREngine.csproj]
d:\Documents\XRENGINE\XREngine\Engine\SnapshotAssetReference.cs(16,65): warning IL2026: Using member 'XREngine.AssetManager.InstantiateVariant(XRPrefabVariant, XRWorldInstance, SceneNode, Boolean)' which has 'RequiresUnreferencedCodeAttribute' can break functionality when trimming application code. Prefab override reflection requires runtime metadata. [d:\Documents\XRENGINE\XREngine\XREngine.csproj]
d:\Documents\XRENGINE\XREngine\Engine\SnapshotAssetReference.cs(16,65): warning IL2026: Using member 'XREngine.AssetManager.InstantiateVariant(Guid, XRWorldInstance, SceneNode, Boolean)' which has 'RequiresUnreferencedCodeAttribute' can break functionality when trimming application code. Prefab override reflection requires runtime metadata. [d:\Documents\XRENGINE\XREngine\XREngine.csproj]
d:\Documents\XRENGINE\XREngine\Engine\SnapshotAssetReference.cs(16,65): warning IL2026: Using member 'XREngine.AssetManager.InstantiateVariant(String, XRWorldInstance, SceneNode, Boolean)' which has 'RequiresUnreferencedCodeAttribute' can break functionality when trimming application code. Prefab override reflection requires runtime metadata. [d:\Documents\XRENGINE\XREngine\XREngine.csproj]
d:\Documents\XRENGINE\XREngine\Engine\SnapshotAssetReference.cs(16,65): warning IL2026: Using member 'XREngine.AssetManager.InstantiateVariantAsync(String, XRWorldInstance, SceneNode, Boolean)' which has 'RequiresUnreferencedCodeAttribute' can break functionality when trimming application code. Prefab override reflection requires runtime metadata. [d:\Documents\XRENGINE\XREngine\XREngine.csproj]
d:\Documents\XRENGINE\XREngine\Core\Engine\AssetManager.cs(869,98): warning IL2026: Using member 'XREngine.AssetManager.DiscoverYamlTypeConverters()' which has 'RequiresUnreferencedCodeAttribute' can break functionality when trimming application code. Calls System.Reflection.Assembly.GetTypes(). [d:\Documents\XRENGINE\XREngine\XREngine.csproj]
d:\Documents\XRENGINE\XREngine\Scene\Components\XRComponent.cs(41,19): warning IL2087: 't' argument does not satisfy 'DynamicallyAccessedMemberTypes.PublicConstructors', 'DynamicallyAccessedMemberTypes.NonPublicConstructors', 'DynamicallyAccessedMemberTypes.PublicProperties' in call to 'XREngine.Components.XRComponent.New(SceneNode, Type)'. The generic parameter 'T' of 'XREngine.Components.XRComponent.New<T>(SceneNode)' does not have matching annotations. The source value must declare at least the same requirements as those declared on the target location it is assigned to. [d:\Documents\XRENGINE\XREngine\XREngine.csproj]
d:\Documents\XRENGINE\XREngine\Core\Files\XRAsset.MemoryPack.cs(22,30): warning IL2026: Using member 'XREngine.Core.Files.CookedBinarySerializer.Serialize(Object, CookedBinarySerializationCallbacks)' which has 'RequiresUnreferencedCodeAttribute' can break functionality when trimming application code. Cooked binary serialization relies on reflection and cannot be statically analyzed for trimming or AOT. [d:\Documents\XRENGINE\XREngine\XREngine.csproj]
d:\Documents\XRENGINE\XREngine\Core\Files\XRAsset.MemoryPack.cs(22,30): warning IL3050: Using member 'XREngine.Core.Files.CookedBinarySerializer.Serialize(Object, CookedBinarySerializationCallbacks)' which has 'RequiresDynamicCodeAttribute' can break functionality when AOT compiling. Cooked binary serialization relies on reflection and cannot be statically analyzed for trimming or AOT. [d:\Documents\XRENGINE\XREngine\XREngine.csproj]
d:\Documents\XRENGINE\XREngine\Core\Files\XRAsset.MemoryPack.cs(48,26): warning IL2057: Unrecognized value passed to the parameter 'typeName' of method 'System.Type.GetType(String, Boolean, Boolean)'. It's not possible to guarantee the availability of the target type. [d:\Documents\XRENGINE\XREngine\XREngine.csproj]
d:\Documents\XRENGINE\XREngine\Core\Files\XRAsset.MemoryPack.cs(54,24): warning IL2026: Using member 'System.Reflection.Assembly.GetType(String, Boolean, Boolean)' which has 'RequiresUnreferencedCodeAttribute' can break functionality when trimming application code. Types might be removed by trimming. If the type name is a string literal, consider using Type.GetType instead. [d:\Documents\XRENGINE\XREngine\XREngine.csproj]
d:\Documents\XRENGINE\XREngine\Core\Files\XRAsset.MemoryPack.cs(40,20): warning IL2026: Using member 'XREngine.Core.Files.CookedBinarySerializer.Deserialize(Type, ReadOnlySpan<Byte>, CookedBinarySerializationCallbacks)' which has 'RequiresUnreferencedCodeAttribute' can break functionality when trimming application code. Cooked binary serialization relies on reflection and cannot be statically analyzed for trimming or AOT. [d:\Documents\XRENGINE\XREngine\XREngine.csproj]
d:\Documents\XRENGINE\XREngine\Core\Files\XRAsset.MemoryPack.cs(40,20): warning IL3050: Using member 'XREngine.Core.Files.CookedBinarySerializer.Deserialize(Type, ReadOnlySpan<Byte>, CookedBinarySerializationCallbacks)' which has 'RequiresDynamicCodeAttribute' can break functionality when AOT compiling. Cooked binary serialization relies on reflection and cannot be statically analyzed for trimming or AOT. [d:\Documents\XRENGINE\XREngine\XREngine.csproj]
d:\Documents\XRENGINE\XREngine\Core\Attributes\RequiresTransformAttribute.cs(42,17): warning IL2072: 'type' argument does not satisfy 'DynamicallyAccessedMemberTypes.PublicParameterlessConstructor' in call to 'System.Activator.CreateInstance(Type, params Object[])'. The return value of method 'XREngine.Core.Attributes.RequiresTransformAttribute.Type.get' does not have matching annotations. The source value must declare at least the same requirements as those declared on the target location it is assigned to. [d:\Documents\XRENGINE\XREngine\XREngine.csproj]
d:\Documents\XRENGINE\XREngine\Core\Extensions\StringExtension.cs(18,17): warning IL2070: 'this' argument does not satisfy 'DynamicallyAccessedMemberTypes.Interfaces' in call to 'System.Type.GetInterface(String)'. The parameter 't' of method 'Extensions.StringExtension.ParseAs(String, Type)' does not have matching annotations. The source value must declare at least the same requirements as those declared on the target location it is assigned to. [d:\Documents\XRENGINE\XREngine\XREngine.csproj]
d:\Documents\XRENGINE\XREngine\Core\Extensions\StringExtension.cs(20,62): warning IL2067: 'type' argument does not satisfy 'DynamicallyAccessedMemberTypes.PublicParameterlessConstructor' in call to 'System.Activator.CreateInstance(Type)'. The parameter 't' of method 'Extensions.StringExtension.ParseAs(String, Type)' does not have matching annotations. The source value must declare at least the same requirements as those declared on the target location it is assigned to. [d:\Documents\XRENGINE\XREngine\XREngine.csproj]
d:\Documents\XRENGINE\XREngine\Core\Tools\DelegateBuilder.cs(59,44): warning IL2072: 'type' argument does not satisfy 'DynamicallyAccessedMemberTypes.PublicParameterlessConstructor' in call to 'System.Activator.CreateInstance(Type)'. The return value of method 'System.Reflection.ParameterInfo.ParameterType.get' does not have matching annotations. The source value must declare at least the same requirements as those declared on the target location it is assigned to. [d:\Documents\XRENGINE\XREngine\XREngine.csproj]
d:\Documents\XRENGINE\XREngine\Core\Tools\DelegateBuilder.cs(12,25): warning IL2090: 'this' argument does not satisfy 'DynamicallyAccessedMemberTypes.PublicMethods' in call to 'System.Type.GetMethod(String)'. The generic parameter 'T' of 'XREngine.Core.Tools.DelegateBuilder.BuildDelegate<T>(MethodInfo, params Object[])' does not have matching annotations. The source value must declare at least the same requirements as those declared on the target location it is assigned to. [d:\Documents\XRENGINE\XREngine\XREngine.csproj]
d:\Documents\XRENGINE\XREngine\Core\Engine\AssetManager.cs(555,25): warning IL2091: 'T' generic argument does not satisfy 'DynamicallyAccessedMemberTypes.PublicMethods' in 'XREngine.AssetManager.DeserializeAssetFileAsync<T>(String)'. The generic parameter 'T' of 'XREngine.AssetManager.LoadAsync<T>(String)' does not have matching annotations. The source value must declare at least the same requirements as those declared on the target location it is assigned to. [d:\Documents\XRENGINE\XREngine\XREngine.csproj]
d:\Documents\XRENGINE\XREngine\Core\Engine\AssetManager.cs(556,25): warning IL2091: 'T' generic argument does not satisfy 'DynamicallyAccessedMemberTypes.PublicMethods' in 'XREngine.AssetManager.Load3rdPartyWithCacheAsync<T>(String, String)'. The generic parameter 'T' of 'XREngine.AssetManager.LoadAsync<T>(String)' does not have matching annotations. The source value must declare at least the same requirements as those declared on the target location it is assigned to. [d:\Documents\XRENGINE\XREngine\XREngine.csproj]
d:\Documents\XRENGINE\XREngine\Core\Engine\AssetManager.cs(633,19): warning IL2091: 'T' generic argument does not satisfy 'DynamicallyAccessedMemberTypes.PublicMethods' in 'XREngine.AssetManager.DeserializeAssetFile<T>(String)'. The generic parameter 'T' of 'XREngine.AssetManager.Load<T>(String)' does not have matching annotations. The source value must declare at least the same requirements as those declared on the target location it is assigned to. [d:\Documents\XRENGINE\XREngine\XREngine.csproj]
d:\Documents\XRENGINE\XREngine\Core\Engine\AssetManager.cs(634,19): warning IL2091: 'T' generic argument does not satisfy 'DynamicallyAccessedMemberTypes.PublicMethods' in 'XREngine.AssetManager.Load3rdPartyWithCache<T>(String, String)'. The generic parameter 'T' of 'XREngine.AssetManager.Load<T>(String)' does not have matching annotations. The source value must declare at least the same requirements as those declared on the target location it is assigned to. [d:\Documents\XRENGINE\XREngine\XREngine.csproj]
d:\Documents\XRENGINE\XREngine\Core\Engine\AssetManager.cs(595,19): warning IL2067: 'type' argument does not satisfy 'DynamicallyAccessedMemberTypes.PublicMethods' in call to 'XREngine.AssetManager.Load3rdPartyWithCache(String, String, Type)'. The parameter 'type' of method 'XREngine.AssetManager.Load(String, Type)' does not have matching annotations. The source value must declare at least the same requirements as those declared on the target location it is assigned to. [d:\Documents\XRENGINE\XREngine\XREngine.csproj]
d:\Documents\XRENGINE\XREngine\Core\Tools\ExpressionParser.cs(163,68): warning IL2075: 'this' argument does not satisfy 'DynamicallyAccessedMemberTypes.PublicMethods', 'DynamicallyAccessedMemberTypes.NonPublicMethods' in call to 'System.Type.GetMethods(BindingFlags)'. The return value of method 'System.Object.GetType()' does not have matching annotations. The source value must declare at least the same requirements as those declared on the target location it is assigned to. [d:\Documents\XRENGINE\XREngine\XREngine.csproj]
d:\Documents\XRENGINE\XREngine\Core\Tools\ExpressionParser.cs(200,37): warning IL2075: 'this' argument does not satisfy 'DynamicallyAccessedMemberTypes.PublicFields', 'DynamicallyAccessedMemberTypes.NonPublicFields' in call to 'System.Type.GetFields(BindingFlags)'. The return value of method 'System.Object.GetType()' does not have matching annotations. The source value must declare at least the same requirements as those declared on the target location it is assigned to. [d:\Documents\XRENGINE\XREngine\XREngine.csproj]
d:\Documents\XRENGINE\XREngine\Core\Tools\ExpressionParser.cs(200,37): warning IL2075: 'this' argument does not satisfy 'DynamicallyAccessedMemberTypes.PublicFields', 'DynamicallyAccessedMemberTypes.NonPublicFields' in call to 'System.Type.GetFields(BindingFlags)'. The return value of method 'System.Type.BaseType.get' does not have matching annotations. The source value must declare at least the same requirements as those declared on the target location it is assigned to. [d:\Documents\XRENGINE\XREngine\XREngine.csproj]
d:\Documents\XRENGINE\XREngine\Core\Tools\ExpressionParser.cs(201,41): warning IL2075: 'this' argument does not satisfy 'DynamicallyAccessedMemberTypes.PublicProperties', 'DynamicallyAccessedMemberTypes.NonPublicProperties' in call to 'System.Type.GetProperties(BindingFlags)'. The return value of method 'System.Object.GetType()' does not have matching annotations. The source value must declare at least the same requirements as those declared on the target location it is assigned to. [d:\Documents\XRENGINE\XREngine\XREngine.csproj]
d:\Documents\XRENGINE\XREngine\Core\Tools\ExpressionParser.cs(201,41): warning IL2075: 'this' argument does not satisfy 'DynamicallyAccessedMemberTypes.PublicProperties', 'DynamicallyAccessedMemberTypes.NonPublicProperties' in call to 'System.Type.GetProperties(BindingFlags)'. The return value of method 'System.Type.BaseType.get' does not have matching annotations. The source value must declare at least the same requirements as those declared on the target location it is assigned to. [d:\Documents\XRENGINE\XREngine\XREngine.csproj]
d:\Documents\XRENGINE\XREngine\Engine\Networking\StateChangePayloadSerializer.cs(40,27): warning IL2091: 'T' generic argument does not satisfy 'DynamicallyAccessedMemberTypes.All' in 'MemoryPack.MemoryPackSerializer.Deserialize<T>(ReadOnlySpan<Byte>, MemoryPackSerializerOptions)'. The generic parameter 'T' of 'XREngine.Networking.StateChangePayloadSerializer.TryDeserialize<T>(String, out T)' does not have matching annotations. The source value must declare at least the same requirements as those declared on the target location it is assigned to. [d:\Documents\XRENGINE\XREngine\XREngine.csproj]
d:\Documents\XRENGINE\XREngine\Engine\Networking\StateChangePayloadSerializer.cs(28,31): warning IL2026: Using member 'Newtonsoft.Json.JsonConvert.DeserializeObject<T>(String)' which has 'RequiresUnreferencedCodeAttribute' can break functionality when trimming application code. Newtonsoft.Json relies on reflection over types that may be removed when trimming. [d:\Documents\XRENGINE\XREngine\XREngine.csproj]
d:\Documents\XRENGINE\XREngine\Engine\Networking\StateChangePayloadSerializer.cs(28,31): warning IL3050: Using member 'Newtonsoft.Json.JsonConvert.DeserializeObject<T>(String)' which has 'RequiresDynamicCodeAttribute' can break functionality when AOT compiling. Newtonsoft.Json relies on dynamically creating types that may not be available with Ahead of Time compilation. [d:\Documents\XRENGINE\XREngine\XREngine.csproj]
d:\Documents\XRENGINE\XREngine\Engine\SnapshotAssetReference.cs(66,20): warning IL2057: Unrecognized value passed to the parameter 'typeName' of method 'System.Type.GetType(String, Boolean, Boolean)'. It's not possible to guarantee the availability of the target type. [d:\Documents\XRENGINE\XREngine\XREngine.csproj]
d:\Documents\XRENGINE\XREngine\Engine\SnapshotAssetReference.cs(79,26): warning IL2060: Call to 'System.Reflection.MethodInfo.MakeGenericMethod(params Type[])' can not be statically analyzed. It's not possible to guarantee the availability of requirements of the generic method. [d:\Documents\XRENGINE\XREngine\XREngine.csproj]
d:\Documents\XRENGINE\XREngine\Engine\SnapshotAssetReference.cs(79,26): warning IL3050: Using member 'System.Reflection.MethodInfo.MakeGenericMethod(params Type[])' which has 'RequiresDynamicCodeAttribute' can break functionality when AOT compiling. The native code for this instantiation might not be available at runtime. [d:\Documents\XRENGINE\XREngine\XREngine.csproj]
d:\Documents\XRENGINE\XREngine\Engine\SnapshotBinarySerializer.cs(32,16): warning IL2026: Using member 'XREngine.Core.Files.CookedBinarySerializer.Serialize(Object, CookedBinarySerializationCallbacks)' which has 'RequiresUnreferencedCodeAttribute' can break functionality when trimming application code. Cooked binary serialization relies on reflection and cannot be statically analyzed for trimming or AOT. [d:\Documents\XRENGINE\XREngine\XREngine.csproj]
d:\Documents\XRENGINE\XREngine\Engine\SnapshotBinarySerializer.cs(32,16): warning IL3050: Using member 'XREngine.Core.Files.CookedBinarySerializer.Serialize(Object, CookedBinarySerializationCallbacks)' which has 'RequiresDynamicCodeAttribute' can break functionality when AOT compiling. Cooked binary serialization relies on reflection and cannot be statically analyzed for trimming or AOT. [d:\Documents\XRENGINE\XREngine\XREngine.csproj]
d:\Documents\XRENGINE\XREngine\Core\Engine\AssetManager.cs(879,27): warning IL3050: Using member 'YamlDotNet.Serialization.SerializerBuilder.SerializerBuilder()' which has 'RequiresDynamicCodeAttribute' can break functionality when AOT compiling. This builder configures the serializer to use reflection which is not compatible with ahead-of-time compilation or assembly trimming. You need to use the code generator/analyzer to generate static code and use the 'StaticSerializerBuilder' object instead of this one. [d:\Documents\XRENGINE\XREngine\XREngine.csproj]
d:\Documents\XRENGINE\XREngine\Engine\SnapshotBinarySerializer.cs(40,16): warning IL2026: Using member 'XREngine.Core.Files.CookedBinarySerializer.Deserialize(Type, ReadOnlySpan<Byte>, CookedBinarySerializationCallbacks)' which has 'RequiresUnreferencedCodeAttribute' can break functionality when trimming application code. Cooked binary serialization relies on reflection and cannot be statically analyzed for trimming or AOT. [d:\Documents\XRENGINE\XREngine\XREngine.csproj]
d:\Documents\XRENGINE\XREngine\Engine\SnapshotBinarySerializer.cs(40,16): warning IL3050: Using member 'XREngine.Core.Files.CookedBinarySerializer.Deserialize(Type, ReadOnlySpan<Byte>, CookedBinarySerializationCallbacks)' which has 'RequiresDynamicCodeAttribute' can break functionality when AOT compiling. Cooked binary serialization relies on reflection and cannot be statically analyzed for trimming or AOT. [d:\Documents\XRENGINE\XREngine\XREngine.csproj]
d:\Documents\XRENGINE\XREngine\GameMode.cs(27,20): warning IL2078: 'XREngine.GameMode.DefaultPlayerControllerClass.get' method return value does not satisfy 'DynamicallyAccessedMemberTypes.PublicConstructors' requirements. The field 'XREngine.GameMode._defaultPlayerControllerClass' does not have matching annotations. The source value must declare at least the same requirements as those declared on the target location it is assigned to. [d:\Documents\XRENGINE\XREngine\XREngine.csproj]
d:\Documents\XRENGINE\XREngine\GameMode.cs(43,20): warning IL2078: 'XREngine.GameMode.DefaultPlayerPawnClass.get' method return value does not satisfy 'DynamicallyAccessedMemberTypes.PublicConstructors' requirements. The field 'XREngine.GameMode._defaultPlayerPawnClass' does not have matching annotations. The source value must declare at least the same requirements as those declared on the target location it is assigned to. [d:\Documents\XRENGINE\XREngine\XREngine.csproj]
d:\Documents\XRENGINE\XREngine\Core\Files\JsonAsset.cs(22,20): warning IL2026: Using member 'Newtonsoft.Json.JsonConvert.SerializeObject(Object, Formatting)' which has 'RequiresUnreferencedCodeAttribute' can break functionality when trimming application code. Newtonsoft.Json relies on reflection over types that may be removed when trimming. [d:\Documents\XRENGINE\XREngine\XREngine.csproj]
d:\Documents\XRENGINE\XREngine\Core\Files\JsonAsset.cs(22,20): warning IL3050: Using member 'Newtonsoft.Json.JsonConvert.SerializeObject(Object, Formatting)' which has 'RequiresDynamicCodeAttribute' can break functionality when AOT compiling. Newtonsoft.Json relies on dynamically creating types that may not be available with Ahead of Time compilation. [d:\Documents\XRENGINE\XREngine\XREngine.csproj]
d:\Documents\XRENGINE\XREngine\Core\Files\JsonAsset.cs(22,20): warning IL2026: Using member 'Newtonsoft.Json.JsonConvert.SerializeObject(Object, Formatting)' which has 'RequiresUnreferencedCodeAttribute' can break functionality when trimming application code. Newtonsoft.Json relies on reflection over types that may be removed when trimming. [d:\Documents\XRENGINE\XREngine\XREngine.csproj]
d:\Documents\XRENGINE\XREngine\Core\Files\JsonAsset.cs(22,20): warning IL3050: Using member 'Newtonsoft.Json.JsonConvert.SerializeObject(Object, Formatting)' which has 'RequiresDynamicCodeAttribute' can break functionality when AOT compiling. Newtonsoft.Json relies on dynamically creating types that may not be available with Ahead of Time compilation. [d:\Documents\XRENGINE\XREngine\XREngine.csproj]
d:\Documents\XRENGINE\XREngine\Core\Files\JsonAsset.cs(27,39): warning IL2026: Using member 'Newtonsoft.Json.JsonConvert.SerializeObject(Object, Formatting)' which has 'RequiresUnreferencedCodeAttribute' can break functionality when trimming application code. Newtonsoft.Json relies on reflection over types that may be removed when trimming. [d:\Documents\XRENGINE\XREngine\XREngine.csproj]
d:\Documents\XRENGINE\XREngine\Core\Files\JsonAsset.cs(27,39): warning IL3050: Using member 'Newtonsoft.Json.JsonConvert.SerializeObject(Object, Formatting)' which has 'RequiresDynamicCodeAttribute' can break functionality when AOT compiling. Newtonsoft.Json relies on dynamically creating types that may not be available with Ahead of Time compilation. [d:\Documents\XRENGINE\XREngine\XREngine.csproj]
d:\Documents\XRENGINE\XREngine\Core\Files\JsonAsset.cs(61,63): warning IL2026: Using member 'Newtonsoft.Json.JsonConvert.DeserializeObject<T>(String)' which has 'RequiresUnreferencedCodeAttribute' can break functionality when trimming application code. Newtonsoft.Json relies on reflection over types that may be removed when trimming. [d:\Documents\XRENGINE\XREngine\XREngine.csproj]
d:\Documents\XRENGINE\XREngine\Core\Files\JsonAsset.cs(61,63): warning IL3050: Using member 'Newtonsoft.Json.JsonConvert.DeserializeObject<T>(String)' which has 'RequiresDynamicCodeAttribute' can break functionality when AOT compiling. Newtonsoft.Json relies on dynamically creating types that may not be available with Ahead of Time compilation. [d:\Documents\XRENGINE\XREngine\XREngine.csproj]
d:\Documents\XRENGINE\XREngine\Core\Files\JsonAsset.cs(16,20): warning IL2026: Using member 'Newtonsoft.Json.JsonConvert.SerializeObject(Object, Formatting)' which has 'RequiresUnreferencedCodeAttribute' can break functionality when trimming application code. Newtonsoft.Json relies on reflection over types that may be removed when trimming. [d:\Documents\XRENGINE\XREngine\XREngine.csproj]
d:\Documents\XRENGINE\XREngine\Core\Files\JsonAsset.cs(16,20): warning IL3050: Using member 'Newtonsoft.Json.JsonConvert.SerializeObject(Object, Formatting)' which has 'RequiresDynamicCodeAttribute' can break functionality when AOT compiling. Newtonsoft.Json relies on dynamically creating types that may not be available with Ahead of Time compilation. [d:\Documents\XRENGINE\XREngine\XREngine.csproj]
d:\Documents\XRENGINE\XREngine\Core\Engine\AssetManager.cs(1106,35): warning IL2091: 'T' generic argument does not satisfy 'DynamicallyAccessedMemberTypes.PublicMethods' in 'XREngine.AssetManager.DeserializeAssetFile<T>(String)'. The generic parameter 'T' of 'XREngine.AssetManager.TryLoadCachedAsset<T>(String, String, DateTime, out T)' does not have matching annotations. The source value must declare at least the same requirements as those declared on the target location it is assigned to. [d:\Documents\XRENGINE\XREngine\XREngine.csproj]
d:\Documents\XRENGINE\XREngine\Core\Engine\AssetManager.cs(901,27): warning IL3050: Using member 'YamlDotNet.Serialization.DeserializerBuilder.DeserializerBuilder()' which has 'RequiresDynamicCodeAttribute' can break functionality when AOT compiling. This builder configures the deserializer to use reflection which is not compatible with ahead-of-time compilation or assembly trimming. You need to use the code generator/analyzer to generate static code and use the 'StaticDeserializerBuilder' object instead of this one. [d:\Documents\XRENGINE\XREngine\XREngine.csproj]
d:\Documents\XRENGINE\XREngine\Core\Engine\AssetManager.cs(1157,41): warning IL2091: 'T' generic argument does not satisfy 'DynamicallyAccessedMemberTypes.PublicMethods' in 'XREngine.AssetManager.DeserializeAssetFileAsync<T>(String)'. The generic parameter 'T' of 'XREngine.AssetManager.TryLoadCachedAssetAsync<T>(String, String, DateTime)' does not have matching annotations. The source value must declare at least the same requirements as those declared on the target location it is assigned to. [d:\Documents\XRENGINE\XREngine\XREngine.csproj]
d:\Documents\XRENGINE\XREngine\Core\Files\JsonAsset.cs(81,43): warning IL2026: Using member 'Newtonsoft.Json.JsonConvert.SerializeObject(Object, Formatting)' which has 'RequiresUnreferencedCodeAttribute' can break functionality when trimming application code. Newtonsoft.Json relies on reflection over types that may be removed when trimming. [d:\Documents\XRENGINE\XREngine\XREngine.csproj]
d:\Documents\XRENGINE\XREngine\Core\Files\JsonAsset.cs(81,43): warning IL3050: Using member 'Newtonsoft.Json.JsonConvert.SerializeObject(Object, Formatting)' which has 'RequiresDynamicCodeAttribute' can break functionality when AOT compiling. Newtonsoft.Json relies on dynamically creating types that may not be available with Ahead of Time compilation. [d:\Documents\XRENGINE\XREngine\XREngine.csproj]
d:\Documents\XRENGINE\XREngine\Core\Engine\AssetManager.cs(1288,25): warning IL2067: 'type' argument does not satisfy 'DynamicallyAccessedMemberTypes.PublicParameterlessConstructor' in call to 'Extensions.TypeExtension.CreateInstance(Type)'. The parameter 'type' of method 'XREngine.AssetManager.Load3rdPartyAsset(String, String, Type)' does not have matching annotations. The source value must declare at least the same requirements as those declared on the target location it is assigned to. [d:\Documents\XRENGINE\XREngine\XREngine.csproj]
d:\Documents\XRENGINE\XREngine\Rendering\XRWorldObjectBase.cs(326,25): warning IL2075: 'this' argument does not satisfy 'DynamicallyAccessedMemberTypes.PublicProperties' in call to 'System.Type.GetProperties(BindingFlags)'. The return value of method 'System.Object.GetType()' does not have matching annotations. The source value must declare at least the same requirements as those declared on the target location it is assigned to. [d:\Documents\XRENGINE\XREngine\XREngine.csproj]
d:\Documents\XRENGINE\XREngine\Rendering\XRWorldObjectBase.cs(111,28): warning IL2026: Using member 'System.Reflection.Assembly.GetTypes()' which has 'RequiresUnreferencedCodeAttribute' can break functionality when trimming application code. Types might be removed. [d:\Documents\XRENGINE\XREngine\XREngine.csproj]
d:\Documents\XRENGINE\XREngine\Rendering\XRWorldObjectBase.cs(130,29): warning IL2070: 'this' argument does not satisfy 'DynamicallyAccessedMemberTypes.PublicProperties', 'DynamicallyAccessedMemberTypes.NonPublicProperties' in call to 'System.Type.GetProperties(BindingFlags)'. The parameter 't' of method 'TestType(Type)' does not have matching annotations. The source value must declare at least the same requirements as those declared on the target location it is assigned to. [d:\Documents\XRENGINE\XREngine\XREngine.csproj]
d:\Documents\XRENGINE\XREngine\Engine\Engine.State.cs(187,37): warning IL2070: 'this' argument does not satisfy 'DynamicallyAccessedMemberTypes.PublicConstructors' in call to 'System.Type.GetConstructor(Type[])'. The parameter 'controllerType' of method 'XREngine.Engine.State.InstantiateLocalPlayerController(Type, ELocalPlayerIndex)' does not have matching annotations. The source value must declare at least the same requirements as those declared on the target location it is assigned to. [d:\Documents\XRENGINE\XREngine\XREngine.csproj]
d:\Documents\XRENGINE\XREngine\Engine\Engine.State.cs(191,30): warning IL2067: 'type' argument does not satisfy 'DynamicallyAccessedMemberTypes.PublicParameterlessConstructor' in call to 'System.Activator.CreateInstance(Type)'. The parameter 'controllerType' of method 'XREngine.Engine.State.InstantiateLocalPlayerController(Type, ELocalPlayerIndex)' does not have matching annotations. The source value must declare at least the same requirements as those declared on the target location it is assigned to. [d:\Documents\XRENGINE\XREngine\XREngine.csproj]
d:\Documents\XRENGINE\XREngine\Scene\SceneNode.cs(583,17): warning IL2067: 't' argument does not satisfy 'DynamicallyAccessedMemberTypes.PublicConstructors', 'DynamicallyAccessedMemberTypes.NonPublicConstructors', 'DynamicallyAccessedMemberTypes.PublicProperties' in call to 'XREngine.Components.XRComponent.New(SceneNode, Type)'. The parameter 'type' of method 'XREngine.Scene.SceneNode.AddComponent(Type, String)' does not have matching annotations. The source value must declare at least the same requirements as those declared on the target location it is assigned to. [d:\Documents\XRENGINE\XREngine\XREngine.csproj]
d:\Documents\XRENGINE\XREngine\Engine\Engine.VRState.cs(632,41): warning IL2026: Using member 'System.Text.Json.JsonSerializer.Serialize<TValue>(TValue, JsonSerializerOptions)' which has 'RequiresUnreferencedCodeAttribute' can break functionality when trimming application code. JSON serialization and deserialization might require types that cannot be statically analyzed. Use the overload that takes a JsonTypeInfo or JsonSerializerContext, or make sure all of the required types are preserved. [d:\Documents\XRENGINE\XREngine\XREngine.csproj]
d:\Documents\XRENGINE\XREngine\Engine\Engine.VRState.cs(632,41): warning IL3050: Using member 'System.Text.Json.JsonSerializer.Serialize<TValue>(TValue, JsonSerializerOptions)' which has 'RequiresDynamicCodeAttribute' can break functionality when AOT compiling. JSON serialization and deserialization might require types that cannot be statically analyzed and might need runtime code generation. Use System.Text.Json source generation for native AOT applications. [d:\Documents\XRENGINE\XREngine\XREngine.csproj]
d:\Documents\XRENGINE\XREngine\Scene\Components\Audio\Converters\MicrophoneComponent.ElevenLabsConverter.cs(218,49): warning IL2026: Using member 'System.Text.Json.JsonSerializer.Serialize<TValue>(TValue, JsonSerializerOptions)' which has 'RequiresUnreferencedCodeAttribute' can break functionality when trimming application code. JSON serialization and deserialization might require types that cannot be statically analyzed. Use the overload that takes a JsonTypeInfo or JsonSerializerContext, or make sure all of the required types are preserved. [d:\Documents\XRENGINE\XREngine\XREngine.csproj]
d:\Documents\XRENGINE\XREngine\Scene\Components\Audio\Converters\MicrophoneComponent.ElevenLabsConverter.cs(218,49): warning IL3050: Using member 'System.Text.Json.JsonSerializer.Serialize<TValue>(TValue, JsonSerializerOptions)' which has 'RequiresDynamicCodeAttribute' can break functionality when AOT compiling. JSON serialization and deserialization might require types that cannot be statically analyzed and might need runtime code generation. Use System.Text.Json source generation for native AOT applications. [d:\Documents\XRENGINE\XREngine\XREngine.csproj]
d:\Documents\XRENGINE\XREngine\Rendering\API\Rendering\Objects\Meshes\XRMesh.BufferCollection.cs(134,76): warning IL2091: 'T' generic argument does not satisfy 'DynamicallyAccessedMemberTypes.PublicConstructors', 'DynamicallyAccessedMemberTypes.NonPublicConstructors' in 'XREngine.Rendering.XRDataBuffer.GetDataRaw<T>(out T[], Boolean)'. The generic parameter 'T' of 'XREngine.Rendering.XRMesh.BufferCollection.GetBufferRaw<T>(String, out T[], Boolean)' does not have matching annotations. The source value must declare at least the same requirements as those declared on the target location it is assigned to. [d:\Documents\XRENGINE\XREngine\XREngine.csproj]
d:\Documents\XRENGINE\XREngine\Rendering\API\XRWindow.cs(54,33): warning IL2026: Using member 'Newtonsoft.Json.JsonConvert.SerializeObject(Object)' which has 'RequiresUnreferencedCodeAttribute' can break functionality when trimming application code. Newtonsoft.Json relies on reflection over types that may be removed when trimming. [d:\Documents\XRENGINE\XREngine\XREngine.csproj]
d:\Documents\XRENGINE\XREngine\Rendering\API\XRWindow.cs(54,33): warning IL3050: Using member 'Newtonsoft.Json.JsonConvert.SerializeObject(Object)' which has 'RequiresDynamicCodeAttribute' can break functionality when AOT compiling. Newtonsoft.Json relies on dynamically creating types that may not be available with Ahead of Time compilation. [d:\Documents\XRENGINE\XREngine\XREngine.csproj]
d:\Documents\XRENGINE\XREngine\Scene\Components\Audio\STT\Providers\AssemblyAISTTProvider.cs(40,38): warning IL2026: Using member 'System.Text.Json.JsonSerializer.Deserialize<TValue>(String, JsonSerializerOptions)' which has 'RequiresUnreferencedCodeAttribute' can break functionality when trimming application code. JSON serialization and deserialization might require types that cannot be statically analyzed. Use the overload that takes a JsonTypeInfo or JsonSerializerContext, or make sure all of the required types are preserved. [d:\Documents\XRENGINE\XREngine\XREngine.csproj]
d:\Documents\XRENGINE\XREngine\Scene\Components\Audio\STT\Providers\AssemblyAISTTProvider.cs(40,38): warning IL3050: Using member 'System.Text.Json.JsonSerializer.Deserialize<TValue>(String, JsonSerializerOptions)' which has 'RequiresDynamicCodeAttribute' can break functionality when AOT compiling. JSON serialization and deserialization might require types that cannot be statically analyzed and might need runtime code generation. Use System.Text.Json source generation for native AOT applications. [d:\Documents\XRENGINE\XREngine\XREngine.csproj]
d:\Documents\XRENGINE\XREngine\Scene\Components\Audio\STT\Providers\AssemblyAISTTProvider.cs(62,62): warning IL2026: Using member 'System.Text.Json.JsonSerializer.Serialize<TValue>(TValue, JsonSerializerOptions)' which has 'RequiresUnreferencedCodeAttribute' can break functionality when trimming application code. JSON serialization and deserialization might require types that cannot be statically analyzed. Use the overload that takes a JsonTypeInfo or JsonSerializerContext, or make sure all of the required types are preserved. [d:\Documents\XRENGINE\XREngine\XREngine.csproj]
d:\Documents\XRENGINE\XREngine\Scene\Components\Audio\STT\Providers\AssemblyAISTTProvider.cs(62,62): warning IL3050: Using member 'System.Text.Json.JsonSerializer.Serialize<TValue>(TValue, JsonSerializerOptions)' which has 'RequiresDynamicCodeAttribute' can break functionality when AOT compiling. JSON serialization and deserialization might require types that cannot be statically analyzed and might need runtime code generation. Use System.Text.Json source generation for native AOT applications. [d:\Documents\XRENGINE\XREngine\XREngine.csproj]
d:\Documents\XRENGINE\XREngine\Scene\Components\Audio\STT\Providers\AssemblyAISTTProvider.cs(70,43): warning IL2026: Using member 'System.Text.Json.JsonSerializer.Deserialize<TValue>(String, JsonSerializerOptions)' which has 'RequiresUnreferencedCodeAttribute' can break functionality when trimming application code. JSON serialization and deserialization might require types that cannot be statically analyzed. Use the overload that takes a JsonTypeInfo or JsonSerializerContext, or make sure all of the required types are preserved. [d:\Documents\XRENGINE\XREngine\XREngine.csproj]
d:\Documents\XRENGINE\XREngine\Scene\Components\Audio\STT\Providers\AssemblyAISTTProvider.cs(70,43): warning IL3050: Using member 'System.Text.Json.JsonSerializer.Deserialize<TValue>(String, JsonSerializerOptions)' which has 'RequiresDynamicCodeAttribute' can break functionality when AOT compiling. JSON serialization and deserialization might require types that cannot be statically analyzed and might need runtime code generation. Use System.Text.Json source generation for native AOT applications. [d:\Documents\XRENGINE\XREngine\XREngine.csproj]
d:\Documents\XRENGINE\XREngine\Scene\Components\Audio\STT\Providers\AssemblyAISTTProvider.cs(85,40): warning IL2026: Using member 'System.Text.Json.JsonSerializer.Deserialize<TValue>(String, JsonSerializerOptions)' which has 'RequiresUnreferencedCodeAttribute' can break functionality when trimming application code. JSON serialization and deserialization might require types that cannot be statically analyzed. Use the overload that takes a JsonTypeInfo or JsonSerializerContext, or make sure all of the required types are preserved. [d:\Documents\XRENGINE\XREngine\XREngine.csproj]
d:\Documents\XRENGINE\XREngine\Scene\Components\Audio\STT\Providers\AssemblyAISTTProvider.cs(85,40): warning IL3050: Using member 'System.Text.Json.JsonSerializer.Deserialize<TValue>(String, JsonSerializerOptions)' which has 'RequiresDynamicCodeAttribute' can break functionality when AOT compiling. JSON serialization and deserialization might require types that cannot be statically analyzed and might need runtime code generation. Use System.Text.Json source generation for native AOT applications. [d:\Documents\XRENGINE\XREngine\XREngine.csproj]
d:\Documents\XRENGINE\XREngine\Scene\Components\Audio\STT\Providers\AzureSTTProvider.cs(41,30): warning IL2026: Using member 'System.Text.Json.JsonSerializer.Deserialize<TValue>(String, JsonSerializerOptions)' which has 'RequiresUnreferencedCodeAttribute' can break functionality when trimming application code. JSON serialization and deserialization might require types that cannot be statically analyzed. Use the overload that takes a JsonTypeInfo or JsonSerializerContext, or make sure all of the required types are preserved. [d:\Documents\XRENGINE\XREngine\XREngine.csproj]
d:\Documents\XRENGINE\XREngine\Scene\Components\Audio\STT\Providers\AzureSTTProvider.cs(41,30): warning IL3050: Using member 'System.Text.Json.JsonSerializer.Deserialize<TValue>(String, JsonSerializerOptions)' which has 'RequiresDynamicCodeAttribute' can break functionality when AOT compiling. JSON serialization and deserialization might require types that cannot be statically analyzed and might need runtime code generation. Use System.Text.Json source generation for native AOT applications. [d:\Documents\XRENGINE\XREngine\XREngine.csproj]
d:\Documents\XRENGINE\XREngine\Rendering\API\Rendering\Objects\Textures\2D\XRTexture2D.cs(1035,13): warning IL2026: Using member 'XREngine.Core.Files.CookedBinaryWriter.WriteValue(Object)' which has 'RequiresUnreferencedCodeAttribute' can break functionality when trimming application code. Cooked binary serialization relies on reflection and cannot be statically analyzed for trimming or AOT. [d:\Documents\XRENGINE\XREngine\XREngine.csproj]
d:\Documents\XRENGINE\XREngine\Rendering\API\Rendering\Objects\Textures\2D\XRTexture2D.cs(1035,13): warning IL3050: Using member 'XREngine.Core.Files.CookedBinaryWriter.WriteValue(Object)' which has 'RequiresDynamicCodeAttribute' can break functionality when AOT compiling. Cooked binary serialization relies on reflection and cannot be statically analyzed for trimming or AOT. [d:\Documents\XRENGINE\XREngine\XREngine.csproj]
d:\Documents\XRENGINE\XREngine\Rendering\API\Rendering\Objects\Textures\2D\XRTexture2D.cs(1041,17): warning IL2026: Using member 'XREngine.Core.Files.CookedBinaryWriter.WriteValue(Object)' which has 'RequiresUnreferencedCodeAttribute' can break functionality when trimming application code. Cooked binary serialization relies on reflection and cannot be statically analyzed for trimming or AOT. [d:\Documents\XRENGINE\XREngine\XREngine.csproj]
d:\Documents\XRENGINE\XREngine\Rendering\API\Rendering\Objects\Textures\2D\XRTexture2D.cs(1041,17): warning IL3050: Using member 'XREngine.Core.Files.CookedBinaryWriter.WriteValue(Object)' which has 'RequiresDynamicCodeAttribute' can break functionality when AOT compiling. Cooked binary serialization relies on reflection and cannot be statically analyzed for trimming or AOT. [d:\Documents\XRENGINE\XREngine\XREngine.csproj]
d:\Documents\XRENGINE\XREngine\Rendering\API\Rendering\Objects\Textures\2D\XRTexture2D.cs(1042,17): warning IL2026: Using member 'XREngine.Core.Files.CookedBinaryWriter.WriteValue(Object)' which has 'RequiresUnreferencedCodeAttribute' can break functionality when trimming application code. Cooked binary serialization relies on reflection and cannot be statically analyzed for trimming or AOT. [d:\Documents\XRENGINE\XREngine\XREngine.csproj]
d:\Documents\XRENGINE\XREngine\Rendering\API\Rendering\Objects\Textures\2D\XRTexture2D.cs(1042,17): warning IL3050: Using member 'XREngine.Core.Files.CookedBinaryWriter.WriteValue(Object)' which has 'RequiresDynamicCodeAttribute' can break functionality when AOT compiling. Cooked binary serialization relies on reflection and cannot be statically analyzed for trimming or AOT. [d:\Documents\XRENGINE\XREngine\XREngine.csproj]
d:\Documents\XRENGINE\XREngine\Rendering\API\Rendering\Objects\Textures\2D\XRTexture2D.cs(1043,17): warning IL2026: Using member 'XREngine.Core.Files.CookedBinaryWriter.WriteValue(Object)' which has 'RequiresUnreferencedCodeAttribute' can break functionality when trimming application code. Cooked binary serialization relies on reflection and cannot be statically analyzed for trimming or AOT. [d:\Documents\XRENGINE\XREngine\XREngine.csproj]
d:\Documents\XRENGINE\XREngine\Rendering\API\Rendering\Objects\Textures\2D\XRTexture2D.cs(1043,17): warning IL3050: Using member 'XREngine.Core.Files.CookedBinaryWriter.WriteValue(Object)' which has 'RequiresDynamicCodeAttribute' can break functionality when AOT compiling. Cooked binary serialization relies on reflection and cannot be statically analyzed for trimming or AOT. [d:\Documents\XRENGINE\XREngine\XREngine.csproj]
d:\Documents\XRENGINE\XREngine\Rendering\API\Rendering\Objects\Textures\2D\XRTexture2D.cs(1044,17): warning IL2026: Using member 'XREngine.Core.Files.CookedBinaryWriter.WriteValue(Object)' which has 'RequiresUnreferencedCodeAttribute' can break functionality when trimming application code. Cooked binary serialization relies on reflection and cannot be statically analyzed for trimming or AOT. [d:\Documents\XRENGINE\XREngine\XREngine.csproj]
d:\Documents\XRENGINE\XREngine\Rendering\API\Rendering\Objects\Textures\2D\XRTexture2D.cs(1044,17): warning IL3050: Using member 'XREngine.Core.Files.CookedBinaryWriter.WriteValue(Object)' which has 'RequiresDynamicCodeAttribute' can break functionality when AOT compiling. Cooked binary serialization relies on reflection and cannot be statically analyzed for trimming or AOT. [d:\Documents\XRENGINE\XREngine\XREngine.csproj]
d:\Documents\XRENGINE\XREngine\Rendering\API\Rendering\Objects\Textures\2D\XRTexture2D.cs(1045,17): warning IL2026: Using member 'XREngine.Core.Files.CookedBinaryWriter.WriteValue(Object)' which has 'RequiresUnreferencedCodeAttribute' can break functionality when trimming application code. Cooked binary serialization relies on reflection and cannot be statically analyzed for trimming or AOT. [d:\Documents\XRENGINE\XREngine\XREngine.csproj]
d:\Documents\XRENGINE\XREngine\Rendering\API\Rendering\Objects\Textures\2D\XRTexture2D.cs(1045,17): warning IL3050: Using member 'XREngine.Core.Files.CookedBinaryWriter.WriteValue(Object)' which has 'RequiresDynamicCodeAttribute' can break functionality when AOT compiling. Cooked binary serialization relies on reflection and cannot be statically analyzed for trimming or AOT. [d:\Documents\XRENGINE\XREngine\XREngine.csproj]
d:\Documents\XRENGINE\XREngine\Rendering\API\Rendering\Objects\Textures\2D\XRTexture2D.cs(1046,17): warning IL2026: Using member 'XREngine.Core.Files.CookedBinaryWriter.WriteValue(Object)' which has 'RequiresUnreferencedCodeAttribute' can break functionality when trimming application code. Cooked binary serialization relies on reflection and cannot be statically analyzed for trimming or AOT. [d:\Documents\XRENGINE\XREngine\XREngine.csproj]
d:\Documents\XRENGINE\XREngine\Rendering\API\Rendering\Objects\Textures\2D\XRTexture2D.cs(1046,17): warning IL3050: Using member 'XREngine.Core.Files.CookedBinaryWriter.WriteValue(Object)' which has 'RequiresDynamicCodeAttribute' can break functionality when AOT compiling. Cooked binary serialization relies on reflection and cannot be statically analyzed for trimming or AOT. [d:\Documents\XRENGINE\XREngine\XREngine.csproj]
d:\Documents\XRENGINE\XREngine\Rendering\API\Rendering\Objects\Textures\2D\XRTexture2D.cs(1064,33): warning IL2026: Using member 'XREngine.Core.Files.CookedBinaryReader.ReadValue<T>()' which has 'RequiresUnreferencedCodeAttribute' can break functionality when trimming application code. Cooked binary serialization relies on reflection and cannot be statically analyzed for trimming or AOT. [d:\Documents\XRENGINE\XREngine\XREngine.csproj]
d:\Documents\XRENGINE\XREngine\Rendering\API\Rendering\Objects\Textures\2D\XRTexture2D.cs(1064,33): warning IL3050: Using member 'XREngine.Core.Files.CookedBinaryReader.ReadValue<T>()' which has 'RequiresDynamicCodeAttribute' can break functionality when AOT compiling. Cooked binary serialization relies on reflection and cannot be statically analyzed for trimming or AOT. [d:\Documents\XRENGINE\XREngine\XREngine.csproj]
d:\Documents\XRENGINE\XREngine\Rendering\API\Rendering\Objects\Textures\2D\XRTexture2D.cs(1083,13): warning IL2026: Using member 'XREngine.Core.Files.CookedBinaryWriter.WriteValue(Object)' which has 'RequiresUnreferencedCodeAttribute' can break functionality when trimming application code. Cooked binary serialization relies on reflection and cannot be statically analyzed for trimming or AOT. [d:\Documents\XRENGINE\XREngine\XREngine.csproj]
d:\Documents\XRENGINE\XREngine\Rendering\API\Rendering\Objects\Textures\2D\XRTexture2D.cs(1083,13): warning IL3050: Using member 'XREngine.Core.Files.CookedBinaryWriter.WriteValue(Object)' which has 'RequiresDynamicCodeAttribute' can break functionality when AOT compiling. Cooked binary serialization relies on reflection and cannot be statically analyzed for trimming or AOT. [d:\Documents\XRENGINE\XREngine\XREngine.csproj]
d:\Documents\XRENGINE\XREngine\Rendering\API\Rendering\Objects\Textures\2D\XRTexture2D.cs(1087,13): warning IL2026: Using member 'XREngine.Core.Files.CookedBinaryWriter.WriteValue(Object)' which has 'RequiresUnreferencedCodeAttribute' can break functionality when trimming application code. Cooked binary serialization relies on reflection and cannot be statically analyzed for trimming or AOT. [d:\Documents\XRENGINE\XREngine\XREngine.csproj]
d:\Documents\XRENGINE\XREngine\Rendering\API\Rendering\Objects\Textures\2D\XRTexture2D.cs(1087,13): warning IL3050: Using member 'XREngine.Core.Files.CookedBinaryWriter.WriteValue(Object)' which has 'RequiresDynamicCodeAttribute' can break functionality when AOT compiling. Cooked binary serialization relies on reflection and cannot be statically analyzed for trimming or AOT. [d:\Documents\XRENGINE\XREngine\XREngine.csproj]
d:\Documents\XRENGINE\XREngine\Rendering\API\Rendering\Objects\Textures\2D\XRTexture2D.cs(1115,24): warning IL2026: Using member 'XREngine.Core.Files.CookedBinaryReader.ReadValue<T>()' which has 'RequiresUnreferencedCodeAttribute' can break functionality when trimming application code. Cooked binary serialization relies on reflection and cannot be statically analyzed for trimming or AOT. [d:\Documents\XRENGINE\XREngine\XREngine.csproj]
d:\Documents\XRENGINE\XREngine\Rendering\API\Rendering\Objects\Textures\2D\XRTexture2D.cs(1115,24): warning IL3050: Using member 'XREngine.Core.Files.CookedBinaryReader.ReadValue<T>()' which has 'RequiresDynamicCodeAttribute' can break functionality when AOT compiling. Cooked binary serialization relies on reflection and cannot be statically analyzed for trimming or AOT. [d:\Documents\XRENGINE\XREngine\XREngine.csproj]
d:\Documents\XRENGINE\XREngine\Rendering\API\Rendering\Objects\Textures\2D\XRTexture2D.cs(1088,13): warning IL2026: Using member 'XREngine.Core.Files.CookedBinaryWriter.WriteValue(Object)' which has 'RequiresUnreferencedCodeAttribute' can break functionality when trimming application code. Cooked binary serialization relies on reflection and cannot be statically analyzed for trimming or AOT. [d:\Documents\XRENGINE\XREngine\XREngine.csproj]
d:\Documents\XRENGINE\XREngine\Rendering\API\Rendering\Objects\Textures\2D\XRTexture2D.cs(1088,13): warning IL3050: Using member 'XREngine.Core.Files.CookedBinaryWriter.WriteValue(Object)' which has 'RequiresDynamicCodeAttribute' can break functionality when AOT compiling. Cooked binary serialization relies on reflection and cannot be statically analyzed for trimming or AOT. [d:\Documents\XRENGINE\XREngine\XREngine.csproj]
d:\Documents\XRENGINE\XREngine\Rendering\API\Rendering\Objects\Textures\2D\XRTexture2D.cs(1089,13): warning IL2026: Using member 'XREngine.Core.Files.CookedBinaryWriter.WriteValue(Object)' which has 'RequiresUnreferencedCodeAttribute' can break functionality when trimming application code. Cooked binary serialization relies on reflection and cannot be statically analyzed for trimming or AOT. [d:\Documents\XRENGINE\XREngine\XREngine.csproj]
d:\Documents\XRENGINE\XREngine\Rendering\API\Rendering\Objects\Textures\2D\XRTexture2D.cs(1089,13): warning IL3050: Using member 'XREngine.Core.Files.CookedBinaryWriter.WriteValue(Object)' which has 'RequiresDynamicCodeAttribute' can break functionality when AOT compiling. Cooked binary serialization relies on reflection and cannot be statically analyzed for trimming or AOT. [d:\Documents\XRENGINE\XREngine\XREngine.csproj]
d:\Documents\XRENGINE\XREngine\Rendering\API\Rendering\Objects\Textures\2D\XRTexture2D.cs(1090,13): warning IL2026: Using member 'XREngine.Core.Files.CookedBinaryWriter.WriteValue(Object)' which has 'RequiresUnreferencedCodeAttribute' can break functionality when trimming application code. Cooked binary serialization relies on reflection and cannot be statically analyzed for trimming or AOT. [d:\Documents\XRENGINE\XREngine\XREngine.csproj]
d:\Documents\XRENGINE\XREngine\Rendering\API\Rendering\Objects\Textures\2D\XRTexture2D.cs(1090,13): warning IL3050: Using member 'XREngine.Core.Files.CookedBinaryWriter.WriteValue(Object)' which has 'RequiresDynamicCodeAttribute' can break functionality when AOT compiling. Cooked binary serialization relies on reflection and cannot be statically analyzed for trimming or AOT. [d:\Documents\XRENGINE\XREngine\XREngine.csproj]
d:\Documents\XRENGINE\XREngine\Rendering\API\Rendering\Objects\Textures\2D\XRTexture2D.cs(1091,13): warning IL2026: Using member 'XREngine.Core.Files.CookedBinaryWriter.WriteValue(Object)' which has 'RequiresUnreferencedCodeAttribute' can break functionality when trimming application code. Cooked binary serialization relies on reflection and cannot be statically analyzed for trimming or AOT. [d:\Documents\XRENGINE\XREngine\XREngine.csproj]
d:\Documents\XRENGINE\XREngine\Rendering\API\Rendering\Objects\Textures\2D\XRTexture2D.cs(1091,13): warning IL3050: Using member 'XREngine.Core.Files.CookedBinaryWriter.WriteValue(Object)' which has 'RequiresDynamicCodeAttribute' can break functionality when AOT compiling. Cooked binary serialization relies on reflection and cannot be statically analyzed for trimming or AOT. [d:\Documents\XRENGINE\XREngine\XREngine.csproj]
d:\Documents\XRENGINE\XREngine\Rendering\API\Rendering\Objects\Textures\2D\XRTexture2D.cs(1092,13): warning IL2026: Using member 'XREngine.Core.Files.CookedBinaryWriter.WriteValue(Object)' which has 'RequiresUnreferencedCodeAttribute' can break functionality when trimming application code. Cooked binary serialization relies on reflection and cannot be statically analyzed for trimming or AOT. [d:\Documents\XRENGINE\XREngine\XREngine.csproj]
d:\Documents\XRENGINE\XREngine\Rendering\API\Rendering\Objects\Textures\2D\XRTexture2D.cs(1092,13): warning IL3050: Using member 'XREngine.Core.Files.CookedBinaryWriter.WriteValue(Object)' which has 'RequiresDynamicCodeAttribute' can break functionality when AOT compiling. Cooked binary serialization relies on reflection and cannot be statically analyzed for trimming or AOT. [d:\Documents\XRENGINE\XREngine\XREngine.csproj]
d:\Documents\XRENGINE\XREngine\Rendering\API\Rendering\Objects\Textures\2D\XRTexture2D.cs(1093,13): warning IL2026: Using member 'XREngine.Core.Files.CookedBinaryWriter.WriteValue(Object)' which has 'RequiresUnreferencedCodeAttribute' can break functionality when trimming application code. Cooked binary serialization relies on reflection and cannot be statically analyzed for trimming or AOT. [d:\Documents\XRENGINE\XREngine\XREngine.csproj]
d:\Documents\XRENGINE\XREngine\Rendering\API\Rendering\Objects\Textures\2D\XRTexture2D.cs(1093,13): warning IL3050: Using member 'XREngine.Core.Files.CookedBinaryWriter.WriteValue(Object)' which has 'RequiresDynamicCodeAttribute' can break functionality when AOT compiling. Cooked binary serialization relies on reflection and cannot be statically analyzed for trimming or AOT. [d:\Documents\XRENGINE\XREngine\XREngine.csproj]
d:\Documents\XRENGINE\XREngine\Rendering\API\Rendering\Objects\Textures\2D\XRTexture2D.cs(1121,25): warning IL2026: Using member 'XREngine.Core.Files.CookedBinarySerializer.CalculateSize(Object, CookedBinarySerializationCallbacks)' which has 'RequiresUnreferencedCodeAttribute' can break functionality when trimming application code. Cooked binary serialization relies on reflection and cannot be statically analyzed for trimming or AOT. [d:\Documents\XRENGINE\XREngine\XREngine.csproj]
d:\Documents\XRENGINE\XREngine\Rendering\API\Rendering\Objects\Textures\2D\XRTexture2D.cs(1121,25): warning IL3050: Using member 'XREngine.Core.Files.CookedBinarySerializer.CalculateSize(Object, CookedBinarySerializationCallbacks)' which has 'RequiresDynamicCodeAttribute' can break functionality when AOT compiling. Cooked binary serialization relies on reflection and cannot be statically analyzed for trimming or AOT. [d:\Documents\XRENGINE\XREngine\XREngine.csproj]
d:\Documents\XRENGINE\XREngine\Rendering\API\Rendering\Objects\Textures\2D\XRTexture2D.cs(1125,21): warning IL2026: Using member 'XREngine.Core.Files.CookedBinarySerializer.CalculateSize(Object, CookedBinarySerializationCallbacks)' which has 'RequiresUnreferencedCodeAttribute' can break functionality when trimming application code. Cooked binary serialization relies on reflection and cannot be statically analyzed for trimming or AOT. [d:\Documents\XRENGINE\XREngine\XREngine.csproj]
d:\Documents\XRENGINE\XREngine\Rendering\API\Rendering\Objects\Textures\2D\XRTexture2D.cs(1125,21): warning IL3050: Using member 'XREngine.Core.Files.CookedBinarySerializer.CalculateSize(Object, CookedBinarySerializationCallbacks)' which has 'RequiresDynamicCodeAttribute' can break functionality when AOT compiling. Cooked binary serialization relies on reflection and cannot be statically analyzed for trimming or AOT. [d:\Documents\XRENGINE\XREngine\XREngine.csproj]
d:\Documents\XRENGINE\XREngine\Rendering\API\Rendering\Objects\Textures\2D\XRTexture2D.cs(1126,21): warning IL2026: Using member 'XREngine.Core.Files.CookedBinarySerializer.CalculateSize(Object, CookedBinarySerializationCallbacks)' which has 'RequiresUnreferencedCodeAttribute' can break functionality when trimming application code. Cooked binary serialization relies on reflection and cannot be statically analyzed for trimming or AOT. [d:\Documents\XRENGINE\XREngine\XREngine.csproj]
d:\Documents\XRENGINE\XREngine\Rendering\API\Rendering\Objects\Textures\2D\XRTexture2D.cs(1126,21): warning IL3050: Using member 'XREngine.Core.Files.CookedBinarySerializer.CalculateSize(Object, CookedBinarySerializationCallbacks)' which has 'RequiresDynamicCodeAttribute' can break functionality when AOT compiling. Cooked binary serialization relies on reflection and cannot be statically analyzed for trimming or AOT. [d:\Documents\XRENGINE\XREngine\XREngine.csproj]
d:\Documents\XRENGINE\XREngine\Rendering\API\Rendering\Objects\Textures\2D\XRTexture2D.cs(1127,21): warning IL2026: Using member 'XREngine.Core.Files.CookedBinarySerializer.CalculateSize(Object, CookedBinarySerializationCallbacks)' which has 'RequiresUnreferencedCodeAttribute' can break functionality when trimming application code. Cooked binary serialization relies on reflection and cannot be statically analyzed for trimming or AOT. [d:\Documents\XRENGINE\XREngine\XREngine.csproj]
d:\Documents\XRENGINE\XREngine\Rendering\API\Rendering\Objects\Textures\2D\XRTexture2D.cs(1127,21): warning IL3050: Using member 'XREngine.Core.Files.CookedBinarySerializer.CalculateSize(Object, CookedBinarySerializationCallbacks)' which has 'RequiresDynamicCodeAttribute' can break functionality when AOT compiling. Cooked binary serialization relies on reflection and cannot be statically analyzed for trimming or AOT. [d:\Documents\XRENGINE\XREngine\XREngine.csproj]
d:\Documents\XRENGINE\XREngine\Rendering\API\Rendering\Objects\Textures\2D\XRTexture2D.cs(1128,21): warning IL2026: Using member 'XREngine.Core.Files.CookedBinarySerializer.CalculateSize(Object, CookedBinarySerializationCallbacks)' which has 'RequiresUnreferencedCodeAttribute' can break functionality when trimming application code. Cooked binary serialization relies on reflection and cannot be statically analyzed for trimming or AOT. [d:\Documents\XRENGINE\XREngine\XREngine.csproj]
d:\Documents\XRENGINE\XREngine\Rendering\API\Rendering\Objects\Textures\2D\XRTexture2D.cs(1128,21): warning IL3050: Using member 'XREngine.Core.Files.CookedBinarySerializer.CalculateSize(Object, CookedBinarySerializationCallbacks)' which has 'RequiresDynamicCodeAttribute' can break functionality when AOT compiling. Cooked binary serialization relies on reflection and cannot be statically analyzed for trimming or AOT. [d:\Documents\XRENGINE\XREngine\XREngine.csproj]
d:\Documents\XRENGINE\XREngine\Rendering\API\Rendering\Objects\Textures\2D\XRTexture2D.cs(1129,21): warning IL2026: Using member 'XREngine.Core.Files.CookedBinarySerializer.CalculateSize(Object, CookedBinarySerializationCallbacks)' which has 'RequiresUnreferencedCodeAttribute' can break functionality when trimming application code. Cooked binary serialization relies on reflection and cannot be statically analyzed for trimming or AOT. [d:\Documents\XRENGINE\XREngine\XREngine.csproj]
d:\Documents\XRENGINE\XREngine\Rendering\API\Rendering\Objects\Textures\2D\XRTexture2D.cs(1129,21): warning IL3050: Using member 'XREngine.Core.Files.CookedBinarySerializer.CalculateSize(Object, CookedBinarySerializationCallbacks)' which has 'RequiresDynamicCodeAttribute' can break functionality when AOT compiling. Cooked binary serialization relies on reflection and cannot be statically analyzed for trimming or AOT. [d:\Documents\XRENGINE\XREngine\XREngine.csproj]
d:\Documents\XRENGINE\XREngine\Rendering\API\Rendering\Objects\Textures\2D\XRTexture2D.cs(1130,21): warning IL2026: Using member 'XREngine.Core.Files.CookedBinarySerializer.CalculateSize(Object, CookedBinarySerializationCallbacks)' which has 'RequiresUnreferencedCodeAttribute' can break functionality when trimming application code. Cooked binary serialization relies on reflection and cannot be statically analyzed for trimming or AOT. [d:\Documents\XRENGINE\XREngine\XREngine.csproj]
d:\Documents\XRENGINE\XREngine\Rendering\API\Rendering\Objects\Textures\2D\XRTexture2D.cs(1130,21): warning IL3050: Using member 'XREngine.Core.Files.CookedBinarySerializer.CalculateSize(Object, CookedBinarySerializationCallbacks)' which has 'RequiresDynamicCodeAttribute' can break functionality when AOT compiling. Cooked binary serialization relies on reflection and cannot be statically analyzed for trimming or AOT. [d:\Documents\XRENGINE\XREngine\XREngine.csproj]
d:\Documents\XRENGINE\XREngine\Rendering\API\Rendering\Objects\Textures\2D\XRTexture2D.cs(1131,21): warning IL2026: Using member 'XREngine.Core.Files.CookedBinarySerializer.CalculateSize(Object, CookedBinarySerializationCallbacks)' which has 'RequiresUnreferencedCodeAttribute' can break functionality when trimming application code. Cooked binary serialization relies on reflection and cannot be statically analyzed for trimming or AOT. [d:\Documents\XRENGINE\XREngine\XREngine.csproj]
d:\Documents\XRENGINE\XREngine\Rendering\API\Rendering\Objects\Textures\2D\XRTexture2D.cs(1131,21): warning IL3050: Using member 'XREngine.Core.Files.CookedBinarySerializer.CalculateSize(Object, CookedBinarySerializationCallbacks)' which has 'RequiresDynamicCodeAttribute' can break functionality when AOT compiling. Cooked binary serialization relies on reflection and cannot be statically analyzed for trimming or AOT. [d:\Documents\XRENGINE\XREngine\XREngine.csproj]
d:\Documents\XRENGINE\XREngine\Scene\Components\Audio\STT\Providers\DeepgramSTTProvider.cs(40,30): warning IL2026: Using member 'System.Text.Json.JsonSerializer.Deserialize<TValue>(String, JsonSerializerOptions)' which has 'RequiresUnreferencedCodeAttribute' can break functionality when trimming application code. JSON serialization and deserialization might require types that cannot be statically analyzed. Use the overload that takes a JsonTypeInfo or JsonSerializerContext, or make sure all of the required types are preserved. [d:\Documents\XRENGINE\XREngine\XREngine.csproj]
d:\Documents\XRENGINE\XREngine\Scene\Components\Audio\STT\Providers\DeepgramSTTProvider.cs(40,30): warning IL3050: Using member 'System.Text.Json.JsonSerializer.Deserialize<TValue>(String, JsonSerializerOptions)' which has 'RequiresDynamicCodeAttribute' can break functionality when AOT compiling. JSON serialization and deserialization might require types that cannot be statically analyzed and might need runtime code generation. Use System.Text.Json source generation for native AOT applications. [d:\Documents\XRENGINE\XREngine\XREngine.csproj]
d:\Documents\XRENGINE\XREngine\Rendering\API\Rendering\Objects\Textures\2D\XRTexture2D.cs(1137,25): warning IL2026: Using member 'XREngine.Core.Files.CookedBinarySerializer.CalculateSize(Object, CookedBinarySerializationCallbacks)' which has 'RequiresUnreferencedCodeAttribute' can break functionality when trimming application code. Cooked binary serialization relies on reflection and cannot be statically analyzed for trimming or AOT. [d:\Documents\XRENGINE\XREngine\XREngine.csproj]
d:\Documents\XRENGINE\XREngine\Rendering\API\Rendering\Objects\Textures\2D\XRTexture2D.cs(1137,25): warning IL3050: Using member 'XREngine.Core.Files.CookedBinarySerializer.CalculateSize(Object, CookedBinarySerializationCallbacks)' which has 'RequiresDynamicCodeAttribute' can break functionality when AOT compiling. Cooked binary serialization relies on reflection and cannot be statically analyzed for trimming or AOT. [d:\Documents\XRENGINE\XREngine\XREngine.csproj]
d:\Documents\XRENGINE\XREngine\Rendering\API\Rendering\Objects\Textures\2D\XRTexture2D.cs(1143,25): warning IL2026: Using member 'XREngine.Core.Files.CookedBinarySerializer.CalculateSize(Object, CookedBinarySerializationCallbacks)' which has 'RequiresUnreferencedCodeAttribute' can break functionality when trimming application code. Cooked binary serialization relies on reflection and cannot be statically analyzed for trimming or AOT. [d:\Documents\XRENGINE\XREngine\XREngine.csproj]
d:\Documents\XRENGINE\XREngine\Rendering\API\Rendering\Objects\Textures\2D\XRTexture2D.cs(1143,25): warning IL3050: Using member 'XREngine.Core.Files.CookedBinarySerializer.CalculateSize(Object, CookedBinarySerializationCallbacks)' which has 'RequiresDynamicCodeAttribute' can break functionality when AOT compiling. Cooked binary serialization relies on reflection and cannot be statically analyzed for trimming or AOT. [d:\Documents\XRENGINE\XREngine\XREngine.csproj]
d:\Documents\XRENGINE\XREngine\Rendering\API\Rendering\Objects\Textures\2D\XRTexture2D.cs(1144,25): warning IL2026: Using member 'XREngine.Core.Files.CookedBinarySerializer.CalculateSize(Object, CookedBinarySerializationCallbacks)' which has 'RequiresUnreferencedCodeAttribute' can break functionality when trimming application code. Cooked binary serialization relies on reflection and cannot be statically analyzed for trimming or AOT. [d:\Documents\XRENGINE\XREngine\XREngine.csproj]
d:\Documents\XRENGINE\XREngine\Rendering\API\Rendering\Objects\Textures\2D\XRTexture2D.cs(1144,25): warning IL3050: Using member 'XREngine.Core.Files.CookedBinarySerializer.CalculateSize(Object, CookedBinarySerializationCallbacks)' which has 'RequiresDynamicCodeAttribute' can break functionality when AOT compiling. Cooked binary serialization relies on reflection and cannot be statically analyzed for trimming or AOT. [d:\Documents\XRENGINE\XREngine\XREngine.csproj]
d:\Documents\XRENGINE\XREngine\Rendering\API\Rendering\Objects\Textures\2D\XRTexture2D.cs(1145,25): warning IL2026: Using member 'XREngine.Core.Files.CookedBinarySerializer.CalculateSize(Object, CookedBinarySerializationCallbacks)' which has 'RequiresUnreferencedCodeAttribute' can break functionality when trimming application code. Cooked binary serialization relies on reflection and cannot be statically analyzed for trimming or AOT. [d:\Documents\XRENGINE\XREngine\XREngine.csproj]
d:\Documents\XRENGINE\XREngine\Rendering\API\Rendering\Objects\Textures\2D\XRTexture2D.cs(1145,25): warning IL3050: Using member 'XREngine.Core.Files.CookedBinarySerializer.CalculateSize(Object, CookedBinarySerializationCallbacks)' which has 'RequiresDynamicCodeAttribute' can break functionality when AOT compiling. Cooked binary serialization relies on reflection and cannot be statically analyzed for trimming or AOT. [d:\Documents\XRENGINE\XREngine\XREngine.csproj]
d:\Documents\XRENGINE\XREngine\Rendering\API\Rendering\Objects\Textures\2D\XRTexture2D.cs(1146,25): warning IL2026: Using member 'XREngine.Core.Files.CookedBinarySerializer.CalculateSize(Object, CookedBinarySerializationCallbacks)' which has 'RequiresUnreferencedCodeAttribute' can break functionality when trimming application code. Cooked binary serialization relies on reflection and cannot be statically analyzed for trimming or AOT. [d:\Documents\XRENGINE\XREngine\XREngine.csproj]
d:\Documents\XRENGINE\XREngine\Rendering\API\Rendering\Objects\Textures\2D\XRTexture2D.cs(1146,25): warning IL3050: Using member 'XREngine.Core.Files.CookedBinarySerializer.CalculateSize(Object, CookedBinarySerializationCallbacks)' which has 'RequiresDynamicCodeAttribute' can break functionality when AOT compiling. Cooked binary serialization relies on reflection and cannot be statically analyzed for trimming or AOT. [d:\Documents\XRENGINE\XREngine\XREngine.csproj]
d:\Documents\XRENGINE\XREngine\Rendering\API\Rendering\Objects\Textures\2D\XRTexture2D.cs(1147,25): warning IL2026: Using member 'XREngine.Core.Files.CookedBinarySerializer.CalculateSize(Object, CookedBinarySerializationCallbacks)' which has 'RequiresUnreferencedCodeAttribute' can break functionality when trimming application code. Cooked binary serialization relies on reflection and cannot be statically analyzed for trimming or AOT. [d:\Documents\XRENGINE\XREngine\XREngine.csproj]
d:\Documents\XRENGINE\XREngine\Rendering\API\Rendering\Objects\Textures\2D\XRTexture2D.cs(1147,25): warning IL3050: Using member 'XREngine.Core.Files.CookedBinarySerializer.CalculateSize(Object, CookedBinarySerializationCallbacks)' which has 'RequiresDynamicCodeAttribute' can break functionality when AOT compiling. Cooked binary serialization relies on reflection and cannot be statically analyzed for trimming or AOT. [d:\Documents\XRENGINE\XREngine\XREngine.csproj]
d:\Documents\XRENGINE\XREngine\Rendering\API\Rendering\Objects\Textures\2D\XRTexture2D.cs(1150,25): warning IL2026: Using member 'XREngine.Core.Files.CookedBinarySerializer.CalculateSize(Object, CookedBinarySerializationCallbacks)' which has 'RequiresUnreferencedCodeAttribute' can break functionality when trimming application code. Cooked binary serialization relies on reflection and cannot be statically analyzed for trimming or AOT. [d:\Documents\XRENGINE\XREngine\XREngine.csproj]
d:\Documents\XRENGINE\XREngine\Rendering\API\Rendering\Objects\Textures\2D\XRTexture2D.cs(1150,25): warning IL3050: Using member 'XREngine.Core.Files.CookedBinarySerializer.CalculateSize(Object, CookedBinarySerializationCallbacks)' which has 'RequiresDynamicCodeAttribute' can break functionality when AOT compiling. Cooked binary serialization relies on reflection and cannot be statically analyzed for trimming or AOT. [d:\Documents\XRENGINE\XREngine\XREngine.csproj]
d:\Documents\XRENGINE\XREngine\Rendering\API\Rendering\Vulkan\Objects\FrameBuffers.cs(32,41): warning CA2014: Potential stack overflow. Move the stackalloc out of the loop. (https://learn.microsoft.com/dotnet/fundamentals/code-analysis/quality-rules/ca2014) [d:\Documents\XRENGINE\XREngine\XREngine.csproj]
d:\Documents\XRENGINE\XREngine\Scene\Components\Audio\STT\Providers\GoogleSTTProvider.cs(33,28): warning IL2026: Using member 'System.Text.Json.JsonSerializer.Serialize<TValue>(TValue, JsonSerializerOptions)' which has 'RequiresUnreferencedCodeAttribute' can break functionality when trimming application code. JSON serialization and deserialization might require types that cannot be statically analyzed. Use the overload that takes a JsonTypeInfo or JsonSerializerContext, or make sure all of the required types are preserved. [d:\Documents\XRENGINE\XREngine\XREngine.csproj]
d:\Documents\XRENGINE\XREngine\Scene\Components\Audio\STT\Providers\GoogleSTTProvider.cs(33,28): warning IL3050: Using member 'System.Text.Json.JsonSerializer.Serialize<TValue>(TValue, JsonSerializerOptions)' which has 'RequiresDynamicCodeAttribute' can break functionality when AOT compiling. JSON serialization and deserialization might require types that cannot be statically analyzed and might need runtime code generation. Use System.Text.Json source generation for native AOT applications. [d:\Documents\XRENGINE\XREngine\XREngine.csproj]
d:\Documents\XRENGINE\XREngine\Scene\Components\Audio\STT\Providers\GoogleSTTProvider.cs(50,30): warning IL2026: Using member 'System.Text.Json.JsonSerializer.Deserialize<TValue>(String, JsonSerializerOptions)' which has 'RequiresUnreferencedCodeAttribute' can break functionality when trimming application code. JSON serialization and deserialization might require types that cannot be statically analyzed. Use the overload that takes a JsonTypeInfo or JsonSerializerContext, or make sure all of the required types are preserved. [d:\Documents\XRENGINE\XREngine\XREngine.csproj]
d:\Documents\XRENGINE\XREngine\Scene\Components\Audio\STT\Providers\GoogleSTTProvider.cs(50,30): warning IL3050: Using member 'System.Text.Json.JsonSerializer.Deserialize<TValue>(String, JsonSerializerOptions)' which has 'RequiresDynamicCodeAttribute' can break functionality when AOT compiling. JSON serialization and deserialization might require types that cannot be statically analyzed and might need runtime code generation. Use System.Text.Json source generation for native AOT applications. [d:\Documents\XRENGINE\XREngine\XREngine.csproj]
d:\Documents\XRENGINE\XREngine\Scene\Components\Audio\STT\Providers\OpenAIWhisperProvider.cs(41,30): warning IL2026: Using member 'System.Text.Json.JsonSerializer.Deserialize<TValue>(String, JsonSerializerOptions)' which has 'RequiresUnreferencedCodeAttribute' can break functionality when trimming application code. JSON serialization and deserialization might require types that cannot be statically analyzed. Use the overload that takes a JsonTypeInfo or JsonSerializerContext, or make sure all of the required types are preserved. [d:\Documents\XRENGINE\XREngine\XREngine.csproj]
d:\Documents\XRENGINE\XREngine\Scene\Components\Audio\STT\Providers\OpenAIWhisperProvider.cs(41,30): warning IL3050: Using member 'System.Text.Json.JsonSerializer.Deserialize<TValue>(String, JsonSerializerOptions)' which has 'RequiresDynamicCodeAttribute' can break functionality when AOT compiling. JSON serialization and deserialization might require types that cannot be statically analyzed and might need runtime code generation. Use System.Text.Json source generation for native AOT applications. [d:\Documents\XRENGINE\XREngine\XREngine.csproj]
d:\Documents\XRENGINE\XREngine\Rendering\PostProcessing\CameraPostProcessStateCollection.cs(244,27): warning IL2072: 'type' argument does not satisfy 'DynamicallyAccessedMemberTypes.PublicParameterlessConstructor' in call to 'System.Activator.CreateInstance(Type)'. The return value of method 'XREngine.Rendering.PostProcessing.PostProcessStageDescriptor.BackingType.get' does not have matching annotations. The source value must declare at least the same requirements as those declared on the target location it is assigned to. [d:\Documents\XRENGINE\XREngine\XREngine.csproj]
d:\Documents\XRENGINE\XREngine\Rendering\PostProcessing\CameraPostProcessStateCollection.cs(249,24): warning IL2075: 'this' argument does not satisfy 'DynamicallyAccessedMemberTypes.PublicProperties', 'DynamicallyAccessedMemberTypes.NonPublicProperties' in call to 'System.Type.GetProperty(String, BindingFlags)'. The return value of method 'XREngine.Rendering.PostProcessing.PostProcessStageDescriptor.BackingType.get' does not have matching annotations. The source value must declare at least the same requirements as those declared on the target location it is assigned to. [d:\Documents\XRENGINE\XREngine\XREngine.csproj]
d:\Documents\XRENGINE\XREngine\Scene\Components\UI\Core\UIVideoComponent.cs(390,17): warning IL2026: Using member 'System.Text.Json.JsonSerializer.Serialize<TValue>(TValue, JsonSerializerOptions)' which has 'RequiresUnreferencedCodeAttribute' can break functionality when trimming application code. JSON serialization and deserialization might require types that cannot be statically analyzed. Use the overload that takes a JsonTypeInfo or JsonSerializerContext, or make sure all of the required types are preserved. [d:\Documents\XRENGINE\XREngine\XREngine.csproj]
d:\Documents\XRENGINE\XREngine\Scene\Components\UI\Core\UIVideoComponent.cs(390,17): warning IL3050: Using member 'System.Text.Json.JsonSerializer.Serialize<TValue>(TValue, JsonSerializerOptions)' which has 'RequiresDynamicCodeAttribute' can break functionality when AOT compiling. JSON serialization and deserialization might require types that cannot be statically analyzed and might need runtime code generation. Use System.Text.Json source generation for native AOT applications. [d:\Documents\XRENGINE\XREngine\XREngine.csproj]
d:\Documents\XRENGINE\XREngine\Scene\Components\Audio\STT\Providers\RevAISTTProvider.cs(39,35): warning IL2026: Using member 'System.Text.Json.JsonSerializer.Deserialize<TValue>(String, JsonSerializerOptions)' which has 'RequiresUnreferencedCodeAttribute' can break functionality when trimming application code. JSON serialization and deserialization might require types that cannot be statically analyzed. Use the overload that takes a JsonTypeInfo or JsonSerializerContext, or make sure all of the required types are preserved. [d:\Documents\XRENGINE\XREngine\XREngine.csproj]
d:\Documents\XRENGINE\XREngine\Scene\Components\Audio\STT\Providers\RevAISTTProvider.cs(39,35): warning IL3050: Using member 'System.Text.Json.JsonSerializer.Deserialize<TValue>(String, JsonSerializerOptions)' which has 'RequiresDynamicCodeAttribute' can break functionality when AOT compiling. JSON serialization and deserialization might require types that cannot be statically analyzed and might need runtime code generation. Use System.Text.Json source generation for native AOT applications. [d:\Documents\XRENGINE\XREngine\XREngine.csproj]
d:\Documents\XRENGINE\XREngine\Scene\Components\Audio\STT\Providers\RevAISTTProvider.cs(54,40): warning IL2026: Using member 'System.Text.Json.JsonSerializer.Deserialize<TValue>(String, JsonSerializerOptions)' which has 'RequiresUnreferencedCodeAttribute' can break functionality when trimming application code. JSON serialization and deserialization might require types that cannot be statically analyzed. Use the overload that takes a JsonTypeInfo or JsonSerializerContext, or make sure all of the required types are preserved. [d:\Documents\XRENGINE\XREngine\XREngine.csproj]
d:\Documents\XRENGINE\XREngine\Scene\Components\Audio\STT\Providers\RevAISTTProvider.cs(54,40): warning IL3050: Using member 'System.Text.Json.JsonSerializer.Deserialize<TValue>(String, JsonSerializerOptions)' which has 'RequiresDynamicCodeAttribute' can break functionality when AOT compiling. JSON serialization and deserialization might require types that cannot be statically analyzed and might need runtime code generation. Use System.Text.Json source generation for native AOT applications. [d:\Documents\XRENGINE\XREngine\XREngine.csproj]
d:\Documents\XRENGINE\XREngine\Scene\Components\Audio\STT\Providers\RevAISTTProvider.cs(63,48): warning IL2026: Using member 'System.Text.Json.JsonSerializer.Deserialize<TValue>(String, JsonSerializerOptions)' which has 'RequiresUnreferencedCodeAttribute' can break functionality when trimming application code. JSON serialization and deserialization might require types that cannot be statically analyzed. Use the overload that takes a JsonTypeInfo or JsonSerializerContext, or make sure all of the required types are preserved. [d:\Documents\XRENGINE\XREngine\XREngine.csproj]
d:\Documents\XRENGINE\XREngine\Scene\Components\Audio\STT\Providers\RevAISTTProvider.cs(63,48): warning IL3050: Using member 'System.Text.Json.JsonSerializer.Deserialize<TValue>(String, JsonSerializerOptions)' which has 'RequiresDynamicCodeAttribute' can break functionality when AOT compiling. JSON serialization and deserialization might require types that cannot be statically analyzed and might need runtime code generation. Use System.Text.Json source generation for native AOT applications. [d:\Documents\XRENGINE\XREngine\XREngine.csproj]
d:\Documents\XRENGINE\XREngine\Rendering\Pipelines\Commands\ViewportRenderCommandContainer.cs(134,64): warning IL2067: 'type' argument does not satisfy 'DynamicallyAccessedMemberTypes.PublicConstructors' in call to 'System.Activator.CreateInstance(Type, params Object[])'. The parameter 't' of method 'XREngine.Rendering.Pipelines.Commands.ViewportRenderCommandContainer.Add(Type, params Object[])' does not have matching annotations. The source value must declare at least the same requirements as those declared on the target location it is assigned to. [d:\Documents\XRENGINE\XREngine\XREngine.csproj]
d:\Documents\XRENGINE\XREngine\Scene\Components\Lights\Types\DirectionalLightComponent.cs(210,43): warning CA2014: Potential stack overflow. Move the stackalloc out of the loop. (https://learn.microsoft.com/dotnet/fundamentals/code-analysis/quality-rules/ca2014) [d:\Documents\XRENGINE\XREngine\XREngine.csproj]
d:\Documents\XRENGINE\XREngine\Scene\Components\Lights\Types\DirectionalLightComponent.cs(221,43): warning CA2014: Potential stack overflow. Move the stackalloc out of the loop. (https://learn.microsoft.com/dotnet/fundamentals/code-analysis/quality-rules/ca2014) [d:\Documents\XRENGINE\XREngine\XREngine.csproj]
d:\Documents\XRENGINE\XREngine.Editor\Unit Tests\UnitTestingWorld.Pawns.cs(56,20): warning CS8603: Possible null reference return. [d:\Documents\XRENGINE\XREngine.Editor\XREngine.Editor.csproj]
d:\Documents\XRENGINE\XREngine.Editor\ComponentEditors\CameraComponentEditor.cs(632,17): warning CS8762: Parameter 'texture' must have a non-null value when exiting with 'true'. [d:\Documents\XRENGINE\XREngine.Editor\XREngine.Editor.csproj]
d:\Documents\XRENGINE\XREngine.Editor\ComponentEditors\CameraComponentEditor.cs(641,17): warning CS8762: Parameter 'texture' must have a non-null value when exiting with 'true'. [d:\Documents\XRENGINE\XREngine.Editor\XREngine.Editor.csproj]
d:\Documents\XRENGINE\XREngine.Editor\Unit Tests\UnitTestingWorld.Pawns.cs(253,49): warning CS8601: Possible null reference assignment. [d:\Documents\XRENGINE\XREngine.Editor\XREngine.Editor.csproj]
d:\Documents\XRENGINE\XREngine.Editor\UI\Tools\ShaderLockingTool.cs(295,59): warning CS8604: Possible null reference argument for parameter 'value' in 'bool? ShaderLockingTool.EvaluateCondition(object value, string op, string compareValue)'. [d:\Documents\XRENGINE\XREngine.Editor\XREngine.Editor.csproj]
d:\Documents\XRENGINE\XREngine.Editor\Unit Tests\UnitTestingWorld.UserInterface.AssetExplorerPanel.cs(1302,66): warning CS8601: Possible null reference assignment. [d:\Documents\XRENGINE\XREngine.Editor\XREngine.Editor.csproj]
d:\Documents\XRENGINE\XREngine.Editor\Unit Tests\UnitTestingWorld.UserInterface.PropertyEditor.cs(566,98): warning CS8604: Possible null reference argument for parameter 'key' in 'object? IDictionary.this[object key]'. [d:\Documents\XRENGINE\XREngine.Editor\XREngine.Editor.csproj]
d:\Documents\XRENGINE\XREngine.Editor\Unit Tests\UnitTestingWorld.UserInterface.PropertyEditor.cs(857,47): warning CS8604: Possible null reference argument for parameter 'key' in 'object? IDictionary.this[object key]'. [d:\Documents\XRENGINE\XREngine.Editor\XREngine.Editor.csproj]
d:\Documents\XRENGINE\XREngine.Editor\Unit Tests\UnitTestingWorld.UserInterface.PropertyEditor.cs(1049,28): warning CS8604: Possible null reference argument for parameter 'key' in 'object? IDictionary.this[object key]'. [d:\Documents\XRENGINE\XREngine.Editor\XREngine.Editor.csproj]
d:\Documents\XRENGINE\XREngine.Editor\Unit Tests\UnitTestingWorld.UserInterface.PropertyEditor.cs(1168,43): warning CS8604: Possible null reference argument for parameter 'value' in 'bool LinkedList<T>.Contains(T value)'. [d:\Documents\XRENGINE\XREngine.Editor\XREngine.Editor.csproj]
d:\Documents\XRENGINE\XREngine.Editor\UI\UIEditorComponent.cs(64,29): warning CS0169: The field 'UIEditorComponent._inspector' is never used [d:\Documents\XRENGINE\XREngine.Editor\XREngine.Editor.csproj]
d:\Documents\XRENGINE\XREngine.Editor\UI\Tools\ShaderAnalyzerWindow.cs(29,17): warning CS0414: The field 'ShaderAnalyzerWindow._selectedCategoryIndex' is assigned but its value is never used [d:\Documents\XRENGINE\XREngine.Editor\XREngine.Editor.csproj]
    376 Warning(s)
    0 Error(s)

Time Elapsed 00:00:10.50
