  Determining projects to restore...
D:\Documents\XRENGINE\XREngine.Extensions\XREngine.Extensions.csproj : warning NU1902: Package 'Magick.NET-Q16-HDRI-AnyCPU' 14.11.1 has a known moderate severity vulnerability, https://github.com/advisories/GHSA-26qp-ffjh-2x4v [D:\Documents\XRENGINE\XREngine.UnitTests\XREngine.UnitTests.csproj]
D:\Documents\XRENGINE\XREngine.Extensions\XREngine.Extensions.csproj : warning NU1902: Package 'Magick.NET-Q16-HDRI-AnyCPU' 14.11.1 has a known moderate severity vulnerability, https://github.com/advisories/GHSA-5592-p365-24xh [D:\Documents\XRENGINE\XREngine.UnitTests\XREngine.UnitTests.csproj]
D:\Documents\XRENGINE\XREngine.Extensions\XREngine.Extensions.csproj : warning NU1902: Package 'Magick.NET-Q16-HDRI-AnyCPU' 14.11.1 has a known moderate severity vulnerability, https://github.com/advisories/GHSA-5xg3-585r-9jh5 [D:\Documents\XRENGINE\XREngine.UnitTests\XREngine.UnitTests.csproj]
D:\Documents\XRENGINE\XREngine.Extensions\XREngine.Extensions.csproj : warning NU1901: Package 'Magick.NET-Q16-HDRI-AnyCPU' 14.11.1 has a known low severity vulnerability, https://github.com/advisories/GHSA-8vfj-q2cp-5m5j [D:\Documents\XRENGINE\XREngine.UnitTests\XREngine.UnitTests.csproj]
D:\Documents\XRENGINE\XREngine.Extensions\XREngine.Extensions.csproj : warning NU1902: Package 'Magick.NET-Q16-HDRI-AnyCPU' 14.11.1 has a known moderate severity vulnerability, https://github.com/advisories/GHSA-98cp-rj9f-6v5g [D:\Documents\XRENGINE\XREngine.UnitTests\XREngine.UnitTests.csproj]
D:\Documents\XRENGINE\XREngine.Extensions\XREngine.Extensions.csproj : warning NU1902: Package 'Magick.NET-Q16-HDRI-AnyCPU' 14.11.1 has a known moderate severity vulnerability, https://github.com/advisories/GHSA-cr67-pvmx-2pp2 [D:\Documents\XRENGINE\XREngine.UnitTests\XREngine.UnitTests.csproj]
D:\Documents\XRENGINE\XREngine.Extensions\XREngine.Extensions.csproj : warning NU1902: Package 'Magick.NET-Q16-HDRI-AnyCPU' 14.11.1 has a known moderate severity vulnerability, https://github.com/advisories/GHSA-f4qm-vj5j-9xpw [D:\Documents\XRENGINE\XREngine.UnitTests\XREngine.UnitTests.csproj]
D:\Documents\XRENGINE\XREngine.Extensions\XREngine.Extensions.csproj : warning NU1903: Package 'Magick.NET-Q16-HDRI-AnyCPU' 14.11.1 has a known high severity vulnerability, https://github.com/advisories/GHSA-fwvm-ggf6-2p4x [D:\Documents\XRENGINE\XREngine.UnitTests\XREngine.UnitTests.csproj]
D:\Documents\XRENGINE\XREngine.Extensions\XREngine.Extensions.csproj : warning NU1902: Package 'Magick.NET-Q16-HDRI-AnyCPU' 14.11.1 has a known moderate severity vulnerability, https://github.com/advisories/GHSA-jvgr-9ph5-m8v4 [D:\Documents\XRENGINE\XREngine.UnitTests\XREngine.UnitTests.csproj]
D:\Documents\XRENGINE\XREngine.Extensions\XREngine.Extensions.csproj : warning NU1902: Package 'Magick.NET-Q16-HDRI-AnyCPU' 14.11.1 has a known moderate severity vulnerability, https://github.com/advisories/GHSA-pcvx-ph33-r5vv [D:\Documents\XRENGINE\XREngine.UnitTests\XREngine.UnitTests.csproj]
D:\Documents\XRENGINE\XREngine.Extensions\XREngine.Extensions.csproj : warning NU1901: Package 'Magick.NET-Q16-HDRI-AnyCPU' 14.11.1 has a known low severity vulnerability, https://github.com/advisories/GHSA-pmpg-6pww-fg6q [D:\Documents\XRENGINE\XREngine.UnitTests\XREngine.UnitTests.csproj]
D:\Documents\XRENGINE\XREngine.Extensions\XREngine.Extensions.csproj : warning NU1902: Package 'Magick.NET-Q16-HDRI-AnyCPU' 14.11.1 has a known moderate severity vulnerability, https://github.com/advisories/GHSA-pwg5-6jfc-crvh [D:\Documents\XRENGINE\XREngine.UnitTests\XREngine.UnitTests.csproj]
D:\Documents\XRENGINE\XREngine.Extensions\XREngine.Extensions.csproj : warning NU1901: Package 'Magick.NET-Q16-HDRI-AnyCPU' 14.11.1 has a known low severity vulnerability, https://github.com/advisories/GHSA-q8h3-jv9v-57qx [D:\Documents\XRENGINE\XREngine.UnitTests\XREngine.UnitTests.csproj]
D:\Documents\XRENGINE\XREngine.Extensions\XREngine.Extensions.csproj : warning NU1902: Package 'Magick.NET-Q16-HDRI-AnyCPU' 14.11.1 has a known moderate severity vulnerability, https://github.com/advisories/GHSA-r83h-crwp-3vm7 [D:\Documents\XRENGINE\XREngine.UnitTests\XREngine.UnitTests.csproj]
D:\Documents\XRENGINE\XREngine.Extensions\XREngine.Extensions.csproj : warning NU1902: Package 'Magick.NET-Q16-HDRI-AnyCPU' 14.11.1 has a known moderate severity vulnerability, https://github.com/advisories/GHSA-v67w-737x-v2c9 [D:\Documents\XRENGINE\XREngine.UnitTests\XREngine.UnitTests.csproj]
D:\Documents\XRENGINE\XREngine.Extensions\XREngine.Extensions.csproj : warning NU1901: Package 'Magick.NET-Q16-HDRI-AnyCPU' 14.11.1 has a known low severity vulnerability, https://github.com/advisories/GHSA-w54j-7wpm-crhj [D:\Documents\XRENGINE\XREngine.UnitTests\XREngine.UnitTests.csproj]
D:\Documents\XRENGINE\XREngine.Extensions\XREngine.Extensions.csproj : warning NU1901: Package 'Magick.NET-Q16-HDRI-AnyCPU' 14.11.1 has a known low severity vulnerability, https://github.com/advisories/GHSA-x928-4434-crqj [D:\Documents\XRENGINE\XREngine.UnitTests\XREngine.UnitTests.csproj]
D:\Documents\XRENGINE\XREngine.Extensions\XREngine.Extensions.csproj : warning NU1903: Package 'Magick.NET-Q16-HDRI-AnyCPU' 14.11.1 has a known high severity vulnerability, https://github.com/advisories/GHSA-x9h5-r9v2-vcww [D:\Documents\XRENGINE\XREngine.UnitTests\XREngine.UnitTests.csproj]
D:\Documents\XRENGINE\XREngine.Modeling\XREngine.Modeling.csproj : warning NU1902: Package 'Magick.NET-Q16-HDRI-AnyCPU' 14.11.1 has a known moderate severity vulnerability, https://github.com/advisories/GHSA-26qp-ffjh-2x4v [D:\Documents\XRENGINE\XREngine.UnitTests\XREngine.UnitTests.csproj]
D:\Documents\XRENGINE\XREngine.Modeling\XREngine.Modeling.csproj : warning NU1902: Package 'Magick.NET-Q16-HDRI-AnyCPU' 14.11.1 has a known moderate severity vulnerability, https://github.com/advisories/GHSA-5592-p365-24xh [D:\Documents\XRENGINE\XREngine.UnitTests\XREngine.UnitTests.csproj]
D:\Documents\XRENGINE\XREngine.Modeling\XREngine.Modeling.csproj : warning NU1902: Package 'Magick.NET-Q16-HDRI-AnyCPU' 14.11.1 has a known moderate severity vulnerability, https://github.com/advisories/GHSA-5xg3-585r-9jh5 [D:\Documents\XRENGINE\XREngine.UnitTests\XREngine.UnitTests.csproj]
D:\Documents\XRENGINE\XREngine.Modeling\XREngine.Modeling.csproj : warning NU1901: Package 'Magick.NET-Q16-HDRI-AnyCPU' 14.11.1 has a known low severity vulnerability, https://github.com/advisories/GHSA-8vfj-q2cp-5m5j [D:\Documents\XRENGINE\XREngine.UnitTests\XREngine.UnitTests.csproj]
D:\Documents\XRENGINE\XREngine.Modeling\XREngine.Modeling.csproj : warning NU1902: Package 'Magick.NET-Q16-HDRI-AnyCPU' 14.11.1 has a known moderate severity vulnerability, https://github.com/advisories/GHSA-98cp-rj9f-6v5g [D:\Documents\XRENGINE\XREngine.UnitTests\XREngine.UnitTests.csproj]
D:\Documents\XRENGINE\XREngine.Modeling\XREngine.Modeling.csproj : warning NU1902: Package 'Magick.NET-Q16-HDRI-AnyCPU' 14.11.1 has a known moderate severity vulnerability, https://github.com/advisories/GHSA-cr67-pvmx-2pp2 [D:\Documents\XRENGINE\XREngine.UnitTests\XREngine.UnitTests.csproj]
D:\Documents\XRENGINE\XREngine.Modeling\XREngine.Modeling.csproj : warning NU1902: Package 'Magick.NET-Q16-HDRI-AnyCPU' 14.11.1 has a known moderate severity vulnerability, https://github.com/advisories/GHSA-f4qm-vj5j-9xpw [D:\Documents\XRENGINE\XREngine.UnitTests\XREngine.UnitTests.csproj]
D:\Documents\XRENGINE\XREngine.Modeling\XREngine.Modeling.csproj : warning NU1903: Package 'Magick.NET-Q16-HDRI-AnyCPU' 14.11.1 has a known high severity vulnerability, https://github.com/advisories/GHSA-fwvm-ggf6-2p4x [D:\Documents\XRENGINE\XREngine.UnitTests\XREngine.UnitTests.csproj]
D:\Documents\XRENGINE\XREngine.Modeling\XREngine.Modeling.csproj : warning NU1902: Package 'Magick.NET-Q16-HDRI-AnyCPU' 14.11.1 has a known moderate severity vulnerability, https://github.com/advisories/GHSA-jvgr-9ph5-m8v4 [D:\Documents\XRENGINE\XREngine.UnitTests\XREngine.UnitTests.csproj]
D:\Documents\XRENGINE\XREngine.Modeling\XREngine.Modeling.csproj : warning NU1902: Package 'Magick.NET-Q16-HDRI-AnyCPU' 14.11.1 has a known moderate severity vulnerability, https://github.com/advisories/GHSA-pcvx-ph33-r5vv [D:\Documents\XRENGINE\XREngine.UnitTests\XREngine.UnitTests.csproj]
D:\Documents\XRENGINE\XREngine.Data\XREngine.Data.csproj : warning NU1902: Package 'Magick.NET-Q16-HDRI-AnyCPU' 14.11.1 has a known moderate severity vulnerability, https://github.com/advisories/GHSA-26qp-ffjh-2x4v [D:\Documents\XRENGINE\XREngine.UnitTests\XREngine.UnitTests.csproj]
D:\Documents\XRENGINE\XREngine.Modeling\XREngine.Modeling.csproj : warning NU1901: Package 'Magick.NET-Q16-HDRI-AnyCPU' 14.11.1 has a known low severity vulnerability, https://github.com/advisories/GHSA-pmpg-6pww-fg6q [D:\Documents\XRENGINE\XREngine.UnitTests\XREngine.UnitTests.csproj]
D:\Documents\XRENGINE\XREngine.Modeling\XREngine.Modeling.csproj : warning NU1902: Package 'Magick.NET-Q16-HDRI-AnyCPU' 14.11.1 has a known moderate severity vulnerability, https://github.com/advisories/GHSA-pwg5-6jfc-crvh [D:\Documents\XRENGINE\XREngine.UnitTests\XREngine.UnitTests.csproj]
D:\Documents\XRENGINE\XREngine.Modeling\XREngine.Modeling.csproj : warning NU1901: Package 'Magick.NET-Q16-HDRI-AnyCPU' 14.11.1 has a known low severity vulnerability, https://github.com/advisories/GHSA-q8h3-jv9v-57qx [D:\Documents\XRENGINE\XREngine.UnitTests\XREngine.UnitTests.csproj]
D:\Documents\XRENGINE\XREngine.Data\XREngine.Data.csproj : warning NU1902: Package 'Magick.NET-Q16-HDRI-AnyCPU' 14.11.1 has a known moderate severity vulnerability, https://github.com/advisories/GHSA-5592-p365-24xh [D:\Documents\XRENGINE\XREngine.UnitTests\XREngine.UnitTests.csproj]
D:\Documents\XRENGINE\XREngine.Audio\XREngine.Audio.csproj : warning NU1902: Package 'Magick.NET-Q16-HDRI-AnyCPU' 14.11.1 has a known moderate severity vulnerability, https://github.com/advisories/GHSA-26qp-ffjh-2x4v [D:\Documents\XRENGINE\XREngine.UnitTests\XREngine.UnitTests.csproj]
D:\Documents\XRENGINE\XREngine.Input\XREngine.Input.csproj : warning NU1902: Package 'Magick.NET-Q16-HDRI-AnyCPU' 14.11.1 has a known moderate severity vulnerability, https://github.com/advisories/GHSA-26qp-ffjh-2x4v [D:\Documents\XRENGINE\XREngine.UnitTests\XREngine.UnitTests.csproj]
D:\Documents\XRENGINE\XREngine.Modeling\XREngine.Modeling.csproj : warning NU1902: Package 'Magick.NET-Q16-HDRI-AnyCPU' 14.11.1 has a known moderate severity vulnerability, https://github.com/advisories/GHSA-r83h-crwp-3vm7 [D:\Documents\XRENGINE\XREngine.UnitTests\XREngine.UnitTests.csproj]
D:\Documents\XRENGINE\XREngine.Audio\XREngine.Audio.csproj : warning NU1902: Package 'Magick.NET-Q16-HDRI-AnyCPU' 14.11.1 has a known moderate severity vulnerability, https://github.com/advisories/GHSA-5592-p365-24xh [D:\Documents\XRENGINE\XREngine.UnitTests\XREngine.UnitTests.csproj]
D:\Documents\XRENGINE\XREngine.Input\XREngine.Input.csproj : warning NU1902: Package 'Magick.NET-Q16-HDRI-AnyCPU' 14.11.1 has a known moderate severity vulnerability, https://github.com/advisories/GHSA-5592-p365-24xh [D:\Documents\XRENGINE\XREngine.UnitTests\XREngine.UnitTests.csproj]
D:\Documents\XRENGINE\XREngine.Audio\XREngine.Audio.csproj : warning NU1902: Package 'Magick.NET-Q16-HDRI-AnyCPU' 14.11.1 has a known moderate severity vulnerability, https://github.com/advisories/GHSA-5xg3-585r-9jh5 [D:\Documents\XRENGINE\XREngine.UnitTests\XREngine.UnitTests.csproj]
D:\Documents\XRENGINE\XREngine.Animation\XREngine.Animation.csproj : warning NU1902: Package 'Magick.NET-Q16-HDRI-AnyCPU' 14.11.1 has a known moderate severity vulnerability, https://github.com/advisories/GHSA-26qp-ffjh-2x4v [D:\Documents\XRENGINE\XREngine.UnitTests\XREngine.UnitTests.csproj]
D:\Documents\XRENGINE\XREngine.Data\XREngine.Data.csproj : warning NU1902: Package 'Magick.NET-Q16-HDRI-AnyCPU' 14.11.1 has a known moderate severity vulnerability, https://github.com/advisories/GHSA-5xg3-585r-9jh5 [D:\Documents\XRENGINE\XREngine.UnitTests\XREngine.UnitTests.csproj]
D:\Documents\XRENGINE\XREngine.Input\XREngine.Input.csproj : warning NU1902: Package 'Magick.NET-Q16-HDRI-AnyCPU' 14.11.1 has a known moderate severity vulnerability, https://github.com/advisories/GHSA-5xg3-585r-9jh5 [D:\Documents\XRENGINE\XREngine.UnitTests\XREngine.UnitTests.csproj]
D:\Documents\XRENGINE\XREngine.Modeling\XREngine.Modeling.csproj : warning NU1902: Package 'Magick.NET-Q16-HDRI-AnyCPU' 14.11.1 has a known moderate severity vulnerability, https://github.com/advisories/GHSA-v67w-737x-v2c9 [D:\Documents\XRENGINE\XREngine.UnitTests\XREngine.UnitTests.csproj]
D:\Documents\XRENGINE\XREngine.Animation\XREngine.Animation.csproj : warning NU1902: Package 'Magick.NET-Q16-HDRI-AnyCPU' 14.11.1 has a known moderate severity vulnerability, https://github.com/advisories/GHSA-5592-p365-24xh [D:\Documents\XRENGINE\XREngine.UnitTests\XREngine.UnitTests.csproj]
D:\Documents\XRENGINE\XREngine.Input\XREngine.Input.csproj : warning NU1901: Package 'Magick.NET-Q16-HDRI-AnyCPU' 14.11.1 has a known low severity vulnerability, https://github.com/advisories/GHSA-8vfj-q2cp-5m5j [D:\Documents\XRENGINE\XREngine.UnitTests\XREngine.UnitTests.csproj]
D:\Documents\XRENGINE\XREngine.Modeling\XREngine.Modeling.csproj : warning NU1901: Package 'Magick.NET-Q16-HDRI-AnyCPU' 14.11.1 has a known low severity vulnerability, https://github.com/advisories/GHSA-w54j-7wpm-crhj [D:\Documents\XRENGINE\XREngine.UnitTests\XREngine.UnitTests.csproj]
D:\Documents\XRENGINE\XREngine.Audio\XREngine.Audio.csproj : warning NU1901: Package 'Magick.NET-Q16-HDRI-AnyCPU' 14.11.1 has a known low severity vulnerability, https://github.com/advisories/GHSA-8vfj-q2cp-5m5j [D:\Documents\XRENGINE\XREngine.UnitTests\XREngine.UnitTests.csproj]
D:\Documents\XRENGINE\XREngine.Modeling\XREngine.Modeling.csproj : warning NU1901: Package 'Magick.NET-Q16-HDRI-AnyCPU' 14.11.1 has a known low severity vulnerability, https://github.com/advisories/GHSA-x928-4434-crqj [D:\Documents\XRENGINE\XREngine.UnitTests\XREngine.UnitTests.csproj]
D:\Documents\XRENGINE\XREngine.Input\XREngine.Input.csproj : warning NU1902: Package 'Magick.NET-Q16-HDRI-AnyCPU' 14.11.1 has a known moderate severity vulnerability, https://github.com/advisories/GHSA-98cp-rj9f-6v5g [D:\Documents\XRENGINE\XREngine.UnitTests\XREngine.UnitTests.csproj]
D:\Documents\XRENGINE\XREngine.Profiler.UI\XREngine.Profiler.UI.csproj : warning NU1902: Package 'Magick.NET-Q16-HDRI-AnyCPU' 14.11.1 has a known moderate severity vulnerability, https://github.com/advisories/GHSA-26qp-ffjh-2x4v [D:\Documents\XRENGINE\XREngine.UnitTests\XREngine.UnitTests.csproj]
D:\Documents\XRENGINE\XREngine.Animation\XREngine.Animation.csproj : warning NU1902: Package 'Magick.NET-Q16-HDRI-AnyCPU' 14.11.1 has a known moderate severity vulnerability, https://github.com/advisories/GHSA-5xg3-585r-9jh5 [D:\Documents\XRENGINE\XREngine.UnitTests\XREngine.UnitTests.csproj]
D:\Documents\XRENGINE\XREngine.Input\XREngine.Input.csproj : warning NU1902: Package 'Magick.NET-Q16-HDRI-AnyCPU' 14.11.1 has a known moderate severity vulnerability, https://github.com/advisories/GHSA-cr67-pvmx-2pp2 [D:\Documents\XRENGINE\XREngine.UnitTests\XREngine.UnitTests.csproj]
D:\Documents\XRENGINE\XREngine.Modeling\XREngine.Modeling.csproj : warning NU1903: Package 'Magick.NET-Q16-HDRI-AnyCPU' 14.11.1 has a known high severity vulnerability, https://github.com/advisories/GHSA-x9h5-r9v2-vcww [D:\Documents\XRENGINE\XREngine.UnitTests\XREngine.UnitTests.csproj]
D:\Documents\XRENGINE\XREngine.Runtime.Core\XREngine.Runtime.Core.csproj : warning NU1902: Package 'Magick.NET-Q16-HDRI-AnyCPU' 14.11.1 has a known moderate severity vulnerability, https://github.com/advisories/GHSA-26qp-ffjh-2x4v [D:\Documents\XRENGINE\XREngine.UnitTests\XREngine.UnitTests.csproj]
D:\Documents\XRENGINE\XREngine.Profiler.UI\XREngine.Profiler.UI.csproj : warning NU1902: Package 'Magick.NET-Q16-HDRI-AnyCPU' 14.11.1 has a known moderate severity vulnerability, https://github.com/advisories/GHSA-5592-p365-24xh [D:\Documents\XRENGINE\XREngine.UnitTests\XREngine.UnitTests.csproj]
D:\Documents\XRENGINE\XREngine.Animation\XREngine.Animation.csproj : warning NU1901: Package 'Magick.NET-Q16-HDRI-AnyCPU' 14.11.1 has a known low severity vulnerability, https://github.com/advisories/GHSA-8vfj-q2cp-5m5j [D:\Documents\XRENGINE\XREngine.UnitTests\XREngine.UnitTests.csproj]
D:\Documents\XRENGINE\XREngine.Input\XREngine.Input.csproj : warning NU1902: Package 'Magick.NET-Q16-HDRI-AnyCPU' 14.11.1 has a known moderate severity vulnerability, https://github.com/advisories/GHSA-f4qm-vj5j-9xpw [D:\Documents\XRENGINE\XREngine.UnitTests\XREngine.UnitTests.csproj]
D:\Documents\XRENGINE\XREngine.Audio\XREngine.Audio.csproj : warning NU1902: Package 'Magick.NET-Q16-HDRI-AnyCPU' 14.11.1 has a known moderate severity vulnerability, https://github.com/advisories/GHSA-98cp-rj9f-6v5g [D:\Documents\XRENGINE\XREngine.UnitTests\XREngine.UnitTests.csproj]
D:\Documents\XRENGINE\XREngine.Profiler.UI\XREngine.Profiler.UI.csproj : warning NU1902: Package 'Magick.NET-Q16-HDRI-AnyCPU' 14.11.1 has a known moderate severity vulnerability, https://github.com/advisories/GHSA-5xg3-585r-9jh5 [D:\Documents\XRENGINE\XREngine.UnitTests\XREngine.UnitTests.csproj]
D:\Documents\XRENGINE\XREngine.Data\XREngine.Data.csproj : warning NU1901: Package 'Magick.NET-Q16-HDRI-AnyCPU' 14.11.1 has a known low severity vulnerability, https://github.com/advisories/GHSA-8vfj-q2cp-5m5j [D:\Documents\XRENGINE\XREngine.UnitTests\XREngine.UnitTests.csproj]
D:\Documents\XRENGINE\XREngine.Profiler.UI\XREngine.Profiler.UI.csproj : warning NU1901: Package 'Magick.NET-Q16-HDRI-AnyCPU' 14.11.1 has a known low severity vulnerability, https://github.com/advisories/GHSA-8vfj-q2cp-5m5j [D:\Documents\XRENGINE\XREngine.UnitTests\XREngine.UnitTests.csproj]
D:\Documents\XRENGINE\XREngine.Profiler.UI\XREngine.Profiler.UI.csproj : warning NU1902: Package 'Magick.NET-Q16-HDRI-AnyCPU' 14.11.1 has a known moderate severity vulnerability, https://github.com/advisories/GHSA-98cp-rj9f-6v5g [D:\Documents\XRENGINE\XREngine.UnitTests\XREngine.UnitTests.csproj]
D:\Documents\XRENGINE\XREngine.Runtime.Rendering\XREngine.Runtime.Rendering.csproj : warning NU1902: Package 'Magick.NET-Q16-HDRI-AnyCPU' 14.11.1 has a known moderate severity vulnerability, https://github.com/advisories/GHSA-26qp-ffjh-2x4v [D:\Documents\XRENGINE\XREngine.UnitTests\XREngine.UnitTests.csproj]
D:\Documents\XRENGINE\XREngine.Runtime.ModelingBridge\XREngine.Runtime.ModelingBridge.csproj : warning NU1902: Package 'Magick.NET-Q16-HDRI-AnyCPU' 14.11.1 has a known moderate severity vulnerability, https://github.com/advisories/GHSA-26qp-ffjh-2x4v [D:\Documents\XRENGINE\XREngine.UnitTests\XREngine.UnitTests.csproj]
D:\Documents\XRENGINE\XREngine.Profiler.UI\XREngine.Profiler.UI.csproj : warning NU1902: Package 'Magick.NET-Q16-HDRI-AnyCPU' 14.11.1 has a known moderate severity vulnerability, https://github.com/advisories/GHSA-cr67-pvmx-2pp2 [D:\Documents\XRENGINE\XREngine.UnitTests\XREngine.UnitTests.csproj]
D:\Documents\XRENGINE\XREngine.Audio\XREngine.Audio.csproj : warning NU1902: Package 'Magick.NET-Q16-HDRI-AnyCPU' 14.11.1 has a known moderate severity vulnerability, https://github.com/advisories/GHSA-cr67-pvmx-2pp2 [D:\Documents\XRENGINE\XREngine.UnitTests\XREngine.UnitTests.csproj]
D:\Documents\XRENGINE\XREngine.Profiler.UI\XREngine.Profiler.UI.csproj : warning NU1902: Package 'Magick.NET-Q16-HDRI-AnyCPU' 14.11.1 has a known moderate severity vulnerability, https://github.com/advisories/GHSA-f4qm-vj5j-9xpw [D:\Documents\XRENGINE\XREngine.UnitTests\XREngine.UnitTests.csproj]
D:\Documents\XRENGINE\XREngine.Runtime.ModelingBridge\XREngine.Runtime.ModelingBridge.csproj : warning NU1902: Package 'Magick.NET-Q16-HDRI-AnyCPU' 14.11.1 has a known moderate severity vulnerability, https://github.com/advisories/GHSA-5592-p365-24xh [D:\Documents\XRENGINE\XREngine.UnitTests\XREngine.UnitTests.csproj]
D:\Documents\XRENGINE\XREngine.Profiler.UI\XREngine.Profiler.UI.csproj : warning NU1903: Package 'Magick.NET-Q16-HDRI-AnyCPU' 14.11.1 has a known high severity vulnerability, https://github.com/advisories/GHSA-fwvm-ggf6-2p4x [D:\Documents\XRENGINE\XREngine.UnitTests\XREngine.UnitTests.csproj]
D:\Documents\XRENGINE\XREngine.Runtime.Core\XREngine.Runtime.Core.csproj : warning NU1902: Package 'Magick.NET-Q16-HDRI-AnyCPU' 14.11.1 has a known moderate severity vulnerability, https://github.com/advisories/GHSA-5592-p365-24xh [D:\Documents\XRENGINE\XREngine.UnitTests\XREngine.UnitTests.csproj]
D:\Documents\XRENGINE\XREngine.Audio\XREngine.Audio.csproj : warning NU1902: Package 'Magick.NET-Q16-HDRI-AnyCPU' 14.11.1 has a known moderate severity vulnerability, https://github.com/advisories/GHSA-f4qm-vj5j-9xpw [D:\Documents\XRENGINE\XREngine.UnitTests\XREngine.UnitTests.csproj]
D:\Documents\XRENGINE\XREngine.Runtime.ModelingBridge\XREngine.Runtime.ModelingBridge.csproj : warning NU1902: Package 'Magick.NET-Q16-HDRI-AnyCPU' 14.11.1 has a known moderate severity vulnerability, https://github.com/advisories/GHSA-5xg3-585r-9jh5 [D:\Documents\XRENGINE\XREngine.UnitTests\XREngine.UnitTests.csproj]
D:\Documents\XRENGINE\XREngine.Profiler.UI\XREngine.Profiler.UI.csproj : warning NU1902: Package 'Magick.NET-Q16-HDRI-AnyCPU' 14.11.1 has a known moderate severity vulnerability, https://github.com/advisories/GHSA-jvgr-9ph5-m8v4 [D:\Documents\XRENGINE\XREngine.UnitTests\XREngine.UnitTests.csproj]
D:\Documents\XRENGINE\XREngine.Runtime.ModelingBridge\XREngine.Runtime.ModelingBridge.csproj : warning NU1901: Package 'Magick.NET-Q16-HDRI-AnyCPU' 14.11.1 has a known low severity vulnerability, https://github.com/advisories/GHSA-8vfj-q2cp-5m5j [D:\Documents\XRENGINE\XREngine.UnitTests\XREngine.UnitTests.csproj]
D:\Documents\XRENGINE\XREngine.Audio\XREngine.Audio.csproj : warning NU1903: Package 'Magick.NET-Q16-HDRI-AnyCPU' 14.11.1 has a known high severity vulnerability, https://github.com/advisories/GHSA-fwvm-ggf6-2p4x [D:\Documents\XRENGINE\XREngine.UnitTests\XREngine.UnitTests.csproj]
D:\Documents\XRENGINE\XREngine.Profiler.UI\XREngine.Profiler.UI.csproj : warning NU1902: Package 'Magick.NET-Q16-HDRI-AnyCPU' 14.11.1 has a known moderate severity vulnerability, https://github.com/advisories/GHSA-pcvx-ph33-r5vv [D:\Documents\XRENGINE\XREngine.UnitTests\XREngine.UnitTests.csproj]
D:\Documents\XRENGINE\XREngine.Runtime.ModelingBridge\XREngine.Runtime.ModelingBridge.csproj : warning NU1902: Package 'Magick.NET-Q16-HDRI-AnyCPU' 14.11.1 has a known moderate severity vulnerability, https://github.com/advisories/GHSA-98cp-rj9f-6v5g [D:\Documents\XRENGINE\XREngine.UnitTests\XREngine.UnitTests.csproj]
D:\Documents\XRENGINE\XREngine.Profiler.UI\XREngine.Profiler.UI.csproj : warning NU1901: Package 'Magick.NET-Q16-HDRI-AnyCPU' 14.11.1 has a known low severity vulnerability, https://github.com/advisories/GHSA-pmpg-6pww-fg6q [D:\Documents\XRENGINE\XREngine.UnitTests\XREngine.UnitTests.csproj]
D:\Documents\XRENGINE\XREngine.Input\XREngine.Input.csproj : warning NU1903: Package 'Magick.NET-Q16-HDRI-AnyCPU' 14.11.1 has a known high severity vulnerability, https://github.com/advisories/GHSA-fwvm-ggf6-2p4x [D:\Documents\XRENGINE\XREngine.UnitTests\XREngine.UnitTests.csproj]
D:\Documents\XRENGINE\XREngine.Runtime.ModelingBridge\XREngine.Runtime.ModelingBridge.csproj : warning NU1902: Package 'Magick.NET-Q16-HDRI-AnyCPU' 14.11.1 has a known moderate severity vulnerability, https://github.com/advisories/GHSA-cr67-pvmx-2pp2 [D:\Documents\XRENGINE\XREngine.UnitTests\XREngine.UnitTests.csproj]
D:\Documents\XRENGINE\XREngine.Runtime.Core\XREngine.Runtime.Core.csproj : warning NU1902: Package 'Magick.NET-Q16-HDRI-AnyCPU' 14.11.1 has a known moderate severity vulnerability, https://github.com/advisories/GHSA-5xg3-585r-9jh5 [D:\Documents\XRENGINE\XREngine.UnitTests\XREngine.UnitTests.csproj]
D:\Documents\XRENGINE\XREngine.Profiler.UI\XREngine.Profiler.UI.csproj : warning NU1902: Package 'Magick.NET-Q16-HDRI-AnyCPU' 14.11.1 has a known moderate severity vulnerability, https://github.com/advisories/GHSA-pwg5-6jfc-crvh [D:\Documents\XRENGINE\XREngine.UnitTests\XREngine.UnitTests.csproj]
D:\Documents\XRENGINE\XREngine.Runtime.ModelingBridge\XREngine.Runtime.ModelingBridge.csproj : warning NU1902: Package 'Magick.NET-Q16-HDRI-AnyCPU' 14.11.1 has a known moderate severity vulnerability, https://github.com/advisories/GHSA-f4qm-vj5j-9xpw [D:\Documents\XRENGINE\XREngine.UnitTests\XREngine.UnitTests.csproj]
D:\Documents\XRENGINE\XREngine.Profiler.UI\XREngine.Profiler.UI.csproj : warning NU1901: Package 'Magick.NET-Q16-HDRI-AnyCPU' 14.11.1 has a known low severity vulnerability, https://github.com/advisories/GHSA-q8h3-jv9v-57qx [D:\Documents\XRENGINE\XREngine.UnitTests\XREngine.UnitTests.csproj]
D:\Documents\XRENGINE\XREngine.Animation\XREngine.Animation.csproj : warning NU1902: Package 'Magick.NET-Q16-HDRI-AnyCPU' 14.11.1 has a known moderate severity vulnerability, https://github.com/advisories/GHSA-98cp-rj9f-6v5g [D:\Documents\XRENGINE\XREngine.UnitTests\XREngine.UnitTests.csproj]
D:\Documents\XRENGINE\XREngine.Runtime.Core\XREngine.Runtime.Core.csproj : warning NU1901: Package 'Magick.NET-Q16-HDRI-AnyCPU' 14.11.1 has a known low severity vulnerability, https://github.com/advisories/GHSA-8vfj-q2cp-5m5j [D:\Documents\XRENGINE\XREngine.UnitTests\XREngine.UnitTests.csproj]
D:\Documents\XRENGINE\XREngine.Profiler.UI\XREngine.Profiler.UI.csproj : warning NU1902: Package 'Magick.NET-Q16-HDRI-AnyCPU' 14.11.1 has a known moderate severity vulnerability, https://github.com/advisories/GHSA-r83h-crwp-3vm7 [D:\Documents\XRENGINE\XREngine.UnitTests\XREngine.UnitTests.csproj]
D:\Documents\XRENGINE\XREngine.Runtime.ModelingBridge\XREngine.Runtime.ModelingBridge.csproj : warning NU1903: Package 'Magick.NET-Q16-HDRI-AnyCPU' 14.11.1 has a known high severity vulnerability, https://github.com/advisories/GHSA-fwvm-ggf6-2p4x [D:\Documents\XRENGINE\XREngine.UnitTests\XREngine.UnitTests.csproj]
D:\Documents\XRENGINE\XREngine.Profiler.UI\XREngine.Profiler.UI.csproj : warning NU1902: Package 'Magick.NET-Q16-HDRI-AnyCPU' 14.11.1 has a known moderate severity vulnerability, https://github.com/advisories/GHSA-v67w-737x-v2c9 [D:\Documents\XRENGINE\XREngine.UnitTests\XREngine.UnitTests.csproj]
D:\Documents\XRENGINE\XREngine.Runtime.Core\XREngine.Runtime.Core.csproj : warning NU1902: Package 'Magick.NET-Q16-HDRI-AnyCPU' 14.11.1 has a known moderate severity vulnerability, https://github.com/advisories/GHSA-98cp-rj9f-6v5g [D:\Documents\XRENGINE\XREngine.UnitTests\XREngine.UnitTests.csproj]
D:\Documents\XRENGINE\XREngine.Runtime.ModelingBridge\XREngine.Runtime.ModelingBridge.csproj : warning NU1902: Package 'Magick.NET-Q16-HDRI-AnyCPU' 14.11.1 has a known moderate severity vulnerability, https://github.com/advisories/GHSA-jvgr-9ph5-m8v4 [D:\Documents\XRENGINE\XREngine.UnitTests\XREngine.UnitTests.csproj]
D:\Documents\XRENGINE\XREngine.Profiler.UI\XREngine.Profiler.UI.csproj : warning NU1901: Package 'Magick.NET-Q16-HDRI-AnyCPU' 14.11.1 has a known low severity vulnerability, https://github.com/advisories/GHSA-w54j-7wpm-crhj [D:\Documents\XRENGINE\XREngine.UnitTests\XREngine.UnitTests.csproj]
D:\Documents\XRENGINE\XREngine.Animation\XREngine.Animation.csproj : warning NU1902: Package 'Magick.NET-Q16-HDRI-AnyCPU' 14.11.1 has a known moderate severity vulnerability, https://github.com/advisories/GHSA-cr67-pvmx-2pp2 [D:\Documents\XRENGINE\XREngine.UnitTests\XREngine.UnitTests.csproj]
D:\Documents\XRENGINE\XREngine.Runtime.ModelingBridge\XREngine.Runtime.ModelingBridge.csproj : warning NU1902: Package 'Magick.NET-Q16-HDRI-AnyCPU' 14.11.1 has a known moderate severity vulnerability, https://github.com/advisories/GHSA-pcvx-ph33-r5vv [D:\Documents\XRENGINE\XREngine.UnitTests\XREngine.UnitTests.csproj]
D:\Documents\XRENGINE\XREngine.Profiler.UI\XREngine.Profiler.UI.csproj : warning NU1901: Package 'Magick.NET-Q16-HDRI-AnyCPU' 14.11.1 has a known low severity vulnerability, https://github.com/advisories/GHSA-x928-4434-crqj [D:\Documents\XRENGINE\XREngine.UnitTests\XREngine.UnitTests.csproj]
D:\Documents\XRENGINE\XREngine.Data\XREngine.Data.csproj : warning NU1902: Package 'Magick.NET-Q16-HDRI-AnyCPU' 14.11.1 has a known moderate severity vulnerability, https://github.com/advisories/GHSA-98cp-rj9f-6v5g [D:\Documents\XRENGINE\XREngine.UnitTests\XREngine.UnitTests.csproj]
D:\Documents\XRENGINE\XREngine.Animation\XREngine.Animation.csproj : warning NU1902: Package 'Magick.NET-Q16-HDRI-AnyCPU' 14.11.1 has a known moderate severity vulnerability, https://github.com/advisories/GHSA-f4qm-vj5j-9xpw [D:\Documents\XRENGINE\XREngine.UnitTests\XREngine.UnitTests.csproj]
D:\Documents\XRENGINE\XREngine.Runtime.ModelingBridge\XREngine.Runtime.ModelingBridge.csproj : warning NU1901: Package 'Magick.NET-Q16-HDRI-AnyCPU' 14.11.1 has a known low severity vulnerability, https://github.com/advisories/GHSA-pmpg-6pww-fg6q [D:\Documents\XRENGINE\XREngine.UnitTests\XREngine.UnitTests.csproj]
D:\Documents\XRENGINE\XREngine.Profiler.UI\XREngine.Profiler.UI.csproj : warning NU1903: Package 'Magick.NET-Q16-HDRI-AnyCPU' 14.11.1 has a known high severity vulnerability, https://github.com/advisories/GHSA-x9h5-r9v2-vcww [D:\Documents\XRENGINE\XREngine.UnitTests\XREngine.UnitTests.csproj]
D:\Documents\XRENGINE\XREngine.Runtime.Rendering\XREngine.Runtime.Rendering.csproj : warning NU1902: Package 'Magick.NET-Q16-HDRI-AnyCPU' 14.11.1 has a known moderate severity vulnerability, https://github.com/advisories/GHSA-5592-p365-24xh [D:\Documents\XRENGINE\XREngine.UnitTests\XREngine.UnitTests.csproj]
D:\Documents\XRENGINE\XREngine.Data\XREngine.Data.csproj : warning NU1902: Package 'Magick.NET-Q16-HDRI-AnyCPU' 14.11.1 has a known moderate severity vulnerability, https://github.com/advisories/GHSA-cr67-pvmx-2pp2 [D:\Documents\XRENGINE\XREngine.UnitTests\XREngine.UnitTests.csproj]
D:\Documents\XRENGINE\XREngine.Runtime.ModelingBridge\XREngine.Runtime.ModelingBridge.csproj : warning NU1902: Package 'Magick.NET-Q16-HDRI-AnyCPU' 14.11.1 has a known moderate severity vulnerability, https://github.com/advisories/GHSA-pwg5-6jfc-crvh [D:\Documents\XRENGINE\XREngine.UnitTests\XREngine.UnitTests.csproj]
D:\Documents\XRENGINE\XREngine.Animation\XREngine.Animation.csproj : warning NU1903: Package 'Magick.NET-Q16-HDRI-AnyCPU' 14.11.1 has a known high severity vulnerability, https://github.com/advisories/GHSA-fwvm-ggf6-2p4x [D:\Documents\XRENGINE\XREngine.UnitTests\XREngine.UnitTests.csproj]
D:\Documents\XRENGINE\XREngine.Audio\XREngine.Audio.csproj : warning NU1902: Package 'Magick.NET-Q16-HDRI-AnyCPU' 14.11.1 has a known moderate severity vulnerability, https://github.com/advisories/GHSA-jvgr-9ph5-m8v4 [D:\Documents\XRENGINE\XREngine.UnitTests\XREngine.UnitTests.csproj]
D:\Documents\XRENGINE\XREngine.Animation\XREngine.Animation.csproj : warning NU1902: Package 'Magick.NET-Q16-HDRI-AnyCPU' 14.11.1 has a known moderate severity vulnerability, https://github.com/advisories/GHSA-jvgr-9ph5-m8v4 [D:\Documents\XRENGINE\XREngine.UnitTests\XREngine.UnitTests.csproj]
D:\Documents\XRENGINE\XREngine.Runtime.ModelingBridge\XREngine.Runtime.ModelingBridge.csproj : warning NU1901: Package 'Magick.NET-Q16-HDRI-AnyCPU' 14.11.1 has a known low severity vulnerability, https://github.com/advisories/GHSA-q8h3-jv9v-57qx [D:\Documents\XRENGINE\XREngine.UnitTests\XREngine.UnitTests.csproj]
D:\Documents\XRENGINE\XREngine.Animation\XREngine.Animation.csproj : warning NU1902: Package 'Magick.NET-Q16-HDRI-AnyCPU' 14.11.1 has a known moderate severity vulnerability, https://github.com/advisories/GHSA-pcvx-ph33-r5vv [D:\Documents\XRENGINE\XREngine.UnitTests\XREngine.UnitTests.csproj]
D:\Documents\XRENGINE\XREngine.Data\XREngine.Data.csproj : warning NU1902: Package 'Magick.NET-Q16-HDRI-AnyCPU' 14.11.1 has a known moderate severity vulnerability, https://github.com/advisories/GHSA-f4qm-vj5j-9xpw [D:\Documents\XRENGINE\XREngine.UnitTests\XREngine.UnitTests.csproj]
D:\Documents\XRENGINE\XREngine.Animation\XREngine.Animation.csproj : warning NU1901: Package 'Magick.NET-Q16-HDRI-AnyCPU' 14.11.1 has a known low severity vulnerability, https://github.com/advisories/GHSA-pmpg-6pww-fg6q [D:\Documents\XRENGINE\XREngine.UnitTests\XREngine.UnitTests.csproj]
D:\Documents\XRENGINE\XREngine.Runtime.ModelingBridge\XREngine.Runtime.ModelingBridge.csproj : warning NU1902: Package 'Magick.NET-Q16-HDRI-AnyCPU' 14.11.1 has a known moderate severity vulnerability, https://github.com/advisories/GHSA-r83h-crwp-3vm7 [D:\Documents\XRENGINE\XREngine.UnitTests\XREngine.UnitTests.csproj]
D:\Documents\XRENGINE\XREngine.Runtime.Rendering\XREngine.Runtime.Rendering.csproj : warning NU1902: Package 'Magick.NET-Q16-HDRI-AnyCPU' 14.11.1 has a known moderate severity vulnerability, https://github.com/advisories/GHSA-5xg3-585r-9jh5 [D:\Documents\XRENGINE\XREngine.UnitTests\XREngine.UnitTests.csproj]
D:\Documents\XRENGINE\XREngine.Audio\XREngine.Audio.csproj : warning NU1902: Package 'Magick.NET-Q16-HDRI-AnyCPU' 14.11.1 has a known moderate severity vulnerability, https://github.com/advisories/GHSA-pcvx-ph33-r5vv [D:\Documents\XRENGINE\XREngine.UnitTests\XREngine.UnitTests.csproj]
D:\Documents\XRENGINE\XREngine.Data\XREngine.Data.csproj : warning NU1903: Package 'Magick.NET-Q16-HDRI-AnyCPU' 14.11.1 has a known high severity vulnerability, https://github.com/advisories/GHSA-fwvm-ggf6-2p4x [D:\Documents\XRENGINE\XREngine.UnitTests\XREngine.UnitTests.csproj]
D:\Documents\XRENGINE\XREngine.Animation\XREngine.Animation.csproj : warning NU1902: Package 'Magick.NET-Q16-HDRI-AnyCPU' 14.11.1 has a known moderate severity vulnerability, https://github.com/advisories/GHSA-pwg5-6jfc-crvh [D:\Documents\XRENGINE\XREngine.UnitTests\XREngine.UnitTests.csproj]
D:\Documents\XRENGINE\XREngine.Runtime.ModelingBridge\XREngine.Runtime.ModelingBridge.csproj : warning NU1902: Package 'Magick.NET-Q16-HDRI-AnyCPU' 14.11.1 has a known moderate severity vulnerability, https://github.com/advisories/GHSA-v67w-737x-v2c9 [D:\Documents\XRENGINE\XREngine.UnitTests\XREngine.UnitTests.csproj]
D:\Documents\XRENGINE\XREngine.Audio\XREngine.Audio.csproj : warning NU1901: Package 'Magick.NET-Q16-HDRI-AnyCPU' 14.11.1 has a known low severity vulnerability, https://github.com/advisories/GHSA-pmpg-6pww-fg6q [D:\Documents\XRENGINE\XREngine.UnitTests\XREngine.UnitTests.csproj]
D:\Documents\XRENGINE\XREngine.Runtime.Rendering\XREngine.Runtime.Rendering.csproj : warning NU1901: Package 'Magick.NET-Q16-HDRI-AnyCPU' 14.11.1 has a known low severity vulnerability, https://github.com/advisories/GHSA-8vfj-q2cp-5m5j [D:\Documents\XRENGINE\XREngine.UnitTests\XREngine.UnitTests.csproj]
D:\Documents\XRENGINE\XREngine.Data\XREngine.Data.csproj : warning NU1902: Package 'Magick.NET-Q16-HDRI-AnyCPU' 14.11.1 has a known moderate severity vulnerability, https://github.com/advisories/GHSA-jvgr-9ph5-m8v4 [D:\Documents\XRENGINE\XREngine.UnitTests\XREngine.UnitTests.csproj]
D:\Documents\XRENGINE\XREngine.Animation\XREngine.Animation.csproj : warning NU1901: Package 'Magick.NET-Q16-HDRI-AnyCPU' 14.11.1 has a known low severity vulnerability, https://github.com/advisories/GHSA-q8h3-jv9v-57qx [D:\Documents\XRENGINE\XREngine.UnitTests\XREngine.UnitTests.csproj]
D:\Documents\XRENGINE\XREngine.Runtime.ModelingBridge\XREngine.Runtime.ModelingBridge.csproj : warning NU1901: Package 'Magick.NET-Q16-HDRI-AnyCPU' 14.11.1 has a known low severity vulnerability, https://github.com/advisories/GHSA-w54j-7wpm-crhj [D:\Documents\XRENGINE\XREngine.UnitTests\XREngine.UnitTests.csproj]
D:\Documents\XRENGINE\XREngine.Audio\XREngine.Audio.csproj : warning NU1902: Package 'Magick.NET-Q16-HDRI-AnyCPU' 14.11.1 has a known moderate severity vulnerability, https://github.com/advisories/GHSA-pwg5-6jfc-crvh [D:\Documents\XRENGINE\XREngine.UnitTests\XREngine.UnitTests.csproj]
D:\Documents\XRENGINE\XREngine.Data\XREngine.Data.csproj : warning NU1902: Package 'Magick.NET-Q16-HDRI-AnyCPU' 14.11.1 has a known moderate severity vulnerability, https://github.com/advisories/GHSA-pcvx-ph33-r5vv [D:\Documents\XRENGINE\XREngine.UnitTests\XREngine.UnitTests.csproj]
D:\Documents\XRENGINE\XREngine.Animation\XREngine.Animation.csproj : warning NU1902: Package 'Magick.NET-Q16-HDRI-AnyCPU' 14.11.1 has a known moderate severity vulnerability, https://github.com/advisories/GHSA-r83h-crwp-3vm7 [D:\Documents\XRENGINE\XREngine.UnitTests\XREngine.UnitTests.csproj]
D:\Documents\XRENGINE\XREngine.Runtime.Rendering\XREngine.Runtime.Rendering.csproj : warning NU1902: Package 'Magick.NET-Q16-HDRI-AnyCPU' 14.11.1 has a known moderate severity vulnerability, https://github.com/advisories/GHSA-98cp-rj9f-6v5g [D:\Documents\XRENGINE\XREngine.UnitTests\XREngine.UnitTests.csproj]
D:\Documents\XRENGINE\XREngine.Runtime.ModelingBridge\XREngine.Runtime.ModelingBridge.csproj : warning NU1901: Package 'Magick.NET-Q16-HDRI-AnyCPU' 14.11.1 has a known low severity vulnerability, https://github.com/advisories/GHSA-x928-4434-crqj [D:\Documents\XRENGINE\XREngine.UnitTests\XREngine.UnitTests.csproj]
D:\Documents\XRENGINE\XREngine.Audio\XREngine.Audio.csproj : warning NU1901: Package 'Magick.NET-Q16-HDRI-AnyCPU' 14.11.1 has a known low severity vulnerability, https://github.com/advisories/GHSA-q8h3-jv9v-57qx [D:\Documents\XRENGINE\XREngine.UnitTests\XREngine.UnitTests.csproj]
D:\Documents\XRENGINE\XREngine.Data\XREngine.Data.csproj : warning NU1901: Package 'Magick.NET-Q16-HDRI-AnyCPU' 14.11.1 has a known low severity vulnerability, https://github.com/advisories/GHSA-pmpg-6pww-fg6q [D:\Documents\XRENGINE\XREngine.UnitTests\XREngine.UnitTests.csproj]
D:\Documents\XRENGINE\XREngine.Animation\XREngine.Animation.csproj : warning NU1902: Package 'Magick.NET-Q16-HDRI-AnyCPU' 14.11.1 has a known moderate severity vulnerability, https://github.com/advisories/GHSA-v67w-737x-v2c9 [D:\Documents\XRENGINE\XREngine.UnitTests\XREngine.UnitTests.csproj]
D:\Documents\XRENGINE\XREngine.Audio\XREngine.Audio.csproj : warning NU1902: Package 'Magick.NET-Q16-HDRI-AnyCPU' 14.11.1 has a known moderate severity vulnerability, https://github.com/advisories/GHSA-r83h-crwp-3vm7 [D:\Documents\XRENGINE\XREngine.UnitTests\XREngine.UnitTests.csproj]
D:\Documents\XRENGINE\XREngine.Runtime.ModelingBridge\XREngine.Runtime.ModelingBridge.csproj : warning NU1903: Package 'Magick.NET-Q16-HDRI-AnyCPU' 14.11.1 has a known high severity vulnerability, https://github.com/advisories/GHSA-x9h5-r9v2-vcww [D:\Documents\XRENGINE\XREngine.UnitTests\XREngine.UnitTests.csproj]
D:\Documents\XRENGINE\XREngine.Runtime.Rendering\XREngine.Runtime.Rendering.csproj : warning NU1902: Package 'Magick.NET-Q16-HDRI-AnyCPU' 14.11.1 has a known moderate severity vulnerability, https://github.com/advisories/GHSA-cr67-pvmx-2pp2 [D:\Documents\XRENGINE\XREngine.UnitTests\XREngine.UnitTests.csproj]
D:\Documents\XRENGINE\XREngine.Input\XREngine.Input.csproj : warning NU1902: Package 'Magick.NET-Q16-HDRI-AnyCPU' 14.11.1 has a known moderate severity vulnerability, https://github.com/advisories/GHSA-jvgr-9ph5-m8v4 [D:\Documents\XRENGINE\XREngine.UnitTests\XREngine.UnitTests.csproj]
D:\Documents\XRENGINE\XREngine.Data\XREngine.Data.csproj : warning NU1902: Package 'Magick.NET-Q16-HDRI-AnyCPU' 14.11.1 has a known moderate severity vulnerability, https://github.com/advisories/GHSA-pwg5-6jfc-crvh [D:\Documents\XRENGINE\XREngine.UnitTests\XREngine.UnitTests.csproj]
D:\Documents\XRENGINE\XREngine.Audio\XREngine.Audio.csproj : warning NU1902: Package 'Magick.NET-Q16-HDRI-AnyCPU' 14.11.1 has a known moderate severity vulnerability, https://github.com/advisories/GHSA-v67w-737x-v2c9 [D:\Documents\XRENGINE\XREngine.UnitTests\XREngine.UnitTests.csproj]
D:\Documents\XRENGINE\XREngine.Animation\XREngine.Animation.csproj : warning NU1901: Package 'Magick.NET-Q16-HDRI-AnyCPU' 14.11.1 has a known low severity vulnerability, https://github.com/advisories/GHSA-w54j-7wpm-crhj [D:\Documents\XRENGINE\XREngine.UnitTests\XREngine.UnitTests.csproj]
D:\Documents\XRENGINE\XREngine.Runtime.Rendering\XREngine.Runtime.Rendering.csproj : warning NU1902: Package 'Magick.NET-Q16-HDRI-AnyCPU' 14.11.1 has a known moderate severity vulnerability, https://github.com/advisories/GHSA-f4qm-vj5j-9xpw [D:\Documents\XRENGINE\XREngine.UnitTests\XREngine.UnitTests.csproj]
D:\Documents\XRENGINE\XREngine.Data\XREngine.Data.csproj : warning NU1901: Package 'Magick.NET-Q16-HDRI-AnyCPU' 14.11.1 has a known low severity vulnerability, https://github.com/advisories/GHSA-q8h3-jv9v-57qx [D:\Documents\XRENGINE\XREngine.UnitTests\XREngine.UnitTests.csproj]
D:\Documents\XRENGINE\XREngine.Runtime.Rendering\XREngine.Runtime.Rendering.csproj : warning NU1903: Package 'Magick.NET-Q16-HDRI-AnyCPU' 14.11.1 has a known high severity vulnerability, https://github.com/advisories/GHSA-fwvm-ggf6-2p4x [D:\Documents\XRENGINE\XREngine.UnitTests\XREngine.UnitTests.csproj]
D:\Documents\XRENGINE\XREngine.Audio\XREngine.Audio.csproj : warning NU1901: Package 'Magick.NET-Q16-HDRI-AnyCPU' 14.11.1 has a known low severity vulnerability, https://github.com/advisories/GHSA-w54j-7wpm-crhj [D:\Documents\XRENGINE\XREngine.UnitTests\XREngine.UnitTests.csproj]
D:\Documents\XRENGINE\XREngine.Animation\XREngine.Animation.csproj : warning NU1901: Package 'Magick.NET-Q16-HDRI-AnyCPU' 14.11.1 has a known low severity vulnerability, https://github.com/advisories/GHSA-x928-4434-crqj [D:\Documents\XRENGINE\XREngine.UnitTests\XREngine.UnitTests.csproj]
D:\Documents\XRENGINE\XREngine.Runtime.Core\XREngine.Runtime.Core.csproj : warning NU1902: Package 'Magick.NET-Q16-HDRI-AnyCPU' 14.11.1 has a known moderate severity vulnerability, https://github.com/advisories/GHSA-cr67-pvmx-2pp2 [D:\Documents\XRENGINE\XREngine.UnitTests\XREngine.UnitTests.csproj]
D:\Documents\XRENGINE\XREngine.Audio\XREngine.Audio.csproj : warning NU1901: Package 'Magick.NET-Q16-HDRI-AnyCPU' 14.11.1 has a known low severity vulnerability, https://github.com/advisories/GHSA-x928-4434-crqj [D:\Documents\XRENGINE\XREngine.UnitTests\XREngine.UnitTests.csproj]
D:\Documents\XRENGINE\XREngine.Runtime.Rendering\XREngine.Runtime.Rendering.csproj : warning NU1902: Package 'Magick.NET-Q16-HDRI-AnyCPU' 14.11.1 has a known moderate severity vulnerability, https://github.com/advisories/GHSA-jvgr-9ph5-m8v4 [D:\Documents\XRENGINE\XREngine.UnitTests\XREngine.UnitTests.csproj]
D:\Documents\XRENGINE\XREngine.Animation\XREngine.Animation.csproj : warning NU1903: Package 'Magick.NET-Q16-HDRI-AnyCPU' 14.11.1 has a known high severity vulnerability, https://github.com/advisories/GHSA-x9h5-r9v2-vcww [D:\Documents\XRENGINE\XREngine.UnitTests\XREngine.UnitTests.csproj]
D:\Documents\XRENGINE\XREngine.Data\XREngine.Data.csproj : warning NU1902: Package 'Magick.NET-Q16-HDRI-AnyCPU' 14.11.1 has a known moderate severity vulnerability, https://github.com/advisories/GHSA-r83h-crwp-3vm7 [D:\Documents\XRENGINE\XREngine.UnitTests\XREngine.UnitTests.csproj]
D:\Documents\XRENGINE\XREngine.Audio\XREngine.Audio.csproj : warning NU1903: Package 'Magick.NET-Q16-HDRI-AnyCPU' 14.11.1 has a known high severity vulnerability, https://github.com/advisories/GHSA-x9h5-r9v2-vcww [D:\Documents\XRENGINE\XREngine.UnitTests\XREngine.UnitTests.csproj]
D:\Documents\XRENGINE\XREngine.Runtime.Rendering\XREngine.Runtime.Rendering.csproj : warning NU1902: Package 'Magick.NET-Q16-HDRI-AnyCPU' 14.11.1 has a known moderate severity vulnerability, https://github.com/advisories/GHSA-pcvx-ph33-r5vv [D:\Documents\XRENGINE\XREngine.UnitTests\XREngine.UnitTests.csproj]
D:\Documents\XRENGINE\XREngine.Data\XREngine.Data.csproj : warning NU1902: Package 'Magick.NET-Q16-HDRI-AnyCPU' 14.11.1 has a known moderate severity vulnerability, https://github.com/advisories/GHSA-v67w-737x-v2c9 [D:\Documents\XRENGINE\XREngine.UnitTests\XREngine.UnitTests.csproj]
D:\Documents\XRENGINE\XREngine.Runtime.Core\XREngine.Runtime.Core.csproj : warning NU1902: Package 'Magick.NET-Q16-HDRI-AnyCPU' 14.11.1 has a known moderate severity vulnerability, https://github.com/advisories/GHSA-f4qm-vj5j-9xpw [D:\Documents\XRENGINE\XREngine.UnitTests\XREngine.UnitTests.csproj]
D:\Documents\XRENGINE\XREngine.Input\XREngine.Input.csproj : warning NU1902: Package 'Magick.NET-Q16-HDRI-AnyCPU' 14.11.1 has a known moderate severity vulnerability, https://github.com/advisories/GHSA-pcvx-ph33-r5vv [D:\Documents\XRENGINE\XREngine.UnitTests\XREngine.UnitTests.csproj]
D:\Documents\XRENGINE\XREngine.Runtime.Core\XREngine.Runtime.Core.csproj : warning NU1903: Package 'Magick.NET-Q16-HDRI-AnyCPU' 14.11.1 has a known high severity vulnerability, https://github.com/advisories/GHSA-fwvm-ggf6-2p4x [D:\Documents\XRENGINE\XREngine.UnitTests\XREngine.UnitTests.csproj]
D:\Documents\XRENGINE\XREngine.Input\XREngine.Input.csproj : warning NU1901: Package 'Magick.NET-Q16-HDRI-AnyCPU' 14.11.1 has a known low severity vulnerability, https://github.com/advisories/GHSA-pmpg-6pww-fg6q [D:\Documents\XRENGINE\XREngine.UnitTests\XREngine.UnitTests.csproj]
D:\Documents\XRENGINE\XREngine.Input\XREngine.Input.csproj : warning NU1902: Package 'Magick.NET-Q16-HDRI-AnyCPU' 14.11.1 has a known moderate severity vulnerability, https://github.com/advisories/GHSA-pwg5-6jfc-crvh [D:\Documents\XRENGINE\XREngine.UnitTests\XREngine.UnitTests.csproj]
D:\Documents\XRENGINE\XREngine.Runtime.Rendering\XREngine.Runtime.Rendering.csproj : warning NU1901: Package 'Magick.NET-Q16-HDRI-AnyCPU' 14.11.1 has a known low severity vulnerability, https://github.com/advisories/GHSA-pmpg-6pww-fg6q [D:\Documents\XRENGINE\XREngine.UnitTests\XREngine.UnitTests.csproj]
D:\Documents\XRENGINE\XREngine.Data\XREngine.Data.csproj : warning NU1901: Package 'Magick.NET-Q16-HDRI-AnyCPU' 14.11.1 has a known low severity vulnerability, https://github.com/advisories/GHSA-w54j-7wpm-crhj [D:\Documents\XRENGINE\XREngine.UnitTests\XREngine.UnitTests.csproj]
D:\Documents\XRENGINE\XREngine.Input\XREngine.Input.csproj : warning NU1901: Package 'Magick.NET-Q16-HDRI-AnyCPU' 14.11.1 has a known low severity vulnerability, https://github.com/advisories/GHSA-q8h3-jv9v-57qx [D:\Documents\XRENGINE\XREngine.UnitTests\XREngine.UnitTests.csproj]
D:\Documents\XRENGINE\XREngine.Runtime.Rendering\XREngine.Runtime.Rendering.csproj : warning NU1902: Package 'Magick.NET-Q16-HDRI-AnyCPU' 14.11.1 has a known moderate severity vulnerability, https://github.com/advisories/GHSA-pwg5-6jfc-crvh [D:\Documents\XRENGINE\XREngine.UnitTests\XREngine.UnitTests.csproj]
D:\Documents\XRENGINE\XREngine.Input\XREngine.Input.csproj : warning NU1902: Package 'Magick.NET-Q16-HDRI-AnyCPU' 14.11.1 has a known moderate severity vulnerability, https://github.com/advisories/GHSA-r83h-crwp-3vm7 [D:\Documents\XRENGINE\XREngine.UnitTests\XREngine.UnitTests.csproj]
D:\Documents\XRENGINE\XREngine.Data\XREngine.Data.csproj : warning NU1901: Package 'Magick.NET-Q16-HDRI-AnyCPU' 14.11.1 has a known low severity vulnerability, https://github.com/advisories/GHSA-x928-4434-crqj [D:\Documents\XRENGINE\XREngine.UnitTests\XREngine.UnitTests.csproj]
D:\Documents\XRENGINE\XREngine.Input\XREngine.Input.csproj : warning NU1902: Package 'Magick.NET-Q16-HDRI-AnyCPU' 14.11.1 has a known moderate severity vulnerability, https://github.com/advisories/GHSA-v67w-737x-v2c9 [D:\Documents\XRENGINE\XREngine.UnitTests\XREngine.UnitTests.csproj]
D:\Documents\XRENGINE\XREngine.Runtime.Core\XREngine.Runtime.Core.csproj : warning NU1902: Package 'Magick.NET-Q16-HDRI-AnyCPU' 14.11.1 has a known moderate severity vulnerability, https://github.com/advisories/GHSA-jvgr-9ph5-m8v4 [D:\Documents\XRENGINE\XREngine.UnitTests\XREngine.UnitTests.csproj]
D:\Documents\XRENGINE\XREngine.Input\XREngine.Input.csproj : warning NU1901: Package 'Magick.NET-Q16-HDRI-AnyCPU' 14.11.1 has a known low severity vulnerability, https://github.com/advisories/GHSA-w54j-7wpm-crhj [D:\Documents\XRENGINE\XREngine.UnitTests\XREngine.UnitTests.csproj]
D:\Documents\XRENGINE\XREngine.Data\XREngine.Data.csproj : warning NU1903: Package 'Magick.NET-Q16-HDRI-AnyCPU' 14.11.1 has a known high severity vulnerability, https://github.com/advisories/GHSA-x9h5-r9v2-vcww [D:\Documents\XRENGINE\XREngine.UnitTests\XREngine.UnitTests.csproj]
D:\Documents\XRENGINE\XREngine.Input\XREngine.Input.csproj : warning NU1901: Package 'Magick.NET-Q16-HDRI-AnyCPU' 14.11.1 has a known low severity vulnerability, https://github.com/advisories/GHSA-x928-4434-crqj [D:\Documents\XRENGINE\XREngine.UnitTests\XREngine.UnitTests.csproj]
D:\Documents\XRENGINE\XREngine.Runtime.Rendering\XREngine.Runtime.Rendering.csproj : warning NU1901: Package 'Magick.NET-Q16-HDRI-AnyCPU' 14.11.1 has a known low severity vulnerability, https://github.com/advisories/GHSA-q8h3-jv9v-57qx [D:\Documents\XRENGINE\XREngine.UnitTests\XREngine.UnitTests.csproj]
D:\Documents\XRENGINE\XREngine.Input\XREngine.Input.csproj : warning NU1903: Package 'Magick.NET-Q16-HDRI-AnyCPU' 14.11.1 has a known high severity vulnerability, https://github.com/advisories/GHSA-x9h5-r9v2-vcww [D:\Documents\XRENGINE\XREngine.UnitTests\XREngine.UnitTests.csproj]
D:\Documents\XRENGINE\XREngine.Runtime.Rendering\XREngine.Runtime.Rendering.csproj : warning NU1902: Package 'Magick.NET-Q16-HDRI-AnyCPU' 14.11.1 has a known moderate severity vulnerability, https://github.com/advisories/GHSA-r83h-crwp-3vm7 [D:\Documents\XRENGINE\XREngine.UnitTests\XREngine.UnitTests.csproj]
D:\Documents\XRENGINE\XREngine.Runtime.Core\XREngine.Runtime.Core.csproj : warning NU1902: Package 'Magick.NET-Q16-HDRI-AnyCPU' 14.11.1 has a known moderate severity vulnerability, https://github.com/advisories/GHSA-pcvx-ph33-r5vv [D:\Documents\XRENGINE\XREngine.UnitTests\XREngine.UnitTests.csproj]
D:\Documents\XRENGINE\XREngine.Runtime.Rendering\XREngine.Runtime.Rendering.csproj : warning NU1902: Package 'Magick.NET-Q16-HDRI-AnyCPU' 14.11.1 has a known moderate severity vulnerability, https://github.com/advisories/GHSA-v67w-737x-v2c9 [D:\Documents\XRENGINE\XREngine.UnitTests\XREngine.UnitTests.csproj]
D:\Documents\XRENGINE\XREngine.Runtime.Rendering\XREngine.Runtime.Rendering.csproj : warning NU1901: Package 'Magick.NET-Q16-HDRI-AnyCPU' 14.11.1 has a known low severity vulnerability, https://github.com/advisories/GHSA-w54j-7wpm-crhj [D:\Documents\XRENGINE\XREngine.UnitTests\XREngine.UnitTests.csproj]
D:\Documents\XRENGINE\XREngine.Runtime.Core\XREngine.Runtime.Core.csproj : warning NU1901: Package 'Magick.NET-Q16-HDRI-AnyCPU' 14.11.1 has a known low severity vulnerability, https://github.com/advisories/GHSA-pmpg-6pww-fg6q [D:\Documents\XRENGINE\XREngine.UnitTests\XREngine.UnitTests.csproj]
D:\Documents\XRENGINE\XREngine.Runtime.Rendering\XREngine.Runtime.Rendering.csproj : warning NU1901: Package 'Magick.NET-Q16-HDRI-AnyCPU' 14.11.1 has a known low severity vulnerability, https://github.com/advisories/GHSA-x928-4434-crqj [D:\Documents\XRENGINE\XREngine.UnitTests\XREngine.UnitTests.csproj]
D:\Documents\XRENGINE\XREngine.Runtime.Core\XREngine.Runtime.Core.csproj : warning NU1902: Package 'Magick.NET-Q16-HDRI-AnyCPU' 14.11.1 has a known moderate severity vulnerability, https://github.com/advisories/GHSA-pwg5-6jfc-crvh [D:\Documents\XRENGINE\XREngine.UnitTests\XREngine.UnitTests.csproj]
D:\Documents\XRENGINE\XREngine.Runtime.Rendering\XREngine.Runtime.Rendering.csproj : warning NU1903: Package 'Magick.NET-Q16-HDRI-AnyCPU' 14.11.1 has a known high severity vulnerability, https://github.com/advisories/GHSA-x9h5-r9v2-vcww [D:\Documents\XRENGINE\XREngine.UnitTests\XREngine.UnitTests.csproj]
D:\Documents\XRENGINE\XREngine.Runtime.Core\XREngine.Runtime.Core.csproj : warning NU1901: Package 'Magick.NET-Q16-HDRI-AnyCPU' 14.11.1 has a known low severity vulnerability, https://github.com/advisories/GHSA-q8h3-jv9v-57qx [D:\Documents\XRENGINE\XREngine.UnitTests\XREngine.UnitTests.csproj]
D:\Documents\XRENGINE\XREngine.Runtime.Core\XREngine.Runtime.Core.csproj : warning NU1902: Package 'Magick.NET-Q16-HDRI-AnyCPU' 14.11.1 has a known moderate severity vulnerability, https://github.com/advisories/GHSA-r83h-crwp-3vm7 [D:\Documents\XRENGINE\XREngine.UnitTests\XREngine.UnitTests.csproj]
D:\Documents\XRENGINE\XREngine.Runtime.Core\XREngine.Runtime.Core.csproj : warning NU1902: Package 'Magick.NET-Q16-HDRI-AnyCPU' 14.11.1 has a known moderate severity vulnerability, https://github.com/advisories/GHSA-v67w-737x-v2c9 [D:\Documents\XRENGINE\XREngine.UnitTests\XREngine.UnitTests.csproj]
D:\Documents\XRENGINE\XREngine.Runtime.Core\XREngine.Runtime.Core.csproj : warning NU1901: Package 'Magick.NET-Q16-HDRI-AnyCPU' 14.11.1 has a known low severity vulnerability, https://github.com/advisories/GHSA-w54j-7wpm-crhj [D:\Documents\XRENGINE\XREngine.UnitTests\XREngine.UnitTests.csproj]
D:\Documents\XRENGINE\XREngine.Runtime.Core\XREngine.Runtime.Core.csproj : warning NU1901: Package 'Magick.NET-Q16-HDRI-AnyCPU' 14.11.1 has a known low severity vulnerability, https://github.com/advisories/GHSA-x928-4434-crqj [D:\Documents\XRENGINE\XREngine.UnitTests\XREngine.UnitTests.csproj]
D:\Documents\XRENGINE\XREngine.Runtime.Core\XREngine.Runtime.Core.csproj : warning NU1903: Package 'Magick.NET-Q16-HDRI-AnyCPU' 14.11.1 has a known high severity vulnerability, https://github.com/advisories/GHSA-x9h5-r9v2-vcww [D:\Documents\XRENGINE\XREngine.UnitTests\XREngine.UnitTests.csproj]
D:\Documents\XRENGINE\XREngine.Runtime.AudioIntegration\XREngine.Runtime.AudioIntegration.csproj : warning NU1902: Package 'Magick.NET-Q16-HDRI-AnyCPU' 14.11.1 has a known moderate severity vulnerability, https://github.com/advisories/GHSA-26qp-ffjh-2x4v [D:\Documents\XRENGINE\XREngine.UnitTests\XREngine.UnitTests.csproj]
D:\Documents\XRENGINE\XREngine.Runtime.Bootstrap\XREngine.Runtime.Bootstrap.csproj : warning NU1902: Package 'Magick.NET-Q16-HDRI-AnyCPU' 14.11.1 has a known moderate severity vulnerability, https://github.com/advisories/GHSA-26qp-ffjh-2x4v [D:\Documents\XRENGINE\XREngine.UnitTests\XREngine.UnitTests.csproj]
D:\Documents\XRENGINE\XREngine.UnitTests\XREngine.UnitTests.csproj : warning NU1902: Package 'Magick.NET-Q16-HDRI-AnyCPU' 14.11.1 has a known moderate severity vulnerability, https://github.com/advisories/GHSA-26qp-ffjh-2x4v
D:\Documents\XRENGINE\XREngine.Runtime.AnimationIntegration\XREngine.Runtime.AnimationIntegration.csproj : warning NU1902: Package 'Magick.NET-Q16-HDRI-AnyCPU' 14.11.1 has a known moderate severity vulnerability, https://github.com/advisories/GHSA-26qp-ffjh-2x4v [D:\Documents\XRENGINE\XREngine.UnitTests\XREngine.UnitTests.csproj]
D:\Documents\XRENGINE\XREngine.Editor\XREngine.Editor.csproj : warning NU1902: Package 'Magick.NET-Q16-HDRI-AnyCPU' 14.11.1 has a known moderate severity vulnerability, https://github.com/advisories/GHSA-26qp-ffjh-2x4v [D:\Documents\XRENGINE\XREngine.UnitTests\XREngine.UnitTests.csproj]
D:\Documents\XRENGINE\XREngine.Runtime.Bootstrap\XREngine.Runtime.Bootstrap.csproj : warning NU1902: Package 'Magick.NET-Q16-HDRI-AnyCPU' 14.11.1 has a known moderate severity vulnerability, https://github.com/advisories/GHSA-5592-p365-24xh [D:\Documents\XRENGINE\XREngine.UnitTests\XREngine.UnitTests.csproj]
D:\Documents\XRENGINE\XRENGINE\XREngine.csproj : warning NU1902: Package 'Magick.NET-Q16-HDRI-AnyCPU' 14.11.1 has a known moderate severity vulnerability, https://github.com/advisories/GHSA-26qp-ffjh-2x4v [D:\Documents\XRENGINE\XREngine.UnitTests\XREngine.UnitTests.csproj]
D:\Documents\XRENGINE\XREngine.Runtime.AnimationIntegration\XREngine.Runtime.AnimationIntegration.csproj : warning NU1902: Package 'Magick.NET-Q16-HDRI-AnyCPU' 14.11.1 has a known moderate severity vulnerability, https://github.com/advisories/GHSA-5592-p365-24xh [D:\Documents\XRENGINE\XREngine.UnitTests\XREngine.UnitTests.csproj]
D:\Documents\XRENGINE\XREngine.UnitTests\XREngine.UnitTests.csproj : warning NU1902: Package 'Magick.NET-Q16-HDRI-AnyCPU' 14.11.1 has a known moderate severity vulnerability, https://github.com/advisories/GHSA-5592-p365-24xh
D:\Documents\XRENGINE\XREngine.Runtime.InputIntegration\XREngine.Runtime.InputIntegration.csproj : warning NU1902: Package 'Magick.NET-Q16-HDRI-AnyCPU' 14.11.1 has a known moderate severity vulnerability, https://github.com/advisories/GHSA-26qp-ffjh-2x4v [D:\Documents\XRENGINE\XREngine.UnitTests\XREngine.UnitTests.csproj]
D:\Documents\XRENGINE\XREngine.Runtime.Bootstrap\XREngine.Runtime.Bootstrap.csproj : warning NU1902: Package 'Magick.NET-Q16-HDRI-AnyCPU' 14.11.1 has a known moderate severity vulnerability, https://github.com/advisories/GHSA-5xg3-585r-9jh5 [D:\Documents\XRENGINE\XREngine.UnitTests\XREngine.UnitTests.csproj]
D:\Documents\XRENGINE\XREngine.Runtime.AnimationIntegration\XREngine.Runtime.AnimationIntegration.csproj : warning NU1902: Package 'Magick.NET-Q16-HDRI-AnyCPU' 14.11.1 has a known moderate severity vulnerability, https://github.com/advisories/GHSA-5xg3-585r-9jh5 [D:\Documents\XRENGINE\XREngine.UnitTests\XREngine.UnitTests.csproj]
D:\Documents\XRENGINE\XRENGINE\XREngine.csproj : warning NU1902: Package 'Magick.NET-Q16-HDRI-AnyCPU' 14.11.1 has a known moderate severity vulnerability, https://github.com/advisories/GHSA-5592-p365-24xh [D:\Documents\XRENGINE\XREngine.UnitTests\XREngine.UnitTests.csproj]
D:\Documents\XRENGINE\XREngine.Editor\XREngine.Editor.csproj : warning NU1902: Package 'Magick.NET-Q16-HDRI-AnyCPU' 14.11.1 has a known moderate severity vulnerability, https://github.com/advisories/GHSA-5592-p365-24xh [D:\Documents\XRENGINE\XREngine.UnitTests\XREngine.UnitTests.csproj]
D:\Documents\XRENGINE\XREngine.Runtime.AudioIntegration\XREngine.Runtime.AudioIntegration.csproj : warning NU1902: Package 'Magick.NET-Q16-HDRI-AnyCPU' 14.11.1 has a known moderate severity vulnerability, https://github.com/advisories/GHSA-5592-p365-24xh [D:\Documents\XRENGINE\XREngine.UnitTests\XREngine.UnitTests.csproj]
D:\Documents\XRENGINE\XREngine.Editor\XREngine.Editor.csproj : warning NU1902: Package 'Magick.NET-Q16-HDRI-AnyCPU' 14.11.1 has a known moderate severity vulnerability, https://github.com/advisories/GHSA-5xg3-585r-9jh5 [D:\Documents\XRENGINE\XREngine.UnitTests\XREngine.UnitTests.csproj]
D:\Documents\XRENGINE\XREngine.UnitTests\XREngine.UnitTests.csproj : warning NU1902: Package 'Magick.NET-Q16-HDRI-AnyCPU' 14.11.1 has a known moderate severity vulnerability, https://github.com/advisories/GHSA-5xg3-585r-9jh5
D:\Documents\XRENGINE\XREngine.Editor\XREngine.Editor.csproj : warning NU1901: Package 'Magick.NET-Q16-HDRI-AnyCPU' 14.11.1 has a known low severity vulnerability, https://github.com/advisories/GHSA-8vfj-q2cp-5m5j [D:\Documents\XRENGINE\XREngine.UnitTests\XREngine.UnitTests.csproj]
D:\Documents\XRENGINE\XREngine.Runtime.AudioIntegration\XREngine.Runtime.AudioIntegration.csproj : warning NU1902: Package 'Magick.NET-Q16-HDRI-AnyCPU' 14.11.1 has a known moderate severity vulnerability, https://github.com/advisories/GHSA-5xg3-585r-9jh5 [D:\Documents\XRENGINE\XREngine.UnitTests\XREngine.UnitTests.csproj]
D:\Documents\XRENGINE\XREngine.Runtime.InputIntegration\XREngine.Runtime.InputIntegration.csproj : warning NU1902: Package 'Magick.NET-Q16-HDRI-AnyCPU' 14.11.1 has a known moderate severity vulnerability, https://github.com/advisories/GHSA-5592-p365-24xh [D:\Documents\XRENGINE\XREngine.UnitTests\XREngine.UnitTests.csproj]
D:\Documents\XRENGINE\XREngine.UnitTests\XREngine.UnitTests.csproj : warning NU1901: Package 'Magick.NET-Q16-HDRI-AnyCPU' 14.11.1 has a known low severity vulnerability, https://github.com/advisories/GHSA-8vfj-q2cp-5m5j
D:\Documents\XRENGINE\XREngine.Editor\XREngine.Editor.csproj : warning NU1902: Package 'Magick.NET-Q16-HDRI-AnyCPU' 14.11.1 has a known moderate severity vulnerability, https://github.com/advisories/GHSA-98cp-rj9f-6v5g [D:\Documents\XRENGINE\XREngine.UnitTests\XREngine.UnitTests.csproj]
D:\Documents\XRENGINE\XREngine.Runtime.AudioIntegration\XREngine.Runtime.AudioIntegration.csproj : warning NU1901: Package 'Magick.NET-Q16-HDRI-AnyCPU' 14.11.1 has a known low severity vulnerability, https://github.com/advisories/GHSA-8vfj-q2cp-5m5j [D:\Documents\XRENGINE\XREngine.UnitTests\XREngine.UnitTests.csproj]
D:\Documents\XRENGINE\XREngine.UnitTests\XREngine.UnitTests.csproj : warning NU1902: Package 'Magick.NET-Q16-HDRI-AnyCPU' 14.11.1 has a known moderate severity vulnerability, https://github.com/advisories/GHSA-98cp-rj9f-6v5g
D:\Documents\XRENGINE\XREngine.Runtime.Bootstrap\XREngine.Runtime.Bootstrap.csproj : warning NU1901: Package 'Magick.NET-Q16-HDRI-AnyCPU' 14.11.1 has a known low severity vulnerability, https://github.com/advisories/GHSA-8vfj-q2cp-5m5j [D:\Documents\XRENGINE\XREngine.UnitTests\XREngine.UnitTests.csproj]
D:\Documents\XRENGINE\XREngine.Runtime.InputIntegration\XREngine.Runtime.InputIntegration.csproj : warning NU1902: Package 'Magick.NET-Q16-HDRI-AnyCPU' 14.11.1 has a known moderate severity vulnerability, https://github.com/advisories/GHSA-5xg3-585r-9jh5 [D:\Documents\XRENGINE\XREngine.UnitTests\XREngine.UnitTests.csproj]
D:\Documents\XRENGINE\XREngine.Editor\XREngine.Editor.csproj : warning NU1902: Package 'Magick.NET-Q16-HDRI-AnyCPU' 14.11.1 has a known moderate severity vulnerability, https://github.com/advisories/GHSA-cr67-pvmx-2pp2 [D:\Documents\XRENGINE\XREngine.UnitTests\XREngine.UnitTests.csproj]
D:\Documents\XRENGINE\XREngine.Runtime.AudioIntegration\XREngine.Runtime.AudioIntegration.csproj : warning NU1902: Package 'Magick.NET-Q16-HDRI-AnyCPU' 14.11.1 has a known moderate severity vulnerability, https://github.com/advisories/GHSA-98cp-rj9f-6v5g [D:\Documents\XRENGINE\XREngine.UnitTests\XREngine.UnitTests.csproj]
D:\Documents\XRENGINE\XREngine.UnitTests\XREngine.UnitTests.csproj : warning NU1902: Package 'Magick.NET-Q16-HDRI-AnyCPU' 14.11.1 has a known moderate severity vulnerability, https://github.com/advisories/GHSA-cr67-pvmx-2pp2
D:\Documents\XRENGINE\XREngine.Runtime.Bootstrap\XREngine.Runtime.Bootstrap.csproj : warning NU1902: Package 'Magick.NET-Q16-HDRI-AnyCPU' 14.11.1 has a known moderate severity vulnerability, https://github.com/advisories/GHSA-98cp-rj9f-6v5g [D:\Documents\XRENGINE\XREngine.UnitTests\XREngine.UnitTests.csproj]
D:\Documents\XRENGINE\XREngine.Runtime.AnimationIntegration\XREngine.Runtime.AnimationIntegration.csproj : warning NU1901: Package 'Magick.NET-Q16-HDRI-AnyCPU' 14.11.1 has a known low severity vulnerability, https://github.com/advisories/GHSA-8vfj-q2cp-5m5j [D:\Documents\XRENGINE\XREngine.UnitTests\XREngine.UnitTests.csproj]
D:\Documents\XRENGINE\XREngine.Runtime.InputIntegration\XREngine.Runtime.InputIntegration.csproj : warning NU1901: Package 'Magick.NET-Q16-HDRI-AnyCPU' 14.11.1 has a known low severity vulnerability, https://github.com/advisories/GHSA-8vfj-q2cp-5m5j [D:\Documents\XRENGINE\XREngine.UnitTests\XREngine.UnitTests.csproj]
D:\Documents\XRENGINE\XREngine.Editor\XREngine.Editor.csproj : warning NU1902: Package 'Magick.NET-Q16-HDRI-AnyCPU' 14.11.1 has a known moderate severity vulnerability, https://github.com/advisories/GHSA-f4qm-vj5j-9xpw [D:\Documents\XRENGINE\XREngine.UnitTests\XREngine.UnitTests.csproj]
D:\Documents\XRENGINE\XREngine.Runtime.AudioIntegration\XREngine.Runtime.AudioIntegration.csproj : warning NU1902: Package 'Magick.NET-Q16-HDRI-AnyCPU' 14.11.1 has a known moderate severity vulnerability, https://github.com/advisories/GHSA-cr67-pvmx-2pp2 [D:\Documents\XRENGINE\XREngine.UnitTests\XREngine.UnitTests.csproj]
D:\Documents\XRENGINE\XRENGINE\XREngine.csproj : warning NU1902: Package 'Magick.NET-Q16-HDRI-AnyCPU' 14.11.1 has a known moderate severity vulnerability, https://github.com/advisories/GHSA-5xg3-585r-9jh5 [D:\Documents\XRENGINE\XREngine.UnitTests\XREngine.UnitTests.csproj]
D:\Documents\XRENGINE\XREngine.Runtime.Bootstrap\XREngine.Runtime.Bootstrap.csproj : warning NU1902: Package 'Magick.NET-Q16-HDRI-AnyCPU' 14.11.1 has a known moderate severity vulnerability, https://github.com/advisories/GHSA-cr67-pvmx-2pp2 [D:\Documents\XRENGINE\XREngine.UnitTests\XREngine.UnitTests.csproj]
D:\Documents\XRENGINE\XREngine.Runtime.InputIntegration\XREngine.Runtime.InputIntegration.csproj : warning NU1902: Package 'Magick.NET-Q16-HDRI-AnyCPU' 14.11.1 has a known moderate severity vulnerability, https://github.com/advisories/GHSA-98cp-rj9f-6v5g [D:\Documents\XRENGINE\XREngine.UnitTests\XREngine.UnitTests.csproj]
D:\Documents\XRENGINE\XREngine.Runtime.AnimationIntegration\XREngine.Runtime.AnimationIntegration.csproj : warning NU1902: Package 'Magick.NET-Q16-HDRI-AnyCPU' 14.11.1 has a known moderate severity vulnerability, https://github.com/advisories/GHSA-98cp-rj9f-6v5g [D:\Documents\XRENGINE\XREngine.UnitTests\XREngine.UnitTests.csproj]
D:\Documents\XRENGINE\XREngine.Editor\XREngine.Editor.csproj : warning NU1903: Package 'Magick.NET-Q16-HDRI-AnyCPU' 14.11.1 has a known high severity vulnerability, https://github.com/advisories/GHSA-fwvm-ggf6-2p4x [D:\Documents\XRENGINE\XREngine.UnitTests\XREngine.UnitTests.csproj]
D:\Documents\XRENGINE\XREngine.Runtime.InputIntegration\XREngine.Runtime.InputIntegration.csproj : warning NU1902: Package 'Magick.NET-Q16-HDRI-AnyCPU' 14.11.1 has a known moderate severity vulnerability, https://github.com/advisories/GHSA-cr67-pvmx-2pp2 [D:\Documents\XRENGINE\XREngine.UnitTests\XREngine.UnitTests.csproj]
D:\Documents\XRENGINE\XREngine.Runtime.AnimationIntegration\XREngine.Runtime.AnimationIntegration.csproj : warning NU1902: Package 'Magick.NET-Q16-HDRI-AnyCPU' 14.11.1 has a known moderate severity vulnerability, https://github.com/advisories/GHSA-cr67-pvmx-2pp2 [D:\Documents\XRENGINE\XREngine.UnitTests\XREngine.UnitTests.csproj]
D:\Documents\XRENGINE\XREngine.Runtime.AudioIntegration\XREngine.Runtime.AudioIntegration.csproj : warning NU1902: Package 'Magick.NET-Q16-HDRI-AnyCPU' 14.11.1 has a known moderate severity vulnerability, https://github.com/advisories/GHSA-f4qm-vj5j-9xpw [D:\Documents\XRENGINE\XREngine.UnitTests\XREngine.UnitTests.csproj]
D:\Documents\XRENGINE\XREngine.Runtime.Bootstrap\XREngine.Runtime.Bootstrap.csproj : warning NU1902: Package 'Magick.NET-Q16-HDRI-AnyCPU' 14.11.1 has a known moderate severity vulnerability, https://github.com/advisories/GHSA-f4qm-vj5j-9xpw [D:\Documents\XRENGINE\XREngine.UnitTests\XREngine.UnitTests.csproj]
D:\Documents\XRENGINE\XRENGINE\XREngine.csproj : warning NU1901: Package 'Magick.NET-Q16-HDRI-AnyCPU' 14.11.1 has a known low severity vulnerability, https://github.com/advisories/GHSA-8vfj-q2cp-5m5j [D:\Documents\XRENGINE\XREngine.UnitTests\XREngine.UnitTests.csproj]
D:\Documents\XRENGINE\XREngine.Editor\XREngine.Editor.csproj : warning NU1902: Package 'Magick.NET-Q16-HDRI-AnyCPU' 14.11.1 has a known moderate severity vulnerability, https://github.com/advisories/GHSA-jvgr-9ph5-m8v4 [D:\Documents\XRENGINE\XREngine.UnitTests\XREngine.UnitTests.csproj]
D:\Documents\XRENGINE\XREngine.Runtime.Bootstrap\XREngine.Runtime.Bootstrap.csproj : warning NU1903: Package 'Magick.NET-Q16-HDRI-AnyCPU' 14.11.1 has a known high severity vulnerability, https://github.com/advisories/GHSA-fwvm-ggf6-2p4x [D:\Documents\XRENGINE\XREngine.UnitTests\XREngine.UnitTests.csproj]
D:\Documents\XRENGINE\XREngine.Runtime.AnimationIntegration\XREngine.Runtime.AnimationIntegration.csproj : warning NU1902: Package 'Magick.NET-Q16-HDRI-AnyCPU' 14.11.1 has a known moderate severity vulnerability, https://github.com/advisories/GHSA-f4qm-vj5j-9xpw [D:\Documents\XRENGINE\XREngine.UnitTests\XREngine.UnitTests.csproj]
D:\Documents\XRENGINE\XRENGINE\XREngine.csproj : warning NU1902: Package 'Magick.NET-Q16-HDRI-AnyCPU' 14.11.1 has a known moderate severity vulnerability, https://github.com/advisories/GHSA-98cp-rj9f-6v5g [D:\Documents\XRENGINE\XREngine.UnitTests\XREngine.UnitTests.csproj]
D:\Documents\XRENGINE\XREngine.Runtime.AudioIntegration\XREngine.Runtime.AudioIntegration.csproj : warning NU1903: Package 'Magick.NET-Q16-HDRI-AnyCPU' 14.11.1 has a known high severity vulnerability, https://github.com/advisories/GHSA-fwvm-ggf6-2p4x [D:\Documents\XRENGINE\XREngine.UnitTests\XREngine.UnitTests.csproj]
D:\Documents\XRENGINE\XREngine.UnitTests\XREngine.UnitTests.csproj : warning NU1902: Package 'Magick.NET-Q16-HDRI-AnyCPU' 14.11.1 has a known moderate severity vulnerability, https://github.com/advisories/GHSA-f4qm-vj5j-9xpw
D:\Documents\XRENGINE\XREngine.Runtime.InputIntegration\XREngine.Runtime.InputIntegration.csproj : warning NU1902: Package 'Magick.NET-Q16-HDRI-AnyCPU' 14.11.1 has a known moderate severity vulnerability, https://github.com/advisories/GHSA-f4qm-vj5j-9xpw [D:\Documents\XRENGINE\XREngine.UnitTests\XREngine.UnitTests.csproj]
D:\Documents\XRENGINE\XREngine.Editor\XREngine.Editor.csproj : warning NU1902: Package 'Magick.NET-Q16-HDRI-AnyCPU' 14.11.1 has a known moderate severity vulnerability, https://github.com/advisories/GHSA-pcvx-ph33-r5vv [D:\Documents\XRENGINE\XREngine.UnitTests\XREngine.UnitTests.csproj]
D:\Documents\XRENGINE\XREngine.Runtime.AudioIntegration\XREngine.Runtime.AudioIntegration.csproj : warning NU1902: Package 'Magick.NET-Q16-HDRI-AnyCPU' 14.11.1 has a known moderate severity vulnerability, https://github.com/advisories/GHSA-jvgr-9ph5-m8v4 [D:\Documents\XRENGINE\XREngine.UnitTests\XREngine.UnitTests.csproj]
D:\Documents\XRENGINE\XREngine.Runtime.Bootstrap\XREngine.Runtime.Bootstrap.csproj : warning NU1902: Package 'Magick.NET-Q16-HDRI-AnyCPU' 14.11.1 has a known moderate severity vulnerability, https://github.com/advisories/GHSA-jvgr-9ph5-m8v4 [D:\Documents\XRENGINE\XREngine.UnitTests\XREngine.UnitTests.csproj]
D:\Documents\XRENGINE\XRENGINE\XREngine.csproj : warning NU1902: Package 'Magick.NET-Q16-HDRI-AnyCPU' 14.11.1 has a known moderate severity vulnerability, https://github.com/advisories/GHSA-cr67-pvmx-2pp2 [D:\Documents\XRENGINE\XREngine.UnitTests\XREngine.UnitTests.csproj]
D:\Documents\XRENGINE\XREngine.UnitTests\XREngine.UnitTests.csproj : warning NU1903: Package 'Magick.NET-Q16-HDRI-AnyCPU' 14.11.1 has a known high severity vulnerability, https://github.com/advisories/GHSA-fwvm-ggf6-2p4x
D:\Documents\XRENGINE\XREngine.Runtime.AnimationIntegration\XREngine.Runtime.AnimationIntegration.csproj : warning NU1903: Package 'Magick.NET-Q16-HDRI-AnyCPU' 14.11.1 has a known high severity vulnerability, https://github.com/advisories/GHSA-fwvm-ggf6-2p4x [D:\Documents\XRENGINE\XREngine.UnitTests\XREngine.UnitTests.csproj]
D:\Documents\XRENGINE\XREngine.Runtime.InputIntegration\XREngine.Runtime.InputIntegration.csproj : warning NU1903: Package 'Magick.NET-Q16-HDRI-AnyCPU' 14.11.1 has a known high severity vulnerability, https://github.com/advisories/GHSA-fwvm-ggf6-2p4x [D:\Documents\XRENGINE\XREngine.UnitTests\XREngine.UnitTests.csproj]
D:\Documents\XRENGINE\XREngine.Editor\XREngine.Editor.csproj : warning NU1901: Package 'Magick.NET-Q16-HDRI-AnyCPU' 14.11.1 has a known low severity vulnerability, https://github.com/advisories/GHSA-pmpg-6pww-fg6q [D:\Documents\XRENGINE\XREngine.UnitTests\XREngine.UnitTests.csproj]
D:\Documents\XRENGINE\XRENGINE\XREngine.csproj : warning NU1902: Package 'Magick.NET-Q16-HDRI-AnyCPU' 14.11.1 has a known moderate severity vulnerability, https://github.com/advisories/GHSA-f4qm-vj5j-9xpw [D:\Documents\XRENGINE\XREngine.UnitTests\XREngine.UnitTests.csproj]
D:\Documents\XRENGINE\XREngine.Runtime.AnimationIntegration\XREngine.Runtime.AnimationIntegration.csproj : warning NU1902: Package 'Magick.NET-Q16-HDRI-AnyCPU' 14.11.1 has a known moderate severity vulnerability, https://github.com/advisories/GHSA-jvgr-9ph5-m8v4 [D:\Documents\XRENGINE\XREngine.UnitTests\XREngine.UnitTests.csproj]
D:\Documents\XRENGINE\XREngine.UnitTests\XREngine.UnitTests.csproj : warning NU1902: Package 'Magick.NET-Q16-HDRI-AnyCPU' 14.11.1 has a known moderate severity vulnerability, https://github.com/advisories/GHSA-jvgr-9ph5-m8v4
D:\Documents\XRENGINE\XREngine.Runtime.Bootstrap\XREngine.Runtime.Bootstrap.csproj : warning NU1902: Package 'Magick.NET-Q16-HDRI-AnyCPU' 14.11.1 has a known moderate severity vulnerability, https://github.com/advisories/GHSA-pcvx-ph33-r5vv [D:\Documents\XRENGINE\XREngine.UnitTests\XREngine.UnitTests.csproj]
D:\Documents\XRENGINE\XREngine.Runtime.AudioIntegration\XREngine.Runtime.AudioIntegration.csproj : warning NU1902: Package 'Magick.NET-Q16-HDRI-AnyCPU' 14.11.1 has a known moderate severity vulnerability, https://github.com/advisories/GHSA-pcvx-ph33-r5vv [D:\Documents\XRENGINE\XREngine.UnitTests\XREngine.UnitTests.csproj]
D:\Documents\XRENGINE\XREngine.Runtime.InputIntegration\XREngine.Runtime.InputIntegration.csproj : warning NU1902: Package 'Magick.NET-Q16-HDRI-AnyCPU' 14.11.1 has a known moderate severity vulnerability, https://github.com/advisories/GHSA-jvgr-9ph5-m8v4 [D:\Documents\XRENGINE\XREngine.UnitTests\XREngine.UnitTests.csproj]
D:\Documents\XRENGINE\XREngine.Editor\XREngine.Editor.csproj : warning NU1902: Package 'Magick.NET-Q16-HDRI-AnyCPU' 14.11.1 has a known moderate severity vulnerability, https://github.com/advisories/GHSA-pwg5-6jfc-crvh [D:\Documents\XRENGINE\XREngine.UnitTests\XREngine.UnitTests.csproj]
D:\Documents\XRENGINE\XREngine.Runtime.AudioIntegration\XREngine.Runtime.AudioIntegration.csproj : warning NU1901: Package 'Magick.NET-Q16-HDRI-AnyCPU' 14.11.1 has a known low severity vulnerability, https://github.com/advisories/GHSA-pmpg-6pww-fg6q [D:\Documents\XRENGINE\XREngine.UnitTests\XREngine.UnitTests.csproj]
D:\Documents\XRENGINE\XREngine.Runtime.Bootstrap\XREngine.Runtime.Bootstrap.csproj : warning NU1901: Package 'Magick.NET-Q16-HDRI-AnyCPU' 14.11.1 has a known low severity vulnerability, https://github.com/advisories/GHSA-pmpg-6pww-fg6q [D:\Documents\XRENGINE\XREngine.UnitTests\XREngine.UnitTests.csproj]
D:\Documents\XRENGINE\XREngine.UnitTests\XREngine.UnitTests.csproj : warning NU1902: Package 'Magick.NET-Q16-HDRI-AnyCPU' 14.11.1 has a known moderate severity vulnerability, https://github.com/advisories/GHSA-pcvx-ph33-r5vv
D:\Documents\XRENGINE\XREngine.Runtime.InputIntegration\XREngine.Runtime.InputIntegration.csproj : warning NU1902: Package 'Magick.NET-Q16-HDRI-AnyCPU' 14.11.1 has a known moderate severity vulnerability, https://github.com/advisories/GHSA-pcvx-ph33-r5vv [D:\Documents\XRENGINE\XREngine.UnitTests\XREngine.UnitTests.csproj]
D:\Documents\XRENGINE\XRENGINE\XREngine.csproj : warning NU1903: Package 'Magick.NET-Q16-HDRI-AnyCPU' 14.11.1 has a known high severity vulnerability, https://github.com/advisories/GHSA-fwvm-ggf6-2p4x [D:\Documents\XRENGINE\XREngine.UnitTests\XREngine.UnitTests.csproj]
D:\Documents\XRENGINE\XREngine.Editor\XREngine.Editor.csproj : warning NU1901: Package 'Magick.NET-Q16-HDRI-AnyCPU' 14.11.1 has a known low severity vulnerability, https://github.com/advisories/GHSA-q8h3-jv9v-57qx [D:\Documents\XRENGINE\XREngine.UnitTests\XREngine.UnitTests.csproj]
D:\Documents\XRENGINE\XREngine.Runtime.InputIntegration\XREngine.Runtime.InputIntegration.csproj : warning NU1901: Package 'Magick.NET-Q16-HDRI-AnyCPU' 14.11.1 has a known low severity vulnerability, https://github.com/advisories/GHSA-pmpg-6pww-fg6q [D:\Documents\XRENGINE\XREngine.UnitTests\XREngine.UnitTests.csproj]
D:\Documents\XRENGINE\XREngine.Runtime.AudioIntegration\XREngine.Runtime.AudioIntegration.csproj : warning NU1902: Package 'Magick.NET-Q16-HDRI-AnyCPU' 14.11.1 has a known moderate severity vulnerability, https://github.com/advisories/GHSA-pwg5-6jfc-crvh [D:\Documents\XRENGINE\XREngine.UnitTests\XREngine.UnitTests.csproj]
D:\Documents\XRENGINE\XREngine.Runtime.Bootstrap\XREngine.Runtime.Bootstrap.csproj : warning NU1902: Package 'Magick.NET-Q16-HDRI-AnyCPU' 14.11.1 has a known moderate severity vulnerability, https://github.com/advisories/GHSA-pwg5-6jfc-crvh [D:\Documents\XRENGINE\XREngine.UnitTests\XREngine.UnitTests.csproj]
D:\Documents\XRENGINE\XRENGINE\XREngine.csproj : warning NU1902: Package 'Magick.NET-Q16-HDRI-AnyCPU' 14.11.1 has a known moderate severity vulnerability, https://github.com/advisories/GHSA-jvgr-9ph5-m8v4 [D:\Documents\XRENGINE\XREngine.UnitTests\XREngine.UnitTests.csproj]
D:\Documents\XRENGINE\XREngine.UnitTests\XREngine.UnitTests.csproj : warning NU1901: Package 'Magick.NET-Q16-HDRI-AnyCPU' 14.11.1 has a known low severity vulnerability, https://github.com/advisories/GHSA-pmpg-6pww-fg6q
D:\Documents\XRENGINE\XREngine.Editor\XREngine.Editor.csproj : warning NU1902: Package 'Magick.NET-Q16-HDRI-AnyCPU' 14.11.1 has a known moderate severity vulnerability, https://github.com/advisories/GHSA-r83h-crwp-3vm7 [D:\Documents\XRENGINE\XREngine.UnitTests\XREngine.UnitTests.csproj]
D:\Documents\XRENGINE\XREngine.Runtime.InputIntegration\XREngine.Runtime.InputIntegration.csproj : warning NU1902: Package 'Magick.NET-Q16-HDRI-AnyCPU' 14.11.1 has a known moderate severity vulnerability, https://github.com/advisories/GHSA-pwg5-6jfc-crvh [D:\Documents\XRENGINE\XREngine.UnitTests\XREngine.UnitTests.csproj]
D:\Documents\XRENGINE\XRENGINE\XREngine.csproj : warning NU1902: Package 'Magick.NET-Q16-HDRI-AnyCPU' 14.11.1 has a known moderate severity vulnerability, https://github.com/advisories/GHSA-pcvx-ph33-r5vv [D:\Documents\XRENGINE\XREngine.UnitTests\XREngine.UnitTests.csproj]
D:\Documents\XRENGINE\XREngine.Runtime.AudioIntegration\XREngine.Runtime.AudioIntegration.csproj : warning NU1901: Package 'Magick.NET-Q16-HDRI-AnyCPU' 14.11.1 has a known low severity vulnerability, https://github.com/advisories/GHSA-q8h3-jv9v-57qx [D:\Documents\XRENGINE\XREngine.UnitTests\XREngine.UnitTests.csproj]
D:\Documents\XRENGINE\XREngine.Runtime.AnimationIntegration\XREngine.Runtime.AnimationIntegration.csproj : warning NU1902: Package 'Magick.NET-Q16-HDRI-AnyCPU' 14.11.1 has a known moderate severity vulnerability, https://github.com/advisories/GHSA-pcvx-ph33-r5vv [D:\Documents\XRENGINE\XREngine.UnitTests\XREngine.UnitTests.csproj]
D:\Documents\XRENGINE\XREngine.Editor\XREngine.Editor.csproj : warning NU1902: Package 'Magick.NET-Q16-HDRI-AnyCPU' 14.11.1 has a known moderate severity vulnerability, https://github.com/advisories/GHSA-v67w-737x-v2c9 [D:\Documents\XRENGINE\XREngine.UnitTests\XREngine.UnitTests.csproj]
D:\Documents\XRENGINE\XREngine.Runtime.AudioIntegration\XREngine.Runtime.AudioIntegration.csproj : warning NU1902: Package 'Magick.NET-Q16-HDRI-AnyCPU' 14.11.1 has a known moderate severity vulnerability, https://github.com/advisories/GHSA-r83h-crwp-3vm7 [D:\Documents\XRENGINE\XREngine.UnitTests\XREngine.UnitTests.csproj]
D:\Documents\XRENGINE\XRENGINE\XREngine.csproj : warning NU1901: Package 'Magick.NET-Q16-HDRI-AnyCPU' 14.11.1 has a known low severity vulnerability, https://github.com/advisories/GHSA-pmpg-6pww-fg6q [D:\Documents\XRENGINE\XREngine.UnitTests\XREngine.UnitTests.csproj]
D:\Documents\XRENGINE\XREngine.Runtime.InputIntegration\XREngine.Runtime.InputIntegration.csproj : warning NU1901: Package 'Magick.NET-Q16-HDRI-AnyCPU' 14.11.1 has a known low severity vulnerability, https://github.com/advisories/GHSA-q8h3-jv9v-57qx [D:\Documents\XRENGINE\XREngine.UnitTests\XREngine.UnitTests.csproj]
D:\Documents\XRENGINE\XREngine.Editor\XREngine.Editor.csproj : warning NU1901: Package 'Magick.NET-Q16-HDRI-AnyCPU' 14.11.1 has a known low severity vulnerability, https://github.com/advisories/GHSA-w54j-7wpm-crhj [D:\Documents\XRENGINE\XREngine.UnitTests\XREngine.UnitTests.csproj]
D:\Documents\XRENGINE\XREngine.Runtime.AudioIntegration\XREngine.Runtime.AudioIntegration.csproj : warning NU1902: Package 'Magick.NET-Q16-HDRI-AnyCPU' 14.11.1 has a known moderate severity vulnerability, https://github.com/advisories/GHSA-v67w-737x-v2c9 [D:\Documents\XRENGINE\XREngine.UnitTests\XREngine.UnitTests.csproj]
D:\Documents\XRENGINE\XRENGINE\XREngine.csproj : warning NU1902: Package 'Magick.NET-Q16-HDRI-AnyCPU' 14.11.1 has a known moderate severity vulnerability, https://github.com/advisories/GHSA-pwg5-6jfc-crvh [D:\Documents\XRENGINE\XREngine.UnitTests\XREngine.UnitTests.csproj]
D:\Documents\XRENGINE\XREngine.Runtime.Bootstrap\XREngine.Runtime.Bootstrap.csproj : warning NU1901: Package 'Magick.NET-Q16-HDRI-AnyCPU' 14.11.1 has a known low severity vulnerability, https://github.com/advisories/GHSA-q8h3-jv9v-57qx [D:\Documents\XRENGINE\XREngine.UnitTests\XREngine.UnitTests.csproj]
D:\Documents\XRENGINE\XREngine.Runtime.InputIntegration\XREngine.Runtime.InputIntegration.csproj : warning NU1902: Package 'Magick.NET-Q16-HDRI-AnyCPU' 14.11.1 has a known moderate severity vulnerability, https://github.com/advisories/GHSA-r83h-crwp-3vm7 [D:\Documents\XRENGINE\XREngine.UnitTests\XREngine.UnitTests.csproj]
D:\Documents\XRENGINE\XREngine.Runtime.AnimationIntegration\XREngine.Runtime.AnimationIntegration.csproj : warning NU1901: Package 'Magick.NET-Q16-HDRI-AnyCPU' 14.11.1 has a known low severity vulnerability, https://github.com/advisories/GHSA-pmpg-6pww-fg6q [D:\Documents\XRENGINE\XREngine.UnitTests\XREngine.UnitTests.csproj]
D:\Documents\XRENGINE\XRENGINE\XREngine.csproj : warning NU1901: Package 'Magick.NET-Q16-HDRI-AnyCPU' 14.11.1 has a known low severity vulnerability, https://github.com/advisories/GHSA-q8h3-jv9v-57qx [D:\Documents\XRENGINE\XREngine.UnitTests\XREngine.UnitTests.csproj]
D:\Documents\XRENGINE\XREngine.Runtime.InputIntegration\XREngine.Runtime.InputIntegration.csproj : warning NU1902: Package 'Magick.NET-Q16-HDRI-AnyCPU' 14.11.1 has a known moderate severity vulnerability, https://github.com/advisories/GHSA-v67w-737x-v2c9 [D:\Documents\XRENGINE\XREngine.UnitTests\XREngine.UnitTests.csproj]
D:\Documents\XRENGINE\XREngine.Editor\XREngine.Editor.csproj : warning NU1901: Package 'Magick.NET-Q16-HDRI-AnyCPU' 14.11.1 has a known low severity vulnerability, https://github.com/advisories/GHSA-x928-4434-crqj [D:\Documents\XRENGINE\XREngine.UnitTests\XREngine.UnitTests.csproj]
D:\Documents\XRENGINE\XREngine.Runtime.AudioIntegration\XREngine.Runtime.AudioIntegration.csproj : warning NU1901: Package 'Magick.NET-Q16-HDRI-AnyCPU' 14.11.1 has a known low severity vulnerability, https://github.com/advisories/GHSA-w54j-7wpm-crhj [D:\Documents\XRENGINE\XREngine.UnitTests\XREngine.UnitTests.csproj]
D:\Documents\XRENGINE\XREngine.Runtime.AnimationIntegration\XREngine.Runtime.AnimationIntegration.csproj : warning NU1902: Package 'Magick.NET-Q16-HDRI-AnyCPU' 14.11.1 has a known moderate severity vulnerability, https://github.com/advisories/GHSA-pwg5-6jfc-crvh [D:\Documents\XRENGINE\XREngine.UnitTests\XREngine.UnitTests.csproj]
D:\Documents\XRENGINE\XREngine.Runtime.InputIntegration\XREngine.Runtime.InputIntegration.csproj : warning NU1901: Package 'Magick.NET-Q16-HDRI-AnyCPU' 14.11.1 has a known low severity vulnerability, https://github.com/advisories/GHSA-w54j-7wpm-crhj [D:\Documents\XRENGINE\XREngine.UnitTests\XREngine.UnitTests.csproj]
D:\Documents\XRENGINE\XREngine.Runtime.Bootstrap\XREngine.Runtime.Bootstrap.csproj : warning NU1902: Package 'Magick.NET-Q16-HDRI-AnyCPU' 14.11.1 has a known moderate severity vulnerability, https://github.com/advisories/GHSA-r83h-crwp-3vm7 [D:\Documents\XRENGINE\XREngine.UnitTests\XREngine.UnitTests.csproj]
D:\Documents\XRENGINE\XREngine.Runtime.AudioIntegration\XREngine.Runtime.AudioIntegration.csproj : warning NU1901: Package 'Magick.NET-Q16-HDRI-AnyCPU' 14.11.1 has a known low severity vulnerability, https://github.com/advisories/GHSA-x928-4434-crqj [D:\Documents\XRENGINE\XREngine.UnitTests\XREngine.UnitTests.csproj]
D:\Documents\XRENGINE\XRENGINE\XREngine.csproj : warning NU1902: Package 'Magick.NET-Q16-HDRI-AnyCPU' 14.11.1 has a known moderate severity vulnerability, https://github.com/advisories/GHSA-r83h-crwp-3vm7 [D:\Documents\XRENGINE\XREngine.UnitTests\XREngine.UnitTests.csproj]
D:\Documents\XRENGINE\XREngine.Editor\XREngine.Editor.csproj : warning NU1903: Package 'Magick.NET-Q16-HDRI-AnyCPU' 14.11.1 has a known high severity vulnerability, https://github.com/advisories/GHSA-x9h5-r9v2-vcww [D:\Documents\XRENGINE\XREngine.UnitTests\XREngine.UnitTests.csproj]
D:\Documents\XRENGINE\XREngine.Runtime.AnimationIntegration\XREngine.Runtime.AnimationIntegration.csproj : warning NU1901: Package 'Magick.NET-Q16-HDRI-AnyCPU' 14.11.1 has a known low severity vulnerability, https://github.com/advisories/GHSA-q8h3-jv9v-57qx [D:\Documents\XRENGINE\XREngine.UnitTests\XREngine.UnitTests.csproj]
D:\Documents\XRENGINE\XREngine.Runtime.AudioIntegration\XREngine.Runtime.AudioIntegration.csproj : warning NU1903: Package 'Magick.NET-Q16-HDRI-AnyCPU' 14.11.1 has a known high severity vulnerability, https://github.com/advisories/GHSA-x9h5-r9v2-vcww [D:\Documents\XRENGINE\XREngine.UnitTests\XREngine.UnitTests.csproj]
D:\Documents\XRENGINE\XRENGINE\XREngine.csproj : warning NU1902: Package 'Magick.NET-Q16-HDRI-AnyCPU' 14.11.1 has a known moderate severity vulnerability, https://github.com/advisories/GHSA-v67w-737x-v2c9 [D:\Documents\XRENGINE\XREngine.UnitTests\XREngine.UnitTests.csproj]
D:\Documents\XRENGINE\XREngine.Runtime.Bootstrap\XREngine.Runtime.Bootstrap.csproj : warning NU1902: Package 'Magick.NET-Q16-HDRI-AnyCPU' 14.11.1 has a known moderate severity vulnerability, https://github.com/advisories/GHSA-v67w-737x-v2c9 [D:\Documents\XRENGINE\XREngine.UnitTests\XREngine.UnitTests.csproj]
D:\Documents\XRENGINE\XREngine.Runtime.InputIntegration\XREngine.Runtime.InputIntegration.csproj : warning NU1901: Package 'Magick.NET-Q16-HDRI-AnyCPU' 14.11.1 has a known low severity vulnerability, https://github.com/advisories/GHSA-x928-4434-crqj [D:\Documents\XRENGINE\XREngine.UnitTests\XREngine.UnitTests.csproj]
D:\Documents\XRENGINE\XRENGINE\XREngine.csproj : warning NU1901: Package 'Magick.NET-Q16-HDRI-AnyCPU' 14.11.1 has a known low severity vulnerability, https://github.com/advisories/GHSA-w54j-7wpm-crhj [D:\Documents\XRENGINE\XREngine.UnitTests\XREngine.UnitTests.csproj]
D:\Documents\XRENGINE\XREngine.Runtime.Bootstrap\XREngine.Runtime.Bootstrap.csproj : warning NU1901: Package 'Magick.NET-Q16-HDRI-AnyCPU' 14.11.1 has a known low severity vulnerability, https://github.com/advisories/GHSA-w54j-7wpm-crhj [D:\Documents\XRENGINE\XREngine.UnitTests\XREngine.UnitTests.csproj]
D:\Documents\XRENGINE\XREngine.Runtime.Bootstrap\XREngine.Runtime.Bootstrap.csproj : warning NU1901: Package 'Magick.NET-Q16-HDRI-AnyCPU' 14.11.1 has a known low severity vulnerability, https://github.com/advisories/GHSA-x928-4434-crqj [D:\Documents\XRENGINE\XREngine.UnitTests\XREngine.UnitTests.csproj]
D:\Documents\XRENGINE\XRENGINE\XREngine.csproj : warning NU1901: Package 'Magick.NET-Q16-HDRI-AnyCPU' 14.11.1 has a known low severity vulnerability, https://github.com/advisories/GHSA-x928-4434-crqj [D:\Documents\XRENGINE\XREngine.UnitTests\XREngine.UnitTests.csproj]
D:\Documents\XRENGINE\XREngine.Runtime.Bootstrap\XREngine.Runtime.Bootstrap.csproj : warning NU1903: Package 'Magick.NET-Q16-HDRI-AnyCPU' 14.11.1 has a known high severity vulnerability, https://github.com/advisories/GHSA-x9h5-r9v2-vcww [D:\Documents\XRENGINE\XREngine.UnitTests\XREngine.UnitTests.csproj]
D:\Documents\XRENGINE\XRENGINE\XREngine.csproj : warning NU1903: Package 'Magick.NET-Q16-HDRI-AnyCPU' 14.11.1 has a known high severity vulnerability, https://github.com/advisories/GHSA-x9h5-r9v2-vcww [D:\Documents\XRENGINE\XREngine.UnitTests\XREngine.UnitTests.csproj]
D:\Documents\XRENGINE\XREngine.Runtime.InputIntegration\XREngine.Runtime.InputIntegration.csproj : warning NU1903: Package 'Magick.NET-Q16-HDRI-AnyCPU' 14.11.1 has a known high severity vulnerability, https://github.com/advisories/GHSA-x9h5-r9v2-vcww [D:\Documents\XRENGINE\XREngine.UnitTests\XREngine.UnitTests.csproj]
D:\Documents\XRENGINE\XREngine.UnitTests\XREngine.UnitTests.csproj : warning NU1902: Package 'Magick.NET-Q16-HDRI-AnyCPU' 14.11.1 has a known moderate severity vulnerability, https://github.com/advisories/GHSA-pwg5-6jfc-crvh
D:\Documents\XRENGINE\XREngine.UnitTests\XREngine.UnitTests.csproj : warning NU1901: Package 'Magick.NET-Q16-HDRI-AnyCPU' 14.11.1 has a known low severity vulnerability, https://github.com/advisories/GHSA-q8h3-jv9v-57qx
D:\Documents\XRENGINE\XREngine.Runtime.AnimationIntegration\XREngine.Runtime.AnimationIntegration.csproj : warning NU1902: Package 'Magick.NET-Q16-HDRI-AnyCPU' 14.11.1 has a known moderate severity vulnerability, https://github.com/advisories/GHSA-r83h-crwp-3vm7 [D:\Documents\XRENGINE\XREngine.UnitTests\XREngine.UnitTests.csproj]
D:\Documents\XRENGINE\XREngine.Runtime.AnimationIntegration\XREngine.Runtime.AnimationIntegration.csproj : warning NU1902: Package 'Magick.NET-Q16-HDRI-AnyCPU' 14.11.1 has a known moderate severity vulnerability, https://github.com/advisories/GHSA-v67w-737x-v2c9 [D:\Documents\XRENGINE\XREngine.UnitTests\XREngine.UnitTests.csproj]
D:\Documents\XRENGINE\XREngine.UnitTests\XREngine.UnitTests.csproj : warning NU1902: Package 'Magick.NET-Q16-HDRI-AnyCPU' 14.11.1 has a known moderate severity vulnerability, https://github.com/advisories/GHSA-r83h-crwp-3vm7
D:\Documents\XRENGINE\XREngine.Runtime.AnimationIntegration\XREngine.Runtime.AnimationIntegration.csproj : warning NU1901: Package 'Magick.NET-Q16-HDRI-AnyCPU' 14.11.1 has a known low severity vulnerability, https://github.com/advisories/GHSA-w54j-7wpm-crhj [D:\Documents\XRENGINE\XREngine.UnitTests\XREngine.UnitTests.csproj]
D:\Documents\XRENGINE\XREngine.UnitTests\XREngine.UnitTests.csproj : warning NU1902: Package 'Magick.NET-Q16-HDRI-AnyCPU' 14.11.1 has a known moderate severity vulnerability, https://github.com/advisories/GHSA-v67w-737x-v2c9
D:\Documents\XRENGINE\XREngine.Runtime.AnimationIntegration\XREngine.Runtime.AnimationIntegration.csproj : warning NU1901: Package 'Magick.NET-Q16-HDRI-AnyCPU' 14.11.1 has a known low severity vulnerability, https://github.com/advisories/GHSA-x928-4434-crqj [D:\Documents\XRENGINE\XREngine.UnitTests\XREngine.UnitTests.csproj]
D:\Documents\XRENGINE\XREngine.UnitTests\XREngine.UnitTests.csproj : warning NU1901: Package 'Magick.NET-Q16-HDRI-AnyCPU' 14.11.1 has a known low severity vulnerability, https://github.com/advisories/GHSA-w54j-7wpm-crhj
D:\Documents\XRENGINE\XREngine.Runtime.AnimationIntegration\XREngine.Runtime.AnimationIntegration.csproj : warning NU1903: Package 'Magick.NET-Q16-HDRI-AnyCPU' 14.11.1 has a known high severity vulnerability, https://github.com/advisories/GHSA-x9h5-r9v2-vcww [D:\Documents\XRENGINE\XREngine.UnitTests\XREngine.UnitTests.csproj]
D:\Documents\XRENGINE\XREngine.UnitTests\XREngine.UnitTests.csproj : warning NU1901: Package 'Magick.NET-Q16-HDRI-AnyCPU' 14.11.1 has a known low severity vulnerability, https://github.com/advisories/GHSA-x928-4434-crqj
D:\Documents\XRENGINE\XREngine.UnitTests\XREngine.UnitTests.csproj : warning NU1903: Package 'Magick.NET-Q16-HDRI-AnyCPU' 14.11.1 has a known high severity vulnerability, https://github.com/advisories/GHSA-x9h5-r9v2-vcww
  All projects are up-to-date for restore.
C:\Program Files\dotnet\sdk\10.0.300-preview.0.26177.108\Sdks\Microsoft.NET.Sdk\targets\Microsoft.NET.RuntimeIdentifierInference.targets(383,5): message NETSDK1057: You are using a preview version of .NET. See: https://aka.ms/dotnet-support-policy [D:\Documents\XRENGINE\XREngine.UnitTests\XREngine.UnitTests.csproj]
D:\Documents\XRENGINE\XREngine.UnitTests\XREngine.UnitTests.csproj : warning NU1902: Package 'Magick.NET-Q16-HDRI-AnyCPU' 14.11.1 has a known moderate severity vulnerability, https://github.com/advisories/GHSA-26qp-ffjh-2x4v
D:\Documents\XRENGINE\XREngine.UnitTests\XREngine.UnitTests.csproj : warning NU1902: Package 'Magick.NET-Q16-HDRI-AnyCPU' 14.11.1 has a known moderate severity vulnerability, https://github.com/advisories/GHSA-5592-p365-24xh
D:\Documents\XRENGINE\XREngine.UnitTests\XREngine.UnitTests.csproj : warning NU1902: Package 'Magick.NET-Q16-HDRI-AnyCPU' 14.11.1 has a known moderate severity vulnerability, https://github.com/advisories/GHSA-5xg3-585r-9jh5
D:\Documents\XRENGINE\XREngine.UnitTests\XREngine.UnitTests.csproj : warning NU1901: Package 'Magick.NET-Q16-HDRI-AnyCPU' 14.11.1 has a known low severity vulnerability, https://github.com/advisories/GHSA-8vfj-q2cp-5m5j
D:\Documents\XRENGINE\XREngine.UnitTests\XREngine.UnitTests.csproj : warning NU1902: Package 'Magick.NET-Q16-HDRI-AnyCPU' 14.11.1 has a known moderate severity vulnerability, https://github.com/advisories/GHSA-98cp-rj9f-6v5g
D:\Documents\XRENGINE\XREngine.UnitTests\XREngine.UnitTests.csproj : warning NU1902: Package 'Magick.NET-Q16-HDRI-AnyCPU' 14.11.1 has a known moderate severity vulnerability, https://github.com/advisories/GHSA-cr67-pvmx-2pp2
D:\Documents\XRENGINE\XREngine.UnitTests\XREngine.UnitTests.csproj : warning NU1902: Package 'Magick.NET-Q16-HDRI-AnyCPU' 14.11.1 has a known moderate severity vulnerability, https://github.com/advisories/GHSA-f4qm-vj5j-9xpw
D:\Documents\XRENGINE\XREngine.UnitTests\XREngine.UnitTests.csproj : warning NU1903: Package 'Magick.NET-Q16-HDRI-AnyCPU' 14.11.1 has a known high severity vulnerability, https://github.com/advisories/GHSA-fwvm-ggf6-2p4x
D:\Documents\XRENGINE\XREngine.UnitTests\XREngine.UnitTests.csproj : warning NU1902: Package 'Magick.NET-Q16-HDRI-AnyCPU' 14.11.1 has a known moderate severity vulnerability, https://github.com/advisories/GHSA-jvgr-9ph5-m8v4
D:\Documents\XRENGINE\XREngine.UnitTests\XREngine.UnitTests.csproj : warning NU1902: Package 'Magick.NET-Q16-HDRI-AnyCPU' 14.11.1 has a known moderate severity vulnerability, https://github.com/advisories/GHSA-pcvx-ph33-r5vv
D:\Documents\XRENGINE\XREngine.UnitTests\XREngine.UnitTests.csproj : warning NU1901: Package 'Magick.NET-Q16-HDRI-AnyCPU' 14.11.1 has a known low severity vulnerability, https://github.com/advisories/GHSA-pmpg-6pww-fg6q
D:\Documents\XRENGINE\XREngine.UnitTests\XREngine.UnitTests.csproj : warning NU1902: Package 'Magick.NET-Q16-HDRI-AnyCPU' 14.11.1 has a known moderate severity vulnerability, https://github.com/advisories/GHSA-pwg5-6jfc-crvh
D:\Documents\XRENGINE\XREngine.UnitTests\XREngine.UnitTests.csproj : warning NU1901: Package 'Magick.NET-Q16-HDRI-AnyCPU' 14.11.1 has a known low severity vulnerability, https://github.com/advisories/GHSA-q8h3-jv9v-57qx
D:\Documents\XRENGINE\XREngine.UnitTests\XREngine.UnitTests.csproj : warning NU1902: Package 'Magick.NET-Q16-HDRI-AnyCPU' 14.11.1 has a known moderate severity vulnerability, https://github.com/advisories/GHSA-r83h-crwp-3vm7
D:\Documents\XRENGINE\XREngine.UnitTests\XREngine.UnitTests.csproj : warning NU1902: Package 'Magick.NET-Q16-HDRI-AnyCPU' 14.11.1 has a known moderate severity vulnerability, https://github.com/advisories/GHSA-v67w-737x-v2c9
D:\Documents\XRENGINE\XREngine.UnitTests\XREngine.UnitTests.csproj : warning NU1901: Package 'Magick.NET-Q16-HDRI-AnyCPU' 14.11.1 has a known low severity vulnerability, https://github.com/advisories/GHSA-w54j-7wpm-crhj
D:\Documents\XRENGINE\XREngine.UnitTests\XREngine.UnitTests.csproj : warning NU1901: Package 'Magick.NET-Q16-HDRI-AnyCPU' 14.11.1 has a known low severity vulnerability, https://github.com/advisories/GHSA-x928-4434-crqj
D:\Documents\XRENGINE\XREngine.UnitTests\XREngine.UnitTests.csproj : warning NU1903: Package 'Magick.NET-Q16-HDRI-AnyCPU' 14.11.1 has a known high severity vulnerability, https://github.com/advisories/GHSA-x9h5-r9v2-vcww
C:\Program Files\dotnet\sdk\10.0.300-preview.0.26177.108\Sdks\Microsoft.NET.Sdk\targets\Microsoft.NET.RuntimeIdentifierInference.targets(383,5): message NETSDK1057: You are using a preview version of .NET. See: https://aka.ms/dotnet-support-policy [D:\Documents\XRENGINE\XREngine.Modeling\XREngine.Modeling.csproj]
C:\Program Files\dotnet\sdk\10.0.300-preview.0.26177.108\Sdks\Microsoft.NET.Sdk\targets\Microsoft.NET.RuntimeIdentifierInference.targets(383,5): message NETSDK1057: You are using a preview version of .NET. See: https://aka.ms/dotnet-support-policy [D:\Documents\XRENGINE\XRENGINE\XREngine.csproj]
C:\Program Files\dotnet\sdk\10.0.300-preview.0.26177.108\Sdks\Microsoft.NET.Sdk\targets\Microsoft.NET.RuntimeIdentifierInference.targets(383,5): message NETSDK1057: You are using a preview version of .NET. See: https://aka.ms/dotnet-support-policy [D:\Documents\XRENGINE\XREngine.Runtime.AnimationIntegration\XREngine.Runtime.AnimationIntegration.csproj]
C:\Program Files\dotnet\sdk\10.0.300-preview.0.26177.108\Sdks\Microsoft.NET.Sdk\targets\Microsoft.NET.RuntimeIdentifierInference.targets(383,5): message NETSDK1057: You are using a preview version of .NET. See: https://aka.ms/dotnet-support-policy [D:\Documents\XRENGINE\XREngine.Runtime.ModelingBridge\XREngine.Runtime.ModelingBridge.csproj]
C:\Program Files\dotnet\sdk\10.0.300-preview.0.26177.108\Sdks\Microsoft.NET.Sdk\targets\Microsoft.NET.RuntimeIdentifierInference.targets(383,5): message NETSDK1057: You are using a preview version of .NET. See: https://aka.ms/dotnet-support-policy [D:\Documents\XRENGINE\XREngine.Audio\XREngine.Audio.csproj]
C:\Program Files\dotnet\sdk\10.0.300-preview.0.26177.108\Sdks\Microsoft.NET.Sdk\targets\Microsoft.NET.RuntimeIdentifierInference.targets(383,5): message NETSDK1057: You are using a preview version of .NET. See: https://aka.ms/dotnet-support-policy [D:\Documents\XRENGINE\XREngine.Runtime.Core\XREngine.Runtime.Core.csproj]
C:\Program Files\dotnet\sdk\10.0.300-preview.0.26177.108\Sdks\Microsoft.NET.Sdk\targets\Microsoft.NET.RuntimeIdentifierInference.targets(383,5): message NETSDK1057: You are using a preview version of .NET. See: https://aka.ms/dotnet-support-policy [D:\Documents\XRENGINE\XREngine.Runtime.Rendering\XREngine.Runtime.Rendering.csproj]
C:\Program Files\dotnet\sdk\10.0.300-preview.0.26177.108\Sdks\Microsoft.NET.Sdk\targets\Microsoft.NET.RuntimeIdentifierInference.targets(383,5): message NETSDK1057: You are using a preview version of .NET. See: https://aka.ms/dotnet-support-policy [D:\Documents\XRENGINE\XREngine.Runtime.InputIntegration\XREngine.Runtime.InputIntegration.csproj]
C:\Program Files\dotnet\sdk\10.0.300-preview.0.26177.108\Sdks\Microsoft.NET.Sdk\targets\Microsoft.NET.RuntimeIdentifierInference.targets(383,5): message NETSDK1057: You are using a preview version of .NET. See: https://aka.ms/dotnet-support-policy [D:\Documents\XRENGINE\XREngine.Editor\XREngine.Editor.csproj]
C:\Program Files\dotnet\sdk\10.0.300-preview.0.26177.108\Sdks\Microsoft.NET.Sdk\targets\Microsoft.NET.RuntimeIdentifierInference.targets(383,5): message NETSDK1057: You are using a preview version of .NET. See: https://aka.ms/dotnet-support-policy [D:\Documents\XRENGINE\XREngine.Data\XREngine.Data.csproj]
C:\Program Files\dotnet\sdk\10.0.300-preview.0.26177.108\Sdks\Microsoft.NET.Sdk\targets\Microsoft.NET.RuntimeIdentifierInference.targets(383,5): message NETSDK1057: You are using a preview version of .NET. See: https://aka.ms/dotnet-support-policy [D:\Documents\XRENGINE\XREngine.Extensions\XREngine.Extensions.csproj]
C:\Program Files\dotnet\sdk\10.0.300-preview.0.26177.108\Sdks\Microsoft.NET.Sdk\targets\Microsoft.NET.RuntimeIdentifierInference.targets(383,5): message NETSDK1057: You are using a preview version of .NET. See: https://aka.ms/dotnet-support-policy [D:\Documents\XRENGINE\XREngine.Profiler.UI\XREngine.Profiler.UI.csproj]
C:\Program Files\dotnet\sdk\10.0.300-preview.0.26177.108\Sdks\Microsoft.NET.Sdk\targets\Microsoft.NET.RuntimeIdentifierInference.targets(383,5): message NETSDK1057: You are using a preview version of .NET. See: https://aka.ms/dotnet-support-policy [D:\Documents\XRENGINE\XREngine.Input\XREngine.Input.csproj]
C:\Program Files\dotnet\sdk\10.0.300-preview.0.26177.108\Sdks\Microsoft.NET.Sdk\targets\Microsoft.NET.RuntimeIdentifierInference.targets(383,5): message NETSDK1057: You are using a preview version of .NET. See: https://aka.ms/dotnet-support-policy [D:\Documents\XRENGINE\XREngine.Gltf\XREngine.Gltf.csproj]
C:\Program Files\dotnet\sdk\10.0.300-preview.0.26177.108\Sdks\Microsoft.NET.Sdk\targets\Microsoft.NET.RuntimeIdentifierInference.targets(383,5): message NETSDK1057: You are using a preview version of .NET. See: https://aka.ms/dotnet-support-policy [D:\Documents\XRENGINE\XREngine.Runtime.AudioIntegration\XREngine.Runtime.AudioIntegration.csproj]
C:\Program Files\dotnet\sdk\10.0.300-preview.0.26177.108\Sdks\Microsoft.NET.Sdk\targets\Microsoft.NET.RuntimeIdentifierInference.targets(383,5): message NETSDK1057: You are using a preview version of .NET. See: https://aka.ms/dotnet-support-policy [D:\Documents\XRENGINE\XREngine.Fbx\XREngine.Fbx.csproj]
C:\Program Files\dotnet\sdk\10.0.300-preview.0.26177.108\Sdks\Microsoft.NET.Sdk\targets\Microsoft.NET.RuntimeIdentifierInference.targets(383,5): message NETSDK1057: You are using a preview version of .NET. See: https://aka.ms/dotnet-support-policy [D:\Documents\XRENGINE\XREngine.Runtime.Bootstrap\XREngine.Runtime.Bootstrap.csproj]
D:\Documents\XRENGINE\XREngine.Animation\XREngine.Animation.csproj : warning NU1902: Package 'Magick.NET-Q16-HDRI-AnyCPU' 14.11.1 has a known moderate severity vulnerability, https://github.com/advisories/GHSA-26qp-ffjh-2x4v
D:\Documents\XRENGINE\XREngine.Animation\XREngine.Animation.csproj : warning NU1902: Package 'Magick.NET-Q16-HDRI-AnyCPU' 14.11.1 has a known moderate severity vulnerability, https://github.com/advisories/GHSA-5592-p365-24xh
D:\Documents\XRENGINE\XREngine.Animation\XREngine.Animation.csproj : warning NU1902: Package 'Magick.NET-Q16-HDRI-AnyCPU' 14.11.1 has a known moderate severity vulnerability, https://github.com/advisories/GHSA-5xg3-585r-9jh5
D:\Documents\XRENGINE\XREngine.Animation\XREngine.Animation.csproj : warning NU1901: Package 'Magick.NET-Q16-HDRI-AnyCPU' 14.11.1 has a known low severity vulnerability, https://github.com/advisories/GHSA-8vfj-q2cp-5m5j
D:\Documents\XRENGINE\XREngine.Animation\XREngine.Animation.csproj : warning NU1902: Package 'Magick.NET-Q16-HDRI-AnyCPU' 14.11.1 has a known moderate severity vulnerability, https://github.com/advisories/GHSA-98cp-rj9f-6v5g
D:\Documents\XRENGINE\XREngine.Animation\XREngine.Animation.csproj : warning NU1902: Package 'Magick.NET-Q16-HDRI-AnyCPU' 14.11.1 has a known moderate severity vulnerability, https://github.com/advisories/GHSA-cr67-pvmx-2pp2
D:\Documents\XRENGINE\XREngine.Animation\XREngine.Animation.csproj : warning NU1902: Package 'Magick.NET-Q16-HDRI-AnyCPU' 14.11.1 has a known moderate severity vulnerability, https://github.com/advisories/GHSA-f4qm-vj5j-9xpw
D:\Documents\XRENGINE\XREngine.Animation\XREngine.Animation.csproj : warning NU1903: Package 'Magick.NET-Q16-HDRI-AnyCPU' 14.11.1 has a known high severity vulnerability, https://github.com/advisories/GHSA-fwvm-ggf6-2p4x
D:\Documents\XRENGINE\XREngine.Animation\XREngine.Animation.csproj : warning NU1902: Package 'Magick.NET-Q16-HDRI-AnyCPU' 14.11.1 has a known moderate severity vulnerability, https://github.com/advisories/GHSA-jvgr-9ph5-m8v4
D:\Documents\XRENGINE\XREngine.Animation\XREngine.Animation.csproj : warning NU1902: Package 'Magick.NET-Q16-HDRI-AnyCPU' 14.11.1 has a known moderate severity vulnerability, https://github.com/advisories/GHSA-pcvx-ph33-r5vv
D:\Documents\XRENGINE\XREngine.Animation\XREngine.Animation.csproj : warning NU1901: Package 'Magick.NET-Q16-HDRI-AnyCPU' 14.11.1 has a known low severity vulnerability, https://github.com/advisories/GHSA-pmpg-6pww-fg6q
D:\Documents\XRENGINE\XREngine.Animation\XREngine.Animation.csproj : warning NU1902: Package 'Magick.NET-Q16-HDRI-AnyCPU' 14.11.1 has a known moderate severity vulnerability, https://github.com/advisories/GHSA-pwg5-6jfc-crvh
D:\Documents\XRENGINE\XREngine.Animation\XREngine.Animation.csproj : warning NU1901: Package 'Magick.NET-Q16-HDRI-AnyCPU' 14.11.1 has a known low severity vulnerability, https://github.com/advisories/GHSA-q8h3-jv9v-57qx
D:\Documents\XRENGINE\XREngine.Animation\XREngine.Animation.csproj : warning NU1902: Package 'Magick.NET-Q16-HDRI-AnyCPU' 14.11.1 has a known moderate severity vulnerability, https://github.com/advisories/GHSA-r83h-crwp-3vm7
D:\Documents\XRENGINE\XREngine.Animation\XREngine.Animation.csproj : warning NU1902: Package 'Magick.NET-Q16-HDRI-AnyCPU' 14.11.1 has a known moderate severity vulnerability, https://github.com/advisories/GHSA-v67w-737x-v2c9
D:\Documents\XRENGINE\XREngine.Animation\XREngine.Animation.csproj : warning NU1901: Package 'Magick.NET-Q16-HDRI-AnyCPU' 14.11.1 has a known low severity vulnerability, https://github.com/advisories/GHSA-w54j-7wpm-crhj
D:\Documents\XRENGINE\XREngine.Animation\XREngine.Animation.csproj : warning NU1901: Package 'Magick.NET-Q16-HDRI-AnyCPU' 14.11.1 has a known low severity vulnerability, https://github.com/advisories/GHSA-x928-4434-crqj
D:\Documents\XRENGINE\XREngine.Animation\XREngine.Animation.csproj : warning NU1903: Package 'Magick.NET-Q16-HDRI-AnyCPU' 14.11.1 has a known high severity vulnerability, https://github.com/advisories/GHSA-x9h5-r9v2-vcww
D:\Documents\XRENGINE\XREngine.Data\XREngine.Data.csproj : warning NU1902: Package 'Magick.NET-Q16-HDRI-AnyCPU' 14.11.1 has a known moderate severity vulnerability, https://github.com/advisories/GHSA-26qp-ffjh-2x4v
D:\Documents\XRENGINE\XREngine.Data\XREngine.Data.csproj : warning NU1902: Package 'Magick.NET-Q16-HDRI-AnyCPU' 14.11.1 has a known moderate severity vulnerability, https://github.com/advisories/GHSA-5592-p365-24xh
D:\Documents\XRENGINE\XREngine.Data\XREngine.Data.csproj : warning NU1902: Package 'Magick.NET-Q16-HDRI-AnyCPU' 14.11.1 has a known moderate severity vulnerability, https://github.com/advisories/GHSA-5xg3-585r-9jh5
D:\Documents\XRENGINE\XREngine.Data\XREngine.Data.csproj : warning NU1901: Package 'Magick.NET-Q16-HDRI-AnyCPU' 14.11.1 has a known low severity vulnerability, https://github.com/advisories/GHSA-8vfj-q2cp-5m5j
D:\Documents\XRENGINE\XREngine.Data\XREngine.Data.csproj : warning NU1902: Package 'Magick.NET-Q16-HDRI-AnyCPU' 14.11.1 has a known moderate severity vulnerability, https://github.com/advisories/GHSA-98cp-rj9f-6v5g
D:\Documents\XRENGINE\XREngine.Data\XREngine.Data.csproj : warning NU1902: Package 'Magick.NET-Q16-HDRI-AnyCPU' 14.11.1 has a known moderate severity vulnerability, https://github.com/advisories/GHSA-cr67-pvmx-2pp2
D:\Documents\XRENGINE\XREngine.Data\XREngine.Data.csproj : warning NU1902: Package 'Magick.NET-Q16-HDRI-AnyCPU' 14.11.1 has a known moderate severity vulnerability, https://github.com/advisories/GHSA-f4qm-vj5j-9xpw
D:\Documents\XRENGINE\XREngine.Data\XREngine.Data.csproj : warning NU1903: Package 'Magick.NET-Q16-HDRI-AnyCPU' 14.11.1 has a known high severity vulnerability, https://github.com/advisories/GHSA-fwvm-ggf6-2p4x
D:\Documents\XRENGINE\XREngine.Data\XREngine.Data.csproj : warning NU1902: Package 'Magick.NET-Q16-HDRI-AnyCPU' 14.11.1 has a known moderate severity vulnerability, https://github.com/advisories/GHSA-jvgr-9ph5-m8v4
D:\Documents\XRENGINE\XREngine.Data\XREngine.Data.csproj : warning NU1902: Package 'Magick.NET-Q16-HDRI-AnyCPU' 14.11.1 has a known moderate severity vulnerability, https://github.com/advisories/GHSA-pcvx-ph33-r5vv
D:\Documents\XRENGINE\XREngine.Data\XREngine.Data.csproj : warning NU1901: Package 'Magick.NET-Q16-HDRI-AnyCPU' 14.11.1 has a known low severity vulnerability, https://github.com/advisories/GHSA-pmpg-6pww-fg6q
D:\Documents\XRENGINE\XREngine.Data\XREngine.Data.csproj : warning NU1902: Package 'Magick.NET-Q16-HDRI-AnyCPU' 14.11.1 has a known moderate severity vulnerability, https://github.com/advisories/GHSA-pwg5-6jfc-crvh
D:\Documents\XRENGINE\XREngine.Data\XREngine.Data.csproj : warning NU1901: Package 'Magick.NET-Q16-HDRI-AnyCPU' 14.11.1 has a known low severity vulnerability, https://github.com/advisories/GHSA-q8h3-jv9v-57qx
D:\Documents\XRENGINE\XREngine.Data\XREngine.Data.csproj : warning NU1902: Package 'Magick.NET-Q16-HDRI-AnyCPU' 14.11.1 has a known moderate severity vulnerability, https://github.com/advisories/GHSA-r83h-crwp-3vm7
D:\Documents\XRENGINE\XREngine.Data\XREngine.Data.csproj : warning NU1902: Package 'Magick.NET-Q16-HDRI-AnyCPU' 14.11.1 has a known moderate severity vulnerability, https://github.com/advisories/GHSA-v67w-737x-v2c9
D:\Documents\XRENGINE\XREngine.Data\XREngine.Data.csproj : warning NU1901: Package 'Magick.NET-Q16-HDRI-AnyCPU' 14.11.1 has a known low severity vulnerability, https://github.com/advisories/GHSA-w54j-7wpm-crhj
D:\Documents\XRENGINE\XREngine.Data\XREngine.Data.csproj : warning NU1901: Package 'Magick.NET-Q16-HDRI-AnyCPU' 14.11.1 has a known low severity vulnerability, https://github.com/advisories/GHSA-x928-4434-crqj
D:\Documents\XRENGINE\XREngine.Data\XREngine.Data.csproj : warning NU1903: Package 'Magick.NET-Q16-HDRI-AnyCPU' 14.11.1 has a known high severity vulnerability, https://github.com/advisories/GHSA-x9h5-r9v2-vcww
D:\Documents\XRENGINE\XREngine.Input\XREngine.Input.csproj : warning NU1902: Package 'Magick.NET-Q16-HDRI-AnyCPU' 14.11.1 has a known moderate severity vulnerability, https://github.com/advisories/GHSA-26qp-ffjh-2x4v
D:\Documents\XRENGINE\XREngine.Input\XREngine.Input.csproj : warning NU1902: Package 'Magick.NET-Q16-HDRI-AnyCPU' 14.11.1 has a known moderate severity vulnerability, https://github.com/advisories/GHSA-5592-p365-24xh
D:\Documents\XRENGINE\XREngine.Input\XREngine.Input.csproj : warning NU1902: Package 'Magick.NET-Q16-HDRI-AnyCPU' 14.11.1 has a known moderate severity vulnerability, https://github.com/advisories/GHSA-5xg3-585r-9jh5
D:\Documents\XRENGINE\XREngine.Input\XREngine.Input.csproj : warning NU1901: Package 'Magick.NET-Q16-HDRI-AnyCPU' 14.11.1 has a known low severity vulnerability, https://github.com/advisories/GHSA-8vfj-q2cp-5m5j
D:\Documents\XRENGINE\XREngine.Input\XREngine.Input.csproj : warning NU1902: Package 'Magick.NET-Q16-HDRI-AnyCPU' 14.11.1 has a known moderate severity vulnerability, https://github.com/advisories/GHSA-98cp-rj9f-6v5g
D:\Documents\XRENGINE\XREngine.Input\XREngine.Input.csproj : warning NU1902: Package 'Magick.NET-Q16-HDRI-AnyCPU' 14.11.1 has a known moderate severity vulnerability, https://github.com/advisories/GHSA-cr67-pvmx-2pp2
D:\Documents\XRENGINE\XREngine.Input\XREngine.Input.csproj : warning NU1902: Package 'Magick.NET-Q16-HDRI-AnyCPU' 14.11.1 has a known moderate severity vulnerability, https://github.com/advisories/GHSA-f4qm-vj5j-9xpw
D:\Documents\XRENGINE\XREngine.Input\XREngine.Input.csproj : warning NU1903: Package 'Magick.NET-Q16-HDRI-AnyCPU' 14.11.1 has a known high severity vulnerability, https://github.com/advisories/GHSA-fwvm-ggf6-2p4x
D:\Documents\XRENGINE\XREngine.Input\XREngine.Input.csproj : warning NU1902: Package 'Magick.NET-Q16-HDRI-AnyCPU' 14.11.1 has a known moderate severity vulnerability, https://github.com/advisories/GHSA-jvgr-9ph5-m8v4
D:\Documents\XRENGINE\XREngine.Input\XREngine.Input.csproj : warning NU1902: Package 'Magick.NET-Q16-HDRI-AnyCPU' 14.11.1 has a known moderate severity vulnerability, https://github.com/advisories/GHSA-pcvx-ph33-r5vv
D:\Documents\XRENGINE\XREngine.Input\XREngine.Input.csproj : warning NU1901: Package 'Magick.NET-Q16-HDRI-AnyCPU' 14.11.1 has a known low severity vulnerability, https://github.com/advisories/GHSA-pmpg-6pww-fg6q
D:\Documents\XRENGINE\XREngine.Input\XREngine.Input.csproj : warning NU1902: Package 'Magick.NET-Q16-HDRI-AnyCPU' 14.11.1 has a known moderate severity vulnerability, https://github.com/advisories/GHSA-pwg5-6jfc-crvh
D:\Documents\XRENGINE\XREngine.Input\XREngine.Input.csproj : warning NU1901: Package 'Magick.NET-Q16-HDRI-AnyCPU' 14.11.1 has a known low severity vulnerability, https://github.com/advisories/GHSA-q8h3-jv9v-57qx
D:\Documents\XRENGINE\XREngine.Input\XREngine.Input.csproj : warning NU1902: Package 'Magick.NET-Q16-HDRI-AnyCPU' 14.11.1 has a known moderate severity vulnerability, https://github.com/advisories/GHSA-r83h-crwp-3vm7
D:\Documents\XRENGINE\XREngine.Input\XREngine.Input.csproj : warning NU1902: Package 'Magick.NET-Q16-HDRI-AnyCPU' 14.11.1 has a known moderate severity vulnerability, https://github.com/advisories/GHSA-v67w-737x-v2c9
D:\Documents\XRENGINE\XREngine.Input\XREngine.Input.csproj : warning NU1901: Package 'Magick.NET-Q16-HDRI-AnyCPU' 14.11.1 has a known low severity vulnerability, https://github.com/advisories/GHSA-w54j-7wpm-crhj
D:\Documents\XRENGINE\XREngine.Input\XREngine.Input.csproj : warning NU1901: Package 'Magick.NET-Q16-HDRI-AnyCPU' 14.11.1 has a known low severity vulnerability, https://github.com/advisories/GHSA-x928-4434-crqj
D:\Documents\XRENGINE\XREngine.Input\XREngine.Input.csproj : warning NU1903: Package 'Magick.NET-Q16-HDRI-AnyCPU' 14.11.1 has a known high severity vulnerability, https://github.com/advisories/GHSA-x9h5-r9v2-vcww
D:\Documents\XRENGINE\XREngine.Editor\XREngine.Editor.csproj : warning NU1902: Package 'Magick.NET-Q16-HDRI-AnyCPU' 14.11.1 has a known moderate severity vulnerability, https://github.com/advisories/GHSA-26qp-ffjh-2x4v
D:\Documents\XRENGINE\XREngine.Editor\XREngine.Editor.csproj : warning NU1902: Package 'Magick.NET-Q16-HDRI-AnyCPU' 14.11.1 has a known moderate severity vulnerability, https://github.com/advisories/GHSA-5592-p365-24xh
D:\Documents\XRENGINE\XREngine.Editor\XREngine.Editor.csproj : warning NU1902: Package 'Magick.NET-Q16-HDRI-AnyCPU' 14.11.1 has a known moderate severity vulnerability, https://github.com/advisories/GHSA-5xg3-585r-9jh5
D:\Documents\XRENGINE\XREngine.Editor\XREngine.Editor.csproj : warning NU1901: Package 'Magick.NET-Q16-HDRI-AnyCPU' 14.11.1 has a known low severity vulnerability, https://github.com/advisories/GHSA-8vfj-q2cp-5m5j
D:\Documents\XRENGINE\XREngine.Editor\XREngine.Editor.csproj : warning NU1902: Package 'Magick.NET-Q16-HDRI-AnyCPU' 14.11.1 has a known moderate severity vulnerability, https://github.com/advisories/GHSA-98cp-rj9f-6v5g
D:\Documents\XRENGINE\XREngine.Editor\XREngine.Editor.csproj : warning NU1902: Package 'Magick.NET-Q16-HDRI-AnyCPU' 14.11.1 has a known moderate severity vulnerability, https://github.com/advisories/GHSA-cr67-pvmx-2pp2
D:\Documents\XRENGINE\XREngine.Editor\XREngine.Editor.csproj : warning NU1902: Package 'Magick.NET-Q16-HDRI-AnyCPU' 14.11.1 has a known moderate severity vulnerability, https://github.com/advisories/GHSA-f4qm-vj5j-9xpw
D:\Documents\XRENGINE\XREngine.Editor\XREngine.Editor.csproj : warning NU1903: Package 'Magick.NET-Q16-HDRI-AnyCPU' 14.11.1 has a known high severity vulnerability, https://github.com/advisories/GHSA-fwvm-ggf6-2p4x
D:\Documents\XRENGINE\XREngine.Editor\XREngine.Editor.csproj : warning NU1902: Package 'Magick.NET-Q16-HDRI-AnyCPU' 14.11.1 has a known moderate severity vulnerability, https://github.com/advisories/GHSA-jvgr-9ph5-m8v4
D:\Documents\XRENGINE\XREngine.Modeling\XREngine.Modeling.csproj : warning NU1902: Package 'Magick.NET-Q16-HDRI-AnyCPU' 14.11.1 has a known moderate severity vulnerability, https://github.com/advisories/GHSA-26qp-ffjh-2x4v
D:\Documents\XRENGINE\XREngine.Modeling\XREngine.Modeling.csproj : warning NU1902: Package 'Magick.NET-Q16-HDRI-AnyCPU' 14.11.1 has a known moderate severity vulnerability, https://github.com/advisories/GHSA-5592-p365-24xh
D:\Documents\XRENGINE\XREngine.Modeling\XREngine.Modeling.csproj : warning NU1902: Package 'Magick.NET-Q16-HDRI-AnyCPU' 14.11.1 has a known moderate severity vulnerability, https://github.com/advisories/GHSA-5xg3-585r-9jh5
D:\Documents\XRENGINE\XREngine.Modeling\XREngine.Modeling.csproj : warning NU1901: Package 'Magick.NET-Q16-HDRI-AnyCPU' 14.11.1 has a known low severity vulnerability, https://github.com/advisories/GHSA-8vfj-q2cp-5m5j
D:\Documents\XRENGINE\XREngine.Modeling\XREngine.Modeling.csproj : warning NU1902: Package 'Magick.NET-Q16-HDRI-AnyCPU' 14.11.1 has a known moderate severity vulnerability, https://github.com/advisories/GHSA-98cp-rj9f-6v5g
D:\Documents\XRENGINE\XREngine.Modeling\XREngine.Modeling.csproj : warning NU1902: Package 'Magick.NET-Q16-HDRI-AnyCPU' 14.11.1 has a known moderate severity vulnerability, https://github.com/advisories/GHSA-cr67-pvmx-2pp2
D:\Documents\XRENGINE\XREngine.Modeling\XREngine.Modeling.csproj : warning NU1902: Package 'Magick.NET-Q16-HDRI-AnyCPU' 14.11.1 has a known moderate severity vulnerability, https://github.com/advisories/GHSA-f4qm-vj5j-9xpw
D:\Documents\XRENGINE\XREngine.Modeling\XREngine.Modeling.csproj : warning NU1903: Package 'Magick.NET-Q16-HDRI-AnyCPU' 14.11.1 has a known high severity vulnerability, https://github.com/advisories/GHSA-fwvm-ggf6-2p4x
D:\Documents\XRENGINE\XREngine.Modeling\XREngine.Modeling.csproj : warning NU1902: Package 'Magick.NET-Q16-HDRI-AnyCPU' 14.11.1 has a known moderate severity vulnerability, https://github.com/advisories/GHSA-jvgr-9ph5-m8v4
D:\Documents\XRENGINE\XREngine.Modeling\XREngine.Modeling.csproj : warning NU1902: Package 'Magick.NET-Q16-HDRI-AnyCPU' 14.11.1 has a known moderate severity vulnerability, https://github.com/advisories/GHSA-pcvx-ph33-r5vv
D:\Documents\XRENGINE\XREngine.Modeling\XREngine.Modeling.csproj : warning NU1901: Package 'Magick.NET-Q16-HDRI-AnyCPU' 14.11.1 has a known low severity vulnerability, https://github.com/advisories/GHSA-pmpg-6pww-fg6q
D:\Documents\XRENGINE\XREngine.Modeling\XREngine.Modeling.csproj : warning NU1902: Package 'Magick.NET-Q16-HDRI-AnyCPU' 14.11.1 has a known moderate severity vulnerability, https://github.com/advisories/GHSA-pwg5-6jfc-crvh
D:\Documents\XRENGINE\XREngine.Modeling\XREngine.Modeling.csproj : warning NU1901: Package 'Magick.NET-Q16-HDRI-AnyCPU' 14.11.1 has a known low severity vulnerability, https://github.com/advisories/GHSA-q8h3-jv9v-57qx
D:\Documents\XRENGINE\XREngine.Modeling\XREngine.Modeling.csproj : warning NU1902: Package 'Magick.NET-Q16-HDRI-AnyCPU' 14.11.1 has a known moderate severity vulnerability, https://github.com/advisories/GHSA-r83h-crwp-3vm7
D:\Documents\XRENGINE\XREngine.Modeling\XREngine.Modeling.csproj : warning NU1902: Package 'Magick.NET-Q16-HDRI-AnyCPU' 14.11.1 has a known moderate severity vulnerability, https://github.com/advisories/GHSA-v67w-737x-v2c9
D:\Documents\XRENGINE\XREngine.Modeling\XREngine.Modeling.csproj : warning NU1901: Package 'Magick.NET-Q16-HDRI-AnyCPU' 14.11.1 has a known low severity vulnerability, https://github.com/advisories/GHSA-w54j-7wpm-crhj
D:\Documents\XRENGINE\XREngine.Modeling\XREngine.Modeling.csproj : warning NU1901: Package 'Magick.NET-Q16-HDRI-AnyCPU' 14.11.1 has a known low severity vulnerability, https://github.com/advisories/GHSA-x928-4434-crqj
D:\Documents\XRENGINE\XREngine.Modeling\XREngine.Modeling.csproj : warning NU1903: Package 'Magick.NET-Q16-HDRI-AnyCPU' 14.11.1 has a known high severity vulnerability, https://github.com/advisories/GHSA-x9h5-r9v2-vcww
D:\Documents\XRENGINE\XREngine.Editor\XREngine.Editor.csproj : warning NU1902: Package 'Magick.NET-Q16-HDRI-AnyCPU' 14.11.1 has a known moderate severity vulnerability, https://github.com/advisories/GHSA-pcvx-ph33-r5vv
D:\Documents\XRENGINE\XREngine.Editor\XREngine.Editor.csproj : warning NU1901: Package 'Magick.NET-Q16-HDRI-AnyCPU' 14.11.1 has a known low severity vulnerability, https://github.com/advisories/GHSA-pmpg-6pww-fg6q
D:\Documents\XRENGINE\XREngine.Editor\XREngine.Editor.csproj : warning NU1902: Package 'Magick.NET-Q16-HDRI-AnyCPU' 14.11.1 has a known moderate severity vulnerability, https://github.com/advisories/GHSA-pwg5-6jfc-crvh
D:\Documents\XRENGINE\XREngine.Editor\XREngine.Editor.csproj : warning NU1901: Package 'Magick.NET-Q16-HDRI-AnyCPU' 14.11.1 has a known low severity vulnerability, https://github.com/advisories/GHSA-q8h3-jv9v-57qx
D:\Documents\XRENGINE\XREngine.Editor\XREngine.Editor.csproj : warning NU1902: Package 'Magick.NET-Q16-HDRI-AnyCPU' 14.11.1 has a known moderate severity vulnerability, https://github.com/advisories/GHSA-r83h-crwp-3vm7
D:\Documents\XRENGINE\XREngine.Editor\XREngine.Editor.csproj : warning NU1902: Package 'Magick.NET-Q16-HDRI-AnyCPU' 14.11.1 has a known moderate severity vulnerability, https://github.com/advisories/GHSA-v67w-737x-v2c9
D:\Documents\XRENGINE\XREngine.Editor\XREngine.Editor.csproj : warning NU1901: Package 'Magick.NET-Q16-HDRI-AnyCPU' 14.11.1 has a known low severity vulnerability, https://github.com/advisories/GHSA-w54j-7wpm-crhj
D:\Documents\XRENGINE\XREngine.Editor\XREngine.Editor.csproj : warning NU1901: Package 'Magick.NET-Q16-HDRI-AnyCPU' 14.11.1 has a known low severity vulnerability, https://github.com/advisories/GHSA-x928-4434-crqj
D:\Documents\XRENGINE\XREngine.Editor\XREngine.Editor.csproj : warning NU1903: Package 'Magick.NET-Q16-HDRI-AnyCPU' 14.11.1 has a known high severity vulnerability, https://github.com/advisories/GHSA-x9h5-r9v2-vcww
D:\Documents\XRENGINE\XREngine.Audio\XREngine.Audio.csproj : warning NU1902: Package 'Magick.NET-Q16-HDRI-AnyCPU' 14.11.1 has a known moderate severity vulnerability, https://github.com/advisories/GHSA-26qp-ffjh-2x4v
D:\Documents\XRENGINE\XREngine.Audio\XREngine.Audio.csproj : warning NU1902: Package 'Magick.NET-Q16-HDRI-AnyCPU' 14.11.1 has a known moderate severity vulnerability, https://github.com/advisories/GHSA-5592-p365-24xh
D:\Documents\XRENGINE\XREngine.Extensions\XREngine.Extensions.csproj : warning NU1902: Package 'Magick.NET-Q16-HDRI-AnyCPU' 14.11.1 has a known moderate severity vulnerability, https://github.com/advisories/GHSA-26qp-ffjh-2x4v
D:\Documents\XRENGINE\XREngine.Audio\XREngine.Audio.csproj : warning NU1902: Package 'Magick.NET-Q16-HDRI-AnyCPU' 14.11.1 has a known moderate severity vulnerability, https://github.com/advisories/GHSA-5xg3-585r-9jh5
D:\Documents\XRENGINE\XREngine.Extensions\XREngine.Extensions.csproj : warning NU1902: Package 'Magick.NET-Q16-HDRI-AnyCPU' 14.11.1 has a known moderate severity vulnerability, https://github.com/advisories/GHSA-5592-p365-24xh
D:\Documents\XRENGINE\XREngine.Audio\XREngine.Audio.csproj : warning NU1901: Package 'Magick.NET-Q16-HDRI-AnyCPU' 14.11.1 has a known low severity vulnerability, https://github.com/advisories/GHSA-8vfj-q2cp-5m5j
D:\Documents\XRENGINE\XREngine.Extensions\XREngine.Extensions.csproj : warning NU1902: Package 'Magick.NET-Q16-HDRI-AnyCPU' 14.11.1 has a known moderate severity vulnerability, https://github.com/advisories/GHSA-5xg3-585r-9jh5
D:\Documents\XRENGINE\XREngine.Audio\XREngine.Audio.csproj : warning NU1902: Package 'Magick.NET-Q16-HDRI-AnyCPU' 14.11.1 has a known moderate severity vulnerability, https://github.com/advisories/GHSA-98cp-rj9f-6v5g
D:\Documents\XRENGINE\XREngine.Extensions\XREngine.Extensions.csproj : warning NU1901: Package 'Magick.NET-Q16-HDRI-AnyCPU' 14.11.1 has a known low severity vulnerability, https://github.com/advisories/GHSA-8vfj-q2cp-5m5j
D:\Documents\XRENGINE\XREngine.Audio\XREngine.Audio.csproj : warning NU1902: Package 'Magick.NET-Q16-HDRI-AnyCPU' 14.11.1 has a known moderate severity vulnerability, https://github.com/advisories/GHSA-cr67-pvmx-2pp2
D:\Documents\XRENGINE\XREngine.Extensions\XREngine.Extensions.csproj : warning NU1902: Package 'Magick.NET-Q16-HDRI-AnyCPU' 14.11.1 has a known moderate severity vulnerability, https://github.com/advisories/GHSA-98cp-rj9f-6v5g
D:\Documents\XRENGINE\XREngine.Audio\XREngine.Audio.csproj : warning NU1902: Package 'Magick.NET-Q16-HDRI-AnyCPU' 14.11.1 has a known moderate severity vulnerability, https://github.com/advisories/GHSA-f4qm-vj5j-9xpw
D:\Documents\XRENGINE\XREngine.Extensions\XREngine.Extensions.csproj : warning NU1902: Package 'Magick.NET-Q16-HDRI-AnyCPU' 14.11.1 has a known moderate severity vulnerability, https://github.com/advisories/GHSA-cr67-pvmx-2pp2
D:\Documents\XRENGINE\XREngine.Audio\XREngine.Audio.csproj : warning NU1903: Package 'Magick.NET-Q16-HDRI-AnyCPU' 14.11.1 has a known high severity vulnerability, https://github.com/advisories/GHSA-fwvm-ggf6-2p4x
D:\Documents\XRENGINE\XREngine.Runtime.Rendering\XREngine.Runtime.Rendering.csproj : warning NU1902: Package 'Magick.NET-Q16-HDRI-AnyCPU' 14.11.1 has a known moderate severity vulnerability, https://github.com/advisories/GHSA-26qp-ffjh-2x4v
D:\Documents\XRENGINE\XREngine.Audio\XREngine.Audio.csproj : warning NU1902: Package 'Magick.NET-Q16-HDRI-AnyCPU' 14.11.1 has a known moderate severity vulnerability, https://github.com/advisories/GHSA-jvgr-9ph5-m8v4
D:\Documents\XRENGINE\XREngine.Extensions\XREngine.Extensions.csproj : warning NU1902: Package 'Magick.NET-Q16-HDRI-AnyCPU' 14.11.1 has a known moderate severity vulnerability, https://github.com/advisories/GHSA-f4qm-vj5j-9xpw
D:\Documents\XRENGINE\XREngine.Audio\XREngine.Audio.csproj : warning NU1902: Package 'Magick.NET-Q16-HDRI-AnyCPU' 14.11.1 has a known moderate severity vulnerability, https://github.com/advisories/GHSA-pcvx-ph33-r5vv
D:\Documents\XRENGINE\XREngine.Runtime.Rendering\XREngine.Runtime.Rendering.csproj : warning NU1902: Package 'Magick.NET-Q16-HDRI-AnyCPU' 14.11.1 has a known moderate severity vulnerability, https://github.com/advisories/GHSA-5592-p365-24xh
D:\Documents\XRENGINE\XREngine.Extensions\XREngine.Extensions.csproj : warning NU1903: Package 'Magick.NET-Q16-HDRI-AnyCPU' 14.11.1 has a known high severity vulnerability, https://github.com/advisories/GHSA-fwvm-ggf6-2p4x
D:\Documents\XRENGINE\XREngine.Runtime.Rendering\XREngine.Runtime.Rendering.csproj : warning NU1902: Package 'Magick.NET-Q16-HDRI-AnyCPU' 14.11.1 has a known moderate severity vulnerability, https://github.com/advisories/GHSA-5xg3-585r-9jh5
D:\Documents\XRENGINE\XREngine.Audio\XREngine.Audio.csproj : warning NU1901: Package 'Magick.NET-Q16-HDRI-AnyCPU' 14.11.1 has a known low severity vulnerability, https://github.com/advisories/GHSA-pmpg-6pww-fg6q
D:\Documents\XRENGINE\XREngine.Extensions\XREngine.Extensions.csproj : warning NU1902: Package 'Magick.NET-Q16-HDRI-AnyCPU' 14.11.1 has a known moderate severity vulnerability, https://github.com/advisories/GHSA-jvgr-9ph5-m8v4
D:\Documents\XRENGINE\XREngine.Audio\XREngine.Audio.csproj : warning NU1902: Package 'Magick.NET-Q16-HDRI-AnyCPU' 14.11.1 has a known moderate severity vulnerability, https://github.com/advisories/GHSA-pwg5-6jfc-crvh
D:\Documents\XRENGINE\XREngine.Runtime.Rendering\XREngine.Runtime.Rendering.csproj : warning NU1901: Package 'Magick.NET-Q16-HDRI-AnyCPU' 14.11.1 has a known low severity vulnerability, https://github.com/advisories/GHSA-8vfj-q2cp-5m5j
D:\Documents\XRENGINE\XREngine.Extensions\XREngine.Extensions.csproj : warning NU1902: Package 'Magick.NET-Q16-HDRI-AnyCPU' 14.11.1 has a known moderate severity vulnerability, https://github.com/advisories/GHSA-pcvx-ph33-r5vv
D:\Documents\XRENGINE\XREngine.Audio\XREngine.Audio.csproj : warning NU1901: Package 'Magick.NET-Q16-HDRI-AnyCPU' 14.11.1 has a known low severity vulnerability, https://github.com/advisories/GHSA-q8h3-jv9v-57qx
D:\Documents\XRENGINE\XREngine.Runtime.Rendering\XREngine.Runtime.Rendering.csproj : warning NU1902: Package 'Magick.NET-Q16-HDRI-AnyCPU' 14.11.1 has a known moderate severity vulnerability, https://github.com/advisories/GHSA-98cp-rj9f-6v5g
D:\Documents\XRENGINE\XREngine.Extensions\XREngine.Extensions.csproj : warning NU1901: Package 'Magick.NET-Q16-HDRI-AnyCPU' 14.11.1 has a known low severity vulnerability, https://github.com/advisories/GHSA-pmpg-6pww-fg6q
D:\Documents\XRENGINE\XREngine.Audio\XREngine.Audio.csproj : warning NU1902: Package 'Magick.NET-Q16-HDRI-AnyCPU' 14.11.1 has a known moderate severity vulnerability, https://github.com/advisories/GHSA-r83h-crwp-3vm7
D:\Documents\XRENGINE\XREngine.Runtime.Rendering\XREngine.Runtime.Rendering.csproj : warning NU1902: Package 'Magick.NET-Q16-HDRI-AnyCPU' 14.11.1 has a known moderate severity vulnerability, https://github.com/advisories/GHSA-cr67-pvmx-2pp2
D:\Documents\XRENGINE\XREngine.Extensions\XREngine.Extensions.csproj : warning NU1902: Package 'Magick.NET-Q16-HDRI-AnyCPU' 14.11.1 has a known moderate severity vulnerability, https://github.com/advisories/GHSA-pwg5-6jfc-crvh
D:\Documents\XRENGINE\XREngine.Runtime.Rendering\XREngine.Runtime.Rendering.csproj : warning NU1902: Package 'Magick.NET-Q16-HDRI-AnyCPU' 14.11.1 has a known moderate severity vulnerability, https://github.com/advisories/GHSA-f4qm-vj5j-9xpw
D:\Documents\XRENGINE\XREngine.Audio\XREngine.Audio.csproj : warning NU1902: Package 'Magick.NET-Q16-HDRI-AnyCPU' 14.11.1 has a known moderate severity vulnerability, https://github.com/advisories/GHSA-v67w-737x-v2c9
D:\Documents\XRENGINE\XREngine.Audio\XREngine.Audio.csproj : warning NU1901: Package 'Magick.NET-Q16-HDRI-AnyCPU' 14.11.1 has a known low severity vulnerability, https://github.com/advisories/GHSA-w54j-7wpm-crhj
D:\Documents\XRENGINE\XREngine.Extensions\XREngine.Extensions.csproj : warning NU1901: Package 'Magick.NET-Q16-HDRI-AnyCPU' 14.11.1 has a known low severity vulnerability, https://github.com/advisories/GHSA-q8h3-jv9v-57qx
D:\Documents\XRENGINE\XREngine.Runtime.Rendering\XREngine.Runtime.Rendering.csproj : warning NU1903: Package 'Magick.NET-Q16-HDRI-AnyCPU' 14.11.1 has a known high severity vulnerability, https://github.com/advisories/GHSA-fwvm-ggf6-2p4x
D:\Documents\XRENGINE\XREngine.Runtime.Rendering\XREngine.Runtime.Rendering.csproj : warning NU1902: Package 'Magick.NET-Q16-HDRI-AnyCPU' 14.11.1 has a known moderate severity vulnerability, https://github.com/advisories/GHSA-jvgr-9ph5-m8v4
D:\Documents\XRENGINE\XREngine.Audio\XREngine.Audio.csproj : warning NU1901: Package 'Magick.NET-Q16-HDRI-AnyCPU' 14.11.1 has a known low severity vulnerability, https://github.com/advisories/GHSA-x928-4434-crqj
D:\Documents\XRENGINE\XREngine.Runtime.Rendering\XREngine.Runtime.Rendering.csproj : warning NU1902: Package 'Magick.NET-Q16-HDRI-AnyCPU' 14.11.1 has a known moderate severity vulnerability, https://github.com/advisories/GHSA-pcvx-ph33-r5vv
D:\Documents\XRENGINE\XREngine.Runtime.Rendering\XREngine.Runtime.Rendering.csproj : warning NU1901: Package 'Magick.NET-Q16-HDRI-AnyCPU' 14.11.1 has a known low severity vulnerability, https://github.com/advisories/GHSA-pmpg-6pww-fg6q
D:\Documents\XRENGINE\XREngine.Audio\XREngine.Audio.csproj : warning NU1903: Package 'Magick.NET-Q16-HDRI-AnyCPU' 14.11.1 has a known high severity vulnerability, https://github.com/advisories/GHSA-x9h5-r9v2-vcww
D:\Documents\XRENGINE\XREngine.Runtime.Rendering\XREngine.Runtime.Rendering.csproj : warning NU1902: Package 'Magick.NET-Q16-HDRI-AnyCPU' 14.11.1 has a known moderate severity vulnerability, https://github.com/advisories/GHSA-pwg5-6jfc-crvh
D:\Documents\XRENGINE\XREngine.Runtime.Rendering\XREngine.Runtime.Rendering.csproj : warning NU1901: Package 'Magick.NET-Q16-HDRI-AnyCPU' 14.11.1 has a known low severity vulnerability, https://github.com/advisories/GHSA-q8h3-jv9v-57qx
D:\Documents\XRENGINE\XREngine.Runtime.Rendering\XREngine.Runtime.Rendering.csproj : warning NU1902: Package 'Magick.NET-Q16-HDRI-AnyCPU' 14.11.1 has a known moderate severity vulnerability, https://github.com/advisories/GHSA-r83h-crwp-3vm7
D:\Documents\XRENGINE\XREngine.Runtime.Rendering\XREngine.Runtime.Rendering.csproj : warning NU1902: Package 'Magick.NET-Q16-HDRI-AnyCPU' 14.11.1 has a known moderate severity vulnerability, https://github.com/advisories/GHSA-v67w-737x-v2c9
D:\Documents\XRENGINE\XREngine.Runtime.InputIntegration\XREngine.Runtime.InputIntegration.csproj : warning NU1902: Package 'Magick.NET-Q16-HDRI-AnyCPU' 14.11.1 has a known moderate severity vulnerability, https://github.com/advisories/GHSA-26qp-ffjh-2x4v
D:\Documents\XRENGINE\XREngine.Runtime.InputIntegration\XREngine.Runtime.InputIntegration.csproj : warning NU1902: Package 'Magick.NET-Q16-HDRI-AnyCPU' 14.11.1 has a known moderate severity vulnerability, https://github.com/advisories/GHSA-5592-p365-24xh
D:\Documents\XRENGINE\XREngine.Runtime.Rendering\XREngine.Runtime.Rendering.csproj : warning NU1901: Package 'Magick.NET-Q16-HDRI-AnyCPU' 14.11.1 has a known low severity vulnerability, https://github.com/advisories/GHSA-w54j-7wpm-crhj
D:\Documents\XRENGINE\XREngine.Runtime.InputIntegration\XREngine.Runtime.InputIntegration.csproj : warning NU1902: Package 'Magick.NET-Q16-HDRI-AnyCPU' 14.11.1 has a known moderate severity vulnerability, https://github.com/advisories/GHSA-5xg3-585r-9jh5
D:\Documents\XRENGINE\XREngine.Runtime.Rendering\XREngine.Runtime.Rendering.csproj : warning NU1901: Package 'Magick.NET-Q16-HDRI-AnyCPU' 14.11.1 has a known low severity vulnerability, https://github.com/advisories/GHSA-x928-4434-crqj
D:\Documents\XRENGINE\XREngine.Runtime.InputIntegration\XREngine.Runtime.InputIntegration.csproj : warning NU1901: Package 'Magick.NET-Q16-HDRI-AnyCPU' 14.11.1 has a known low severity vulnerability, https://github.com/advisories/GHSA-8vfj-q2cp-5m5j
D:\Documents\XRENGINE\XREngine.Runtime.Rendering\XREngine.Runtime.Rendering.csproj : warning NU1903: Package 'Magick.NET-Q16-HDRI-AnyCPU' 14.11.1 has a known high severity vulnerability, https://github.com/advisories/GHSA-x9h5-r9v2-vcww
D:\Documents\XRENGINE\XREngine.Runtime.InputIntegration\XREngine.Runtime.InputIntegration.csproj : warning NU1902: Package 'Magick.NET-Q16-HDRI-AnyCPU' 14.11.1 has a known moderate severity vulnerability, https://github.com/advisories/GHSA-98cp-rj9f-6v5g
D:\Documents\XRENGINE\XREngine.Runtime.InputIntegration\XREngine.Runtime.InputIntegration.csproj : warning NU1902: Package 'Magick.NET-Q16-HDRI-AnyCPU' 14.11.1 has a known moderate severity vulnerability, https://github.com/advisories/GHSA-cr67-pvmx-2pp2
D:\Documents\XRENGINE\XREngine.Extensions\XREngine.Extensions.csproj : warning NU1902: Package 'Magick.NET-Q16-HDRI-AnyCPU' 14.11.1 has a known moderate severity vulnerability, https://github.com/advisories/GHSA-r83h-crwp-3vm7
D:\Documents\XRENGINE\XREngine.Runtime.InputIntegration\XREngine.Runtime.InputIntegration.csproj : warning NU1902: Package 'Magick.NET-Q16-HDRI-AnyCPU' 14.11.1 has a known moderate severity vulnerability, https://github.com/advisories/GHSA-f4qm-vj5j-9xpw
D:\Documents\XRENGINE\XREngine.Extensions\XREngine.Extensions.csproj : warning NU1902: Package 'Magick.NET-Q16-HDRI-AnyCPU' 14.11.1 has a known moderate severity vulnerability, https://github.com/advisories/GHSA-v67w-737x-v2c9
D:\Documents\XRENGINE\XREngine.Runtime.InputIntegration\XREngine.Runtime.InputIntegration.csproj : warning NU1903: Package 'Magick.NET-Q16-HDRI-AnyCPU' 14.11.1 has a known high severity vulnerability, https://github.com/advisories/GHSA-fwvm-ggf6-2p4x
D:\Documents\XRENGINE\XREngine.Extensions\XREngine.Extensions.csproj : warning NU1901: Package 'Magick.NET-Q16-HDRI-AnyCPU' 14.11.1 has a known low severity vulnerability, https://github.com/advisories/GHSA-w54j-7wpm-crhj
D:\Documents\XRENGINE\XREngine.Extensions\XREngine.Extensions.csproj : warning NU1901: Package 'Magick.NET-Q16-HDRI-AnyCPU' 14.11.1 has a known low severity vulnerability, https://github.com/advisories/GHSA-x928-4434-crqj
D:\Documents\XRENGINE\XREngine.Runtime.InputIntegration\XREngine.Runtime.InputIntegration.csproj : warning NU1902: Package 'Magick.NET-Q16-HDRI-AnyCPU' 14.11.1 has a known moderate severity vulnerability, https://github.com/advisories/GHSA-jvgr-9ph5-m8v4
D:\Documents\XRENGINE\XREngine.Extensions\XREngine.Extensions.csproj : warning NU1903: Package 'Magick.NET-Q16-HDRI-AnyCPU' 14.11.1 has a known high severity vulnerability, https://github.com/advisories/GHSA-x9h5-r9v2-vcww
D:\Documents\XRENGINE\XREngine.Runtime.InputIntegration\XREngine.Runtime.InputIntegration.csproj : warning NU1902: Package 'Magick.NET-Q16-HDRI-AnyCPU' 14.11.1 has a known moderate severity vulnerability, https://github.com/advisories/GHSA-pcvx-ph33-r5vv
D:\Documents\XRENGINE\XREngine.Runtime.InputIntegration\XREngine.Runtime.InputIntegration.csproj : warning NU1901: Package 'Magick.NET-Q16-HDRI-AnyCPU' 14.11.1 has a known low severity vulnerability, https://github.com/advisories/GHSA-pmpg-6pww-fg6q
D:\Documents\XRENGINE\XREngine.Runtime.InputIntegration\XREngine.Runtime.InputIntegration.csproj : warning NU1902: Package 'Magick.NET-Q16-HDRI-AnyCPU' 14.11.1 has a known moderate severity vulnerability, https://github.com/advisories/GHSA-pwg5-6jfc-crvh
D:\Documents\XRENGINE\XREngine.Runtime.InputIntegration\XREngine.Runtime.InputIntegration.csproj : warning NU1901: Package 'Magick.NET-Q16-HDRI-AnyCPU' 14.11.1 has a known low severity vulnerability, https://github.com/advisories/GHSA-q8h3-jv9v-57qx
D:\Documents\XRENGINE\XREngine.Runtime.InputIntegration\XREngine.Runtime.InputIntegration.csproj : warning NU1902: Package 'Magick.NET-Q16-HDRI-AnyCPU' 14.11.1 has a known moderate severity vulnerability, https://github.com/advisories/GHSA-r83h-crwp-3vm7
D:\Documents\XRENGINE\XREngine.Runtime.AudioIntegration\XREngine.Runtime.AudioIntegration.csproj : warning NU1902: Package 'Magick.NET-Q16-HDRI-AnyCPU' 14.11.1 has a known moderate severity vulnerability, https://github.com/advisories/GHSA-26qp-ffjh-2x4v
D:\Documents\XRENGINE\XREngine.Runtime.InputIntegration\XREngine.Runtime.InputIntegration.csproj : warning NU1902: Package 'Magick.NET-Q16-HDRI-AnyCPU' 14.11.1 has a known moderate severity vulnerability, https://github.com/advisories/GHSA-v67w-737x-v2c9
D:\Documents\XRENGINE\XREngine.Runtime.AudioIntegration\XREngine.Runtime.AudioIntegration.csproj : warning NU1902: Package 'Magick.NET-Q16-HDRI-AnyCPU' 14.11.1 has a known moderate severity vulnerability, https://github.com/advisories/GHSA-5592-p365-24xh
D:\Documents\XRENGINE\XREngine.Runtime.InputIntegration\XREngine.Runtime.InputIntegration.csproj : warning NU1901: Package 'Magick.NET-Q16-HDRI-AnyCPU' 14.11.1 has a known low severity vulnerability, https://github.com/advisories/GHSA-w54j-7wpm-crhj
D:\Documents\XRENGINE\XREngine.Runtime.AudioIntegration\XREngine.Runtime.AudioIntegration.csproj : warning NU1902: Package 'Magick.NET-Q16-HDRI-AnyCPU' 14.11.1 has a known moderate severity vulnerability, https://github.com/advisories/GHSA-5xg3-585r-9jh5
D:\Documents\XRENGINE\XREngine.Runtime.InputIntegration\XREngine.Runtime.InputIntegration.csproj : warning NU1901: Package 'Magick.NET-Q16-HDRI-AnyCPU' 14.11.1 has a known low severity vulnerability, https://github.com/advisories/GHSA-x928-4434-crqj
D:\Documents\XRENGINE\XREngine.Runtime.AudioIntegration\XREngine.Runtime.AudioIntegration.csproj : warning NU1901: Package 'Magick.NET-Q16-HDRI-AnyCPU' 14.11.1 has a known low severity vulnerability, https://github.com/advisories/GHSA-8vfj-q2cp-5m5j
D:\Documents\XRENGINE\XREngine.Runtime.InputIntegration\XREngine.Runtime.InputIntegration.csproj : warning NU1903: Package 'Magick.NET-Q16-HDRI-AnyCPU' 14.11.1 has a known high severity vulnerability, https://github.com/advisories/GHSA-x9h5-r9v2-vcww
D:\Documents\XRENGINE\XREngine.Runtime.AudioIntegration\XREngine.Runtime.AudioIntegration.csproj : warning NU1902: Package 'Magick.NET-Q16-HDRI-AnyCPU' 14.11.1 has a known moderate severity vulnerability, https://github.com/advisories/GHSA-98cp-rj9f-6v5g
D:\Documents\XRENGINE\XREngine.Runtime.AudioIntegration\XREngine.Runtime.AudioIntegration.csproj : warning NU1902: Package 'Magick.NET-Q16-HDRI-AnyCPU' 14.11.1 has a known moderate severity vulnerability, https://github.com/advisories/GHSA-cr67-pvmx-2pp2
D:\Documents\XRENGINE\XREngine.Runtime.AudioIntegration\XREngine.Runtime.AudioIntegration.csproj : warning NU1902: Package 'Magick.NET-Q16-HDRI-AnyCPU' 14.11.1 has a known moderate severity vulnerability, https://github.com/advisories/GHSA-f4qm-vj5j-9xpw
D:\Documents\XRENGINE\XREngine.Runtime.AudioIntegration\XREngine.Runtime.AudioIntegration.csproj : warning NU1903: Package 'Magick.NET-Q16-HDRI-AnyCPU' 14.11.1 has a known high severity vulnerability, https://github.com/advisories/GHSA-fwvm-ggf6-2p4x
D:\Documents\XRENGINE\XREngine.Runtime.AudioIntegration\XREngine.Runtime.AudioIntegration.csproj : warning NU1902: Package 'Magick.NET-Q16-HDRI-AnyCPU' 14.11.1 has a known moderate severity vulnerability, https://github.com/advisories/GHSA-jvgr-9ph5-m8v4
D:\Documents\XRENGINE\XREngine.Runtime.AudioIntegration\XREngine.Runtime.AudioIntegration.csproj : warning NU1902: Package 'Magick.NET-Q16-HDRI-AnyCPU' 14.11.1 has a known moderate severity vulnerability, https://github.com/advisories/GHSA-pcvx-ph33-r5vv
D:\Documents\XRENGINE\XREngine.Runtime.AudioIntegration\XREngine.Runtime.AudioIntegration.csproj : warning NU1901: Package 'Magick.NET-Q16-HDRI-AnyCPU' 14.11.1 has a known low severity vulnerability, https://github.com/advisories/GHSA-pmpg-6pww-fg6q
D:\Documents\XRENGINE\XREngine.Runtime.AudioIntegration\XREngine.Runtime.AudioIntegration.csproj : warning NU1902: Package 'Magick.NET-Q16-HDRI-AnyCPU' 14.11.1 has a known moderate severity vulnerability, https://github.com/advisories/GHSA-pwg5-6jfc-crvh
D:\Documents\XRENGINE\XREngine.Runtime.AudioIntegration\XREngine.Runtime.AudioIntegration.csproj : warning NU1901: Package 'Magick.NET-Q16-HDRI-AnyCPU' 14.11.1 has a known low severity vulnerability, https://github.com/advisories/GHSA-q8h3-jv9v-57qx
D:\Documents\XRENGINE\XREngine.Runtime.AudioIntegration\XREngine.Runtime.AudioIntegration.csproj : warning NU1902: Package 'Magick.NET-Q16-HDRI-AnyCPU' 14.11.1 has a known moderate severity vulnerability, https://github.com/advisories/GHSA-r83h-crwp-3vm7
D:\Documents\XRENGINE\XREngine.Runtime.AudioIntegration\XREngine.Runtime.AudioIntegration.csproj : warning NU1902: Package 'Magick.NET-Q16-HDRI-AnyCPU' 14.11.1 has a known moderate severity vulnerability, https://github.com/advisories/GHSA-v67w-737x-v2c9
D:\Documents\XRENGINE\XREngine.Runtime.AudioIntegration\XREngine.Runtime.AudioIntegration.csproj : warning NU1901: Package 'Magick.NET-Q16-HDRI-AnyCPU' 14.11.1 has a known low severity vulnerability, https://github.com/advisories/GHSA-w54j-7wpm-crhj
D:\Documents\XRENGINE\XREngine.Runtime.AudioIntegration\XREngine.Runtime.AudioIntegration.csproj : warning NU1901: Package 'Magick.NET-Q16-HDRI-AnyCPU' 14.11.1 has a known low severity vulnerability, https://github.com/advisories/GHSA-x928-4434-crqj
D:\Documents\XRENGINE\XREngine.Runtime.AudioIntegration\XREngine.Runtime.AudioIntegration.csproj : warning NU1903: Package 'Magick.NET-Q16-HDRI-AnyCPU' 14.11.1 has a known high severity vulnerability, https://github.com/advisories/GHSA-x9h5-r9v2-vcww
D:\Documents\XRENGINE\XREngine.Runtime.Bootstrap\XREngine.Runtime.Bootstrap.csproj : warning NU1902: Package 'Magick.NET-Q16-HDRI-AnyCPU' 14.11.1 has a known moderate severity vulnerability, https://github.com/advisories/GHSA-26qp-ffjh-2x4v
D:\Documents\XRENGINE\XREngine.Runtime.Bootstrap\XREngine.Runtime.Bootstrap.csproj : warning NU1902: Package 'Magick.NET-Q16-HDRI-AnyCPU' 14.11.1 has a known moderate severity vulnerability, https://github.com/advisories/GHSA-5592-p365-24xh
D:\Documents\XRENGINE\XREngine.Runtime.Bootstrap\XREngine.Runtime.Bootstrap.csproj : warning NU1902: Package 'Magick.NET-Q16-HDRI-AnyCPU' 14.11.1 has a known moderate severity vulnerability, https://github.com/advisories/GHSA-5xg3-585r-9jh5
D:\Documents\XRENGINE\XREngine.Runtime.Bootstrap\XREngine.Runtime.Bootstrap.csproj : warning NU1901: Package 'Magick.NET-Q16-HDRI-AnyCPU' 14.11.1 has a known low severity vulnerability, https://github.com/advisories/GHSA-8vfj-q2cp-5m5j
D:\Documents\XRENGINE\XREngine.Runtime.Bootstrap\XREngine.Runtime.Bootstrap.csproj : warning NU1902: Package 'Magick.NET-Q16-HDRI-AnyCPU' 14.11.1 has a known moderate severity vulnerability, https://github.com/advisories/GHSA-98cp-rj9f-6v5g
D:\Documents\XRENGINE\XREngine.Runtime.Bootstrap\XREngine.Runtime.Bootstrap.csproj : warning NU1902: Package 'Magick.NET-Q16-HDRI-AnyCPU' 14.11.1 has a known moderate severity vulnerability, https://github.com/advisories/GHSA-cr67-pvmx-2pp2
D:\Documents\XRENGINE\XREngine.Runtime.Bootstrap\XREngine.Runtime.Bootstrap.csproj : warning NU1902: Package 'Magick.NET-Q16-HDRI-AnyCPU' 14.11.1 has a known moderate severity vulnerability, https://github.com/advisories/GHSA-f4qm-vj5j-9xpw
D:\Documents\XRENGINE\XREngine.Runtime.Bootstrap\XREngine.Runtime.Bootstrap.csproj : warning NU1903: Package 'Magick.NET-Q16-HDRI-AnyCPU' 14.11.1 has a known high severity vulnerability, https://github.com/advisories/GHSA-fwvm-ggf6-2p4x
D:\Documents\XRENGINE\XREngine.Runtime.Bootstrap\XREngine.Runtime.Bootstrap.csproj : warning NU1902: Package 'Magick.NET-Q16-HDRI-AnyCPU' 14.11.1 has a known moderate severity vulnerability, https://github.com/advisories/GHSA-jvgr-9ph5-m8v4
D:\Documents\XRENGINE\XREngine.Runtime.Bootstrap\XREngine.Runtime.Bootstrap.csproj : warning NU1902: Package 'Magick.NET-Q16-HDRI-AnyCPU' 14.11.1 has a known moderate severity vulnerability, https://github.com/advisories/GHSA-pcvx-ph33-r5vv
D:\Documents\XRENGINE\XREngine.Runtime.Bootstrap\XREngine.Runtime.Bootstrap.csproj : warning NU1901: Package 'Magick.NET-Q16-HDRI-AnyCPU' 14.11.1 has a known low severity vulnerability, https://github.com/advisories/GHSA-pmpg-6pww-fg6q
D:\Documents\XRENGINE\XREngine.Runtime.Bootstrap\XREngine.Runtime.Bootstrap.csproj : warning NU1902: Package 'Magick.NET-Q16-HDRI-AnyCPU' 14.11.1 has a known moderate severity vulnerability, https://github.com/advisories/GHSA-pwg5-6jfc-crvh
D:\Documents\XRENGINE\XREngine.Runtime.Bootstrap\XREngine.Runtime.Bootstrap.csproj : warning NU1901: Package 'Magick.NET-Q16-HDRI-AnyCPU' 14.11.1 has a known low severity vulnerability, https://github.com/advisories/GHSA-q8h3-jv9v-57qx
D:\Documents\XRENGINE\XREngine.Runtime.Bootstrap\XREngine.Runtime.Bootstrap.csproj : warning NU1902: Package 'Magick.NET-Q16-HDRI-AnyCPU' 14.11.1 has a known moderate severity vulnerability, https://github.com/advisories/GHSA-r83h-crwp-3vm7
D:\Documents\XRENGINE\XREngine.Runtime.Bootstrap\XREngine.Runtime.Bootstrap.csproj : warning NU1902: Package 'Magick.NET-Q16-HDRI-AnyCPU' 14.11.1 has a known moderate severity vulnerability, https://github.com/advisories/GHSA-v67w-737x-v2c9
D:\Documents\XRENGINE\XREngine.Runtime.Bootstrap\XREngine.Runtime.Bootstrap.csproj : warning NU1901: Package 'Magick.NET-Q16-HDRI-AnyCPU' 14.11.1 has a known low severity vulnerability, https://github.com/advisories/GHSA-w54j-7wpm-crhj
D:\Documents\XRENGINE\XREngine.Runtime.Bootstrap\XREngine.Runtime.Bootstrap.csproj : warning NU1901: Package 'Magick.NET-Q16-HDRI-AnyCPU' 14.11.1 has a known low severity vulnerability, https://github.com/advisories/GHSA-x928-4434-crqj
D:\Documents\XRENGINE\XREngine.Runtime.Bootstrap\XREngine.Runtime.Bootstrap.csproj : warning NU1903: Package 'Magick.NET-Q16-HDRI-AnyCPU' 14.11.1 has a known high severity vulnerability, https://github.com/advisories/GHSA-x9h5-r9v2-vcww
D:\Documents\XRENGINE\XREngine.Runtime.AnimationIntegration\XREngine.Runtime.AnimationIntegration.csproj : warning NU1902: Package 'Magick.NET-Q16-HDRI-AnyCPU' 14.11.1 has a known moderate severity vulnerability, https://github.com/advisories/GHSA-26qp-ffjh-2x4v
D:\Documents\XRENGINE\XREngine.Runtime.AnimationIntegration\XREngine.Runtime.AnimationIntegration.csproj : warning NU1902: Package 'Magick.NET-Q16-HDRI-AnyCPU' 14.11.1 has a known moderate severity vulnerability, https://github.com/advisories/GHSA-5592-p365-24xh
D:\Documents\XRENGINE\XREngine.Runtime.AnimationIntegration\XREngine.Runtime.AnimationIntegration.csproj : warning NU1902: Package 'Magick.NET-Q16-HDRI-AnyCPU' 14.11.1 has a known moderate severity vulnerability, https://github.com/advisories/GHSA-5xg3-585r-9jh5
D:\Documents\XRENGINE\XREngine.Runtime.AnimationIntegration\XREngine.Runtime.AnimationIntegration.csproj : warning NU1901: Package 'Magick.NET-Q16-HDRI-AnyCPU' 14.11.1 has a known low severity vulnerability, https://github.com/advisories/GHSA-8vfj-q2cp-5m5j
D:\Documents\XRENGINE\XREngine.Runtime.AnimationIntegration\XREngine.Runtime.AnimationIntegration.csproj : warning NU1902: Package 'Magick.NET-Q16-HDRI-AnyCPU' 14.11.1 has a known moderate severity vulnerability, https://github.com/advisories/GHSA-98cp-rj9f-6v5g
D:\Documents\XRENGINE\XREngine.Runtime.AnimationIntegration\XREngine.Runtime.AnimationIntegration.csproj : warning NU1902: Package 'Magick.NET-Q16-HDRI-AnyCPU' 14.11.1 has a known moderate severity vulnerability, https://github.com/advisories/GHSA-cr67-pvmx-2pp2
D:\Documents\XRENGINE\XREngine.Runtime.AnimationIntegration\XREngine.Runtime.AnimationIntegration.csproj : warning NU1902: Package 'Magick.NET-Q16-HDRI-AnyCPU' 14.11.1 has a known moderate severity vulnerability, https://github.com/advisories/GHSA-f4qm-vj5j-9xpw
D:\Documents\XRENGINE\XREngine.Runtime.AnimationIntegration\XREngine.Runtime.AnimationIntegration.csproj : warning NU1903: Package 'Magick.NET-Q16-HDRI-AnyCPU' 14.11.1 has a known high severity vulnerability, https://github.com/advisories/GHSA-fwvm-ggf6-2p4x
D:\Documents\XRENGINE\XREngine.Runtime.AnimationIntegration\XREngine.Runtime.AnimationIntegration.csproj : warning NU1902: Package 'Magick.NET-Q16-HDRI-AnyCPU' 14.11.1 has a known moderate severity vulnerability, https://github.com/advisories/GHSA-jvgr-9ph5-m8v4
D:\Documents\XRENGINE\XREngine.Runtime.AnimationIntegration\XREngine.Runtime.AnimationIntegration.csproj : warning NU1902: Package 'Magick.NET-Q16-HDRI-AnyCPU' 14.11.1 has a known moderate severity vulnerability, https://github.com/advisories/GHSA-pcvx-ph33-r5vv
D:\Documents\XRENGINE\XREngine.Runtime.AnimationIntegration\XREngine.Runtime.AnimationIntegration.csproj : warning NU1901: Package 'Magick.NET-Q16-HDRI-AnyCPU' 14.11.1 has a known low severity vulnerability, https://github.com/advisories/GHSA-pmpg-6pww-fg6q
D:\Documents\XRENGINE\XREngine.Runtime.AnimationIntegration\XREngine.Runtime.AnimationIntegration.csproj : warning NU1902: Package 'Magick.NET-Q16-HDRI-AnyCPU' 14.11.1 has a known moderate severity vulnerability, https://github.com/advisories/GHSA-pwg5-6jfc-crvh
D:\Documents\XRENGINE\XREngine.Profiler.UI\XREngine.Profiler.UI.csproj : warning NU1902: Package 'Magick.NET-Q16-HDRI-AnyCPU' 14.11.1 has a known moderate severity vulnerability, https://github.com/advisories/GHSA-26qp-ffjh-2x4v
D:\Documents\XRENGINE\XREngine.Profiler.UI\XREngine.Profiler.UI.csproj : warning NU1902: Package 'Magick.NET-Q16-HDRI-AnyCPU' 14.11.1 has a known moderate severity vulnerability, https://github.com/advisories/GHSA-5592-p365-24xh
D:\Documents\XRENGINE\XREngine.Runtime.ModelingBridge\XREngine.Runtime.ModelingBridge.csproj : warning NU1902: Package 'Magick.NET-Q16-HDRI-AnyCPU' 14.11.1 has a known moderate severity vulnerability, https://github.com/advisories/GHSA-26qp-ffjh-2x4v
D:\Documents\XRENGINE\XREngine.Profiler.UI\XREngine.Profiler.UI.csproj : warning NU1902: Package 'Magick.NET-Q16-HDRI-AnyCPU' 14.11.1 has a known moderate severity vulnerability, https://github.com/advisories/GHSA-5xg3-585r-9jh5
D:\Documents\XRENGINE\XREngine.Runtime.ModelingBridge\XREngine.Runtime.ModelingBridge.csproj : warning NU1902: Package 'Magick.NET-Q16-HDRI-AnyCPU' 14.11.1 has a known moderate severity vulnerability, https://github.com/advisories/GHSA-5592-p365-24xh
D:\Documents\XRENGINE\XREngine.Profiler.UI\XREngine.Profiler.UI.csproj : warning NU1901: Package 'Magick.NET-Q16-HDRI-AnyCPU' 14.11.1 has a known low severity vulnerability, https://github.com/advisories/GHSA-8vfj-q2cp-5m5j
D:\Documents\XRENGINE\XREngine.Runtime.ModelingBridge\XREngine.Runtime.ModelingBridge.csproj : warning NU1902: Package 'Magick.NET-Q16-HDRI-AnyCPU' 14.11.1 has a known moderate severity vulnerability, https://github.com/advisories/GHSA-5xg3-585r-9jh5
D:\Documents\XRENGINE\XREngine.Profiler.UI\XREngine.Profiler.UI.csproj : warning NU1902: Package 'Magick.NET-Q16-HDRI-AnyCPU' 14.11.1 has a known moderate severity vulnerability, https://github.com/advisories/GHSA-98cp-rj9f-6v5g
D:\Documents\XRENGINE\XREngine.Runtime.ModelingBridge\XREngine.Runtime.ModelingBridge.csproj : warning NU1901: Package 'Magick.NET-Q16-HDRI-AnyCPU' 14.11.1 has a known low severity vulnerability, https://github.com/advisories/GHSA-8vfj-q2cp-5m5j
D:\Documents\XRENGINE\XREngine.Profiler.UI\XREngine.Profiler.UI.csproj : warning NU1902: Package 'Magick.NET-Q16-HDRI-AnyCPU' 14.11.1 has a known moderate severity vulnerability, https://github.com/advisories/GHSA-cr67-pvmx-2pp2
D:\Documents\XRENGINE\XREngine.Runtime.ModelingBridge\XREngine.Runtime.ModelingBridge.csproj : warning NU1902: Package 'Magick.NET-Q16-HDRI-AnyCPU' 14.11.1 has a known moderate severity vulnerability, https://github.com/advisories/GHSA-98cp-rj9f-6v5g
D:\Documents\XRENGINE\XREngine.Profiler.UI\XREngine.Profiler.UI.csproj : warning NU1902: Package 'Magick.NET-Q16-HDRI-AnyCPU' 14.11.1 has a known moderate severity vulnerability, https://github.com/advisories/GHSA-f4qm-vj5j-9xpw
D:\Documents\XRENGINE\XREngine.Runtime.ModelingBridge\XREngine.Runtime.ModelingBridge.csproj : warning NU1902: Package 'Magick.NET-Q16-HDRI-AnyCPU' 14.11.1 has a known moderate severity vulnerability, https://github.com/advisories/GHSA-cr67-pvmx-2pp2
D:\Documents\XRENGINE\XREngine.Profiler.UI\XREngine.Profiler.UI.csproj : warning NU1903: Package 'Magick.NET-Q16-HDRI-AnyCPU' 14.11.1 has a known high severity vulnerability, https://github.com/advisories/GHSA-fwvm-ggf6-2p4x
D:\Documents\XRENGINE\XREngine.Runtime.ModelingBridge\XREngine.Runtime.ModelingBridge.csproj : warning NU1902: Package 'Magick.NET-Q16-HDRI-AnyCPU' 14.11.1 has a known moderate severity vulnerability, https://github.com/advisories/GHSA-f4qm-vj5j-9xpw
D:\Documents\XRENGINE\XREngine.Profiler.UI\XREngine.Profiler.UI.csproj : warning NU1902: Package 'Magick.NET-Q16-HDRI-AnyCPU' 14.11.1 has a known moderate severity vulnerability, https://github.com/advisories/GHSA-jvgr-9ph5-m8v4
D:\Documents\XRENGINE\XREngine.Runtime.ModelingBridge\XREngine.Runtime.ModelingBridge.csproj : warning NU1903: Package 'Magick.NET-Q16-HDRI-AnyCPU' 14.11.1 has a known high severity vulnerability, https://github.com/advisories/GHSA-fwvm-ggf6-2p4x
D:\Documents\XRENGINE\XREngine.Runtime.ModelingBridge\XREngine.Runtime.ModelingBridge.csproj : warning NU1902: Package 'Magick.NET-Q16-HDRI-AnyCPU' 14.11.1 has a known moderate severity vulnerability, https://github.com/advisories/GHSA-jvgr-9ph5-m8v4
D:\Documents\XRENGINE\XREngine.Profiler.UI\XREngine.Profiler.UI.csproj : warning NU1902: Package 'Magick.NET-Q16-HDRI-AnyCPU' 14.11.1 has a known moderate severity vulnerability, https://github.com/advisories/GHSA-pcvx-ph33-r5vv
D:\Documents\XRENGINE\XREngine.Profiler.UI\XREngine.Profiler.UI.csproj : warning NU1901: Package 'Magick.NET-Q16-HDRI-AnyCPU' 14.11.1 has a known low severity vulnerability, https://github.com/advisories/GHSA-pmpg-6pww-fg6q
D:\Documents\XRENGINE\XREngine.Runtime.ModelingBridge\XREngine.Runtime.ModelingBridge.csproj : warning NU1902: Package 'Magick.NET-Q16-HDRI-AnyCPU' 14.11.1 has a known moderate severity vulnerability, https://github.com/advisories/GHSA-pcvx-ph33-r5vv
D:\Documents\XRENGINE\XREngine.Profiler.UI\XREngine.Profiler.UI.csproj : warning NU1902: Package 'Magick.NET-Q16-HDRI-AnyCPU' 14.11.1 has a known moderate severity vulnerability, https://github.com/advisories/GHSA-pwg5-6jfc-crvh
D:\Documents\XRENGINE\XREngine.Runtime.ModelingBridge\XREngine.Runtime.ModelingBridge.csproj : warning NU1901: Package 'Magick.NET-Q16-HDRI-AnyCPU' 14.11.1 has a known low severity vulnerability, https://github.com/advisories/GHSA-pmpg-6pww-fg6q
D:\Documents\XRENGINE\XREngine.Profiler.UI\XREngine.Profiler.UI.csproj : warning NU1901: Package 'Magick.NET-Q16-HDRI-AnyCPU' 14.11.1 has a known low severity vulnerability, https://github.com/advisories/GHSA-q8h3-jv9v-57qx
D:\Documents\XRENGINE\XREngine.Profiler.UI\XREngine.Profiler.UI.csproj : warning NU1902: Package 'Magick.NET-Q16-HDRI-AnyCPU' 14.11.1 has a known moderate severity vulnerability, https://github.com/advisories/GHSA-r83h-crwp-3vm7
D:\Documents\XRENGINE\XREngine.Runtime.ModelingBridge\XREngine.Runtime.ModelingBridge.csproj : warning NU1902: Package 'Magick.NET-Q16-HDRI-AnyCPU' 14.11.1 has a known moderate severity vulnerability, https://github.com/advisories/GHSA-pwg5-6jfc-crvh
D:\Documents\XRENGINE\XREngine.Profiler.UI\XREngine.Profiler.UI.csproj : warning NU1902: Package 'Magick.NET-Q16-HDRI-AnyCPU' 14.11.1 has a known moderate severity vulnerability, https://github.com/advisories/GHSA-v67w-737x-v2c9
D:\Documents\XRENGINE\XREngine.Profiler.UI\XREngine.Profiler.UI.csproj : warning NU1901: Package 'Magick.NET-Q16-HDRI-AnyCPU' 14.11.1 has a known low severity vulnerability, https://github.com/advisories/GHSA-w54j-7wpm-crhj
D:\Documents\XRENGINE\XREngine.Runtime.ModelingBridge\XREngine.Runtime.ModelingBridge.csproj : warning NU1901: Package 'Magick.NET-Q16-HDRI-AnyCPU' 14.11.1 has a known low severity vulnerability, https://github.com/advisories/GHSA-q8h3-jv9v-57qx
D:\Documents\XRENGINE\XREngine.Profiler.UI\XREngine.Profiler.UI.csproj : warning NU1901: Package 'Magick.NET-Q16-HDRI-AnyCPU' 14.11.1 has a known low severity vulnerability, https://github.com/advisories/GHSA-x928-4434-crqj
D:\Documents\XRENGINE\XREngine.Runtime.AnimationIntegration\XREngine.Runtime.AnimationIntegration.csproj : warning NU1901: Package 'Magick.NET-Q16-HDRI-AnyCPU' 14.11.1 has a known low severity vulnerability, https://github.com/advisories/GHSA-q8h3-jv9v-57qx
D:\Documents\XRENGINE\XREngine.Profiler.UI\XREngine.Profiler.UI.csproj : warning NU1903: Package 'Magick.NET-Q16-HDRI-AnyCPU' 14.11.1 has a known high severity vulnerability, https://github.com/advisories/GHSA-x9h5-r9v2-vcww
D:\Documents\XRENGINE\XREngine.Runtime.AnimationIntegration\XREngine.Runtime.AnimationIntegration.csproj : warning NU1902: Package 'Magick.NET-Q16-HDRI-AnyCPU' 14.11.1 has a known moderate severity vulnerability, https://github.com/advisories/GHSA-r83h-crwp-3vm7
D:\Documents\XRENGINE\XREngine.Runtime.ModelingBridge\XREngine.Runtime.ModelingBridge.csproj : warning NU1902: Package 'Magick.NET-Q16-HDRI-AnyCPU' 14.11.1 has a known moderate severity vulnerability, https://github.com/advisories/GHSA-r83h-crwp-3vm7
D:\Documents\XRENGINE\XREngine.Runtime.AnimationIntegration\XREngine.Runtime.AnimationIntegration.csproj : warning NU1902: Package 'Magick.NET-Q16-HDRI-AnyCPU' 14.11.1 has a known moderate severity vulnerability, https://github.com/advisories/GHSA-v67w-737x-v2c9
D:\Documents\XRENGINE\XREngine.Runtime.ModelingBridge\XREngine.Runtime.ModelingBridge.csproj : warning NU1902: Package 'Magick.NET-Q16-HDRI-AnyCPU' 14.11.1 has a known moderate severity vulnerability, https://github.com/advisories/GHSA-v67w-737x-v2c9
D:\Documents\XRENGINE\XREngine.Runtime.AnimationIntegration\XREngine.Runtime.AnimationIntegration.csproj : warning NU1901: Package 'Magick.NET-Q16-HDRI-AnyCPU' 14.11.1 has a known low severity vulnerability, https://github.com/advisories/GHSA-w54j-7wpm-crhj
D:\Documents\XRENGINE\XREngine.Runtime.AnimationIntegration\XREngine.Runtime.AnimationIntegration.csproj : warning NU1901: Package 'Magick.NET-Q16-HDRI-AnyCPU' 14.11.1 has a known low severity vulnerability, https://github.com/advisories/GHSA-x928-4434-crqj
D:\Documents\XRENGINE\XREngine.Runtime.AnimationIntegration\XREngine.Runtime.AnimationIntegration.csproj : warning NU1903: Package 'Magick.NET-Q16-HDRI-AnyCPU' 14.11.1 has a known high severity vulnerability, https://github.com/advisories/GHSA-x9h5-r9v2-vcww
D:\Documents\XRENGINE\XREngine.Runtime.ModelingBridge\XREngine.Runtime.ModelingBridge.csproj : warning NU1901: Package 'Magick.NET-Q16-HDRI-AnyCPU' 14.11.1 has a known low severity vulnerability, https://github.com/advisories/GHSA-w54j-7wpm-crhj
D:\Documents\XRENGINE\XREngine.Runtime.ModelingBridge\XREngine.Runtime.ModelingBridge.csproj : warning NU1901: Package 'Magick.NET-Q16-HDRI-AnyCPU' 14.11.1 has a known low severity vulnerability, https://github.com/advisories/GHSA-x928-4434-crqj
D:\Documents\XRENGINE\XREngine.Runtime.ModelingBridge\XREngine.Runtime.ModelingBridge.csproj : warning NU1903: Package 'Magick.NET-Q16-HDRI-AnyCPU' 14.11.1 has a known high severity vulnerability, https://github.com/advisories/GHSA-x9h5-r9v2-vcww
D:\Documents\XRENGINE\XRENGINE\XREngine.csproj : warning NU1902: Package 'Magick.NET-Q16-HDRI-AnyCPU' 14.11.1 has a known moderate severity vulnerability, https://github.com/advisories/GHSA-26qp-ffjh-2x4v
D:\Documents\XRENGINE\XRENGINE\XREngine.csproj : warning NU1902: Package 'Magick.NET-Q16-HDRI-AnyCPU' 14.11.1 has a known moderate severity vulnerability, https://github.com/advisories/GHSA-5592-p365-24xh
D:\Documents\XRENGINE\XRENGINE\XREngine.csproj : warning NU1902: Package 'Magick.NET-Q16-HDRI-AnyCPU' 14.11.1 has a known moderate severity vulnerability, https://github.com/advisories/GHSA-5xg3-585r-9jh5
D:\Documents\XRENGINE\XRENGINE\XREngine.csproj : warning NU1901: Package 'Magick.NET-Q16-HDRI-AnyCPU' 14.11.1 has a known low severity vulnerability, https://github.com/advisories/GHSA-8vfj-q2cp-5m5j
D:\Documents\XRENGINE\XRENGINE\XREngine.csproj : warning NU1902: Package 'Magick.NET-Q16-HDRI-AnyCPU' 14.11.1 has a known moderate severity vulnerability, https://github.com/advisories/GHSA-98cp-rj9f-6v5g
D:\Documents\XRENGINE\XRENGINE\XREngine.csproj : warning NU1902: Package 'Magick.NET-Q16-HDRI-AnyCPU' 14.11.1 has a known moderate severity vulnerability, https://github.com/advisories/GHSA-cr67-pvmx-2pp2
D:\Documents\XRENGINE\XRENGINE\XREngine.csproj : warning NU1902: Package 'Magick.NET-Q16-HDRI-AnyCPU' 14.11.1 has a known moderate severity vulnerability, https://github.com/advisories/GHSA-f4qm-vj5j-9xpw
D:\Documents\XRENGINE\XRENGINE\XREngine.csproj : warning NU1903: Package 'Magick.NET-Q16-HDRI-AnyCPU' 14.11.1 has a known high severity vulnerability, https://github.com/advisories/GHSA-fwvm-ggf6-2p4x
D:\Documents\XRENGINE\XRENGINE\XREngine.csproj : warning NU1902: Package 'Magick.NET-Q16-HDRI-AnyCPU' 14.11.1 has a known moderate severity vulnerability, https://github.com/advisories/GHSA-jvgr-9ph5-m8v4
D:\Documents\XRENGINE\XREngine.Runtime.Core\XREngine.Runtime.Core.csproj : warning NU1902: Package 'Magick.NET-Q16-HDRI-AnyCPU' 14.11.1 has a known moderate severity vulnerability, https://github.com/advisories/GHSA-26qp-ffjh-2x4v
D:\Documents\XRENGINE\XRENGINE\XREngine.csproj : warning NU1902: Package 'Magick.NET-Q16-HDRI-AnyCPU' 14.11.1 has a known moderate severity vulnerability, https://github.com/advisories/GHSA-pcvx-ph33-r5vv
D:\Documents\XRENGINE\XRENGINE\XREngine.csproj : warning NU1901: Package 'Magick.NET-Q16-HDRI-AnyCPU' 14.11.1 has a known low severity vulnerability, https://github.com/advisories/GHSA-pmpg-6pww-fg6q
D:\Documents\XRENGINE\XRENGINE\XREngine.csproj : warning NU1902: Package 'Magick.NET-Q16-HDRI-AnyCPU' 14.11.1 has a known moderate severity vulnerability, https://github.com/advisories/GHSA-pwg5-6jfc-crvh
D:\Documents\XRENGINE\XRENGINE\XREngine.csproj : warning NU1901: Package 'Magick.NET-Q16-HDRI-AnyCPU' 14.11.1 has a known low severity vulnerability, https://github.com/advisories/GHSA-q8h3-jv9v-57qx
D:\Documents\XRENGINE\XRENGINE\XREngine.csproj : warning NU1902: Package 'Magick.NET-Q16-HDRI-AnyCPU' 14.11.1 has a known moderate severity vulnerability, https://github.com/advisories/GHSA-r83h-crwp-3vm7
D:\Documents\XRENGINE\XREngine.Runtime.Core\XREngine.Runtime.Core.csproj : warning NU1902: Package 'Magick.NET-Q16-HDRI-AnyCPU' 14.11.1 has a known moderate severity vulnerability, https://github.com/advisories/GHSA-5592-p365-24xh
D:\Documents\XRENGINE\XRENGINE\XREngine.csproj : warning NU1902: Package 'Magick.NET-Q16-HDRI-AnyCPU' 14.11.1 has a known moderate severity vulnerability, https://github.com/advisories/GHSA-v67w-737x-v2c9
D:\Documents\XRENGINE\XRENGINE\XREngine.csproj : warning NU1901: Package 'Magick.NET-Q16-HDRI-AnyCPU' 14.11.1 has a known low severity vulnerability, https://github.com/advisories/GHSA-w54j-7wpm-crhj
D:\Documents\XRENGINE\XRENGINE\XREngine.csproj : warning NU1901: Package 'Magick.NET-Q16-HDRI-AnyCPU' 14.11.1 has a known low severity vulnerability, https://github.com/advisories/GHSA-x928-4434-crqj
D:\Documents\XRENGINE\XRENGINE\XREngine.csproj : warning NU1903: Package 'Magick.NET-Q16-HDRI-AnyCPU' 14.11.1 has a known high severity vulnerability, https://github.com/advisories/GHSA-x9h5-r9v2-vcww
D:\Documents\XRENGINE\XREngine.Runtime.Core\XREngine.Runtime.Core.csproj : warning NU1902: Package 'Magick.NET-Q16-HDRI-AnyCPU' 14.11.1 has a known moderate severity vulnerability, https://github.com/advisories/GHSA-5xg3-585r-9jh5
D:\Documents\XRENGINE\XREngine.Runtime.Core\XREngine.Runtime.Core.csproj : warning NU1901: Package 'Magick.NET-Q16-HDRI-AnyCPU' 14.11.1 has a known low severity vulnerability, https://github.com/advisories/GHSA-8vfj-q2cp-5m5j
D:\Documents\XRENGINE\XREngine.Runtime.Core\XREngine.Runtime.Core.csproj : warning NU1902: Package 'Magick.NET-Q16-HDRI-AnyCPU' 14.11.1 has a known moderate severity vulnerability, https://github.com/advisories/GHSA-98cp-rj9f-6v5g
D:\Documents\XRENGINE\XREngine.Runtime.Core\XREngine.Runtime.Core.csproj : warning NU1902: Package 'Magick.NET-Q16-HDRI-AnyCPU' 14.11.1 has a known moderate severity vulnerability, https://github.com/advisories/GHSA-cr67-pvmx-2pp2
D:\Documents\XRENGINE\XREngine.Runtime.Core\XREngine.Runtime.Core.csproj : warning NU1902: Package 'Magick.NET-Q16-HDRI-AnyCPU' 14.11.1 has a known moderate severity vulnerability, https://github.com/advisories/GHSA-f4qm-vj5j-9xpw
D:\Documents\XRENGINE\XREngine.Runtime.Core\XREngine.Runtime.Core.csproj : warning NU1903: Package 'Magick.NET-Q16-HDRI-AnyCPU' 14.11.1 has a known high severity vulnerability, https://github.com/advisories/GHSA-fwvm-ggf6-2p4x
D:\Documents\XRENGINE\XREngine.Runtime.Core\XREngine.Runtime.Core.csproj : warning NU1902: Package 'Magick.NET-Q16-HDRI-AnyCPU' 14.11.1 has a known moderate severity vulnerability, https://github.com/advisories/GHSA-jvgr-9ph5-m8v4
D:\Documents\XRENGINE\XREngine.Runtime.Core\XREngine.Runtime.Core.csproj : warning NU1902: Package 'Magick.NET-Q16-HDRI-AnyCPU' 14.11.1 has a known moderate severity vulnerability, https://github.com/advisories/GHSA-pcvx-ph33-r5vv
D:\Documents\XRENGINE\XREngine.Runtime.Core\XREngine.Runtime.Core.csproj : warning NU1901: Package 'Magick.NET-Q16-HDRI-AnyCPU' 14.11.1 has a known low severity vulnerability, https://github.com/advisories/GHSA-pmpg-6pww-fg6q
D:\Documents\XRENGINE\XREngine.Runtime.Core\XREngine.Runtime.Core.csproj : warning NU1902: Package 'Magick.NET-Q16-HDRI-AnyCPU' 14.11.1 has a known moderate severity vulnerability, https://github.com/advisories/GHSA-pwg5-6jfc-crvh
D:\Documents\XRENGINE\XREngine.Runtime.Core\XREngine.Runtime.Core.csproj : warning NU1901: Package 'Magick.NET-Q16-HDRI-AnyCPU' 14.11.1 has a known low severity vulnerability, https://github.com/advisories/GHSA-q8h3-jv9v-57qx
D:\Documents\XRENGINE\XREngine.Runtime.Core\XREngine.Runtime.Core.csproj : warning NU1902: Package 'Magick.NET-Q16-HDRI-AnyCPU' 14.11.1 has a known moderate severity vulnerability, https://github.com/advisories/GHSA-r83h-crwp-3vm7
D:\Documents\XRENGINE\XREngine.Runtime.Core\XREngine.Runtime.Core.csproj : warning NU1902: Package 'Magick.NET-Q16-HDRI-AnyCPU' 14.11.1 has a known moderate severity vulnerability, https://github.com/advisories/GHSA-v67w-737x-v2c9
D:\Documents\XRENGINE\XREngine.Runtime.Core\XREngine.Runtime.Core.csproj : warning NU1901: Package 'Magick.NET-Q16-HDRI-AnyCPU' 14.11.1 has a known low severity vulnerability, https://github.com/advisories/GHSA-w54j-7wpm-crhj
D:\Documents\XRENGINE\XREngine.Runtime.Core\XREngine.Runtime.Core.csproj : warning NU1901: Package 'Magick.NET-Q16-HDRI-AnyCPU' 14.11.1 has a known low severity vulnerability, https://github.com/advisories/GHSA-x928-4434-crqj
D:\Documents\XRENGINE\XREngine.Runtime.Core\XREngine.Runtime.Core.csproj : warning NU1903: Package 'Magick.NET-Q16-HDRI-AnyCPU' 14.11.1 has a known high severity vulnerability, https://github.com/advisories/GHSA-x9h5-r9v2-vcww
  XREngine.Fbx -> D:\Documents\XRENGINE\XREngine.Fbx\bin\Debug\net10.0\XREngine.Fbx.dll
  XREngine.Extensions -> D:\Documents\XRENGINE\XREngine.Extensions\bin\Debug\net10.0\XREngine.Extensions.dll
  XREngine.Data -> D:\Documents\XRENGINE\XREngine.Data\bin\Debug\net10.0\XREngine.Data.dll
  XREngine.Modeling -> D:\Documents\XRENGINE\XREngine.Modeling\bin\Debug\net10.0\XREngine.Modeling.dll
  XREngine.Runtime.Core -> D:\Documents\XRENGINE\XREngine.Runtime.Core\bin\Debug\net10.0-windows7.0\XREngine.Runtime.Core.dll
  XREngine.Audio -> D:\Documents\XRENGINE\XREngine.Audio\bin\Debug\net10.0\XREngine.Audio.dll
  XREngine.Profiler.UI -> D:\Documents\XRENGINE\XREngine.Profiler.UI\bin\Debug\net10.0-windows7.0\XREngine.Profiler.UI.dll
  XREngine.Animation -> D:\Documents\XRENGINE\XREngine.Animation\bin\Debug\net10.0\XREngine.Animation.dll
  XREngine.Input -> D:\Documents\XRENGINE\XREngine.Input\bin\Debug\net10.0\XREngine.Input.dll
  Build started 4/19/2026 9:21:56 PM.
  
       1>Project "D:\Documents\XRENGINE\Build\Native\FastGltfBridge\FastGltfBridge.vcxproj" on node 1 (default targets).
       1>PrepareForBuild:
           Structured output is enabled. The formatting of compiler diagnostics will reflect the error hierarchy. See https://aka.ms/cpp/structured-output for more details.
         InitializeBuildStatus:
           Creating "D:\Documents\XRENGINE\Build\Native\FastGltfBridge\..\..\..\Build\Tools\obj\FastGltfBridge\Debug\FastGltfBridge.tlog\unsuccessfulbuild" because "AlwaysCreate" was specified.
           Touching "D:\Documents\XRENGINE\Build\Native\FastGltfBridge\..\..\..\Build\Tools\obj\FastGltfBridge\Debug\FastGltfBridge.tlog\unsuccessfulbuild".
  XREngine.Runtime.Rendering -> D:\Documents\XRENGINE\XREngine.Runtime.Rendering\bin\Debug\net10.0-windows7.0\XREngine.Runtime.Rendering.dll
         ClCompile:
           All outputs are up-to-date.
         Link:
           All outputs are up-to-date.
           FastGltfBridge.vcxproj -> D:\Documents\XRENGINE\XREngine.Gltf\runtimes\win-x64\native\FastGltfBridge.Native.dll
         FinalizeBuildStatus:
           Deleting file "D:\Documents\XRENGINE\Build\Native\FastGltfBridge\..\..\..\Build\Tools\obj\FastGltfBridge\Debug\FastGltfBridge.tlog\unsuccessfulbuild".
           Touching "D:\Documents\XRENGINE\Build\Native\FastGltfBridge\..\..\..\Build\Tools\obj\FastGltfBridge\Debug\FastGltfBridge.tlog\FastGltfBridge.lastbuildstate".
       1>Done Building Project "D:\Documents\XRENGINE\Build\Native\FastGltfBridge\FastGltfBridge.vcxproj" (default targets).
  
  Build succeeded.
      0 Warning(s)
      0 Error(s)
  
  Time Elapsed 00:00:00.45
  XREngine.Runtime.ModelingBridge -> D:\Documents\XRENGINE\XREngine.Runtime.ModelingBridge\bin\Debug\net10.0-windows7.0\XREngine.Runtime.ModelingBridge.dll
  XREngine.Gltf -> D:\Documents\XRENGINE\XREngine.Gltf\bin\Debug\net10.0\XREngine.Gltf.dll
D:\Documents\XRENGINE\XRENGINE\Core\Engine\TransformBaseYamlTypeConverter.cs(52,14): warning CS0219: The variable 'sawRecognizedKey' is assigned but its value is never used [D:\Documents\XRENGINE\XRENGINE\XREngine.csproj]
D:\Documents\XRENGINE\XRENGINE\Core\Engine\InterfaceCollectionYamlNodeDeserializer.cs(25,50): warning CS8604: Possible null reference argument for parameter 'arg2' in 'object? Func<IParser, Type, object?>.Invoke(IParser arg1, Type arg2)'. [D:\Documents\XRENGINE\XRENGINE\XREngine.csproj]
D:\Documents\XRENGINE\XRENGINE\Core\Engine\InterfaceCollectionYamlNodeDeserializer.cs(52,62): warning CS8604: Possible null reference argument for parameter 'typeArguments' in 'Type Type.MakeGenericType(params Type[] typeArguments)'. [D:\Documents\XRENGINE\XRENGINE\XREngine.csproj]
D:\Documents\XRENGINE\XRENGINE\Core\Engine\InterfaceCollectionYamlNodeDeserializer.cs(62,59): warning CS8604: Possible null reference argument for parameter 'typeArguments' in 'Type Type.MakeGenericType(params Type[] typeArguments)'. [D:\Documents\XRENGINE\XRENGINE\XREngine.csproj]
D:\Documents\XRENGINE\XRENGINE\Core\Engine\InterfaceCollectionYamlNodeDeserializer.cs(84,66): warning CS8604: Possible null reference argument for parameter 'typeArguments' in 'Type Type.MakeGenericType(params Type[] typeArguments)'. [D:\Documents\XRENGINE\XRENGINE\XREngine.csproj]
D:\Documents\XRENGINE\XRENGINE\Core\Engine\TextFileYamlTypeConverter.cs(57,33): warning CS8604: Possible null reference argument for parameter 'value' in 'Scalar.Scalar(string value)'. [D:\Documents\XRENGINE\XRENGINE\XREngine.csproj]
D:\Documents\XRENGINE\XRENGINE\Core\FontGlyphSet.cs(784,17): warning CS8604: Possible null reference argument for parameter 'glyphs' in 'void FontGlyphSet.GetQuads(string? str, Dictionary<string, Glyph> glyphs, IVector2 atlasSize, float layoutEmSize, List<(Vector4 transform, Vector4 uvs)> quads, Vector2 offset, float? fontSize, float maxWidth, float maxHeight, EWrapMode wrap = EWrapMode.None, float spacing = 0, float lineSpacing = 5)'. [D:\Documents\XRENGINE\XRENGINE\XREngine.csproj]
D:\Documents\XRENGINE\XRENGINE\Core\FontGlyphSet.cs(957,17): warning CS8604: Possible null reference argument for parameter 'glyphs' in 'void FontGlyphSet.GetQuads(string? str, Dictionary<string, Glyph> glyphs, IVector2 atlasSize, float layoutEmSize, List<(Vector4 transform, Vector4 uvs)> quads, Vector2 offset, float? fontSize, float maxWidth, float maxHeight, EWrapMode wrap = EWrapMode.None, float spacing = 0, float lineSpacing = 5)'. [D:\Documents\XRENGINE\XRENGINE\XREngine.csproj]
D:\Documents\XRENGINE\XRENGINE\Core\ModelImporter.cs(1881,21): warning CS8604: Possible null reference argument for parameter 'componentBaseName' in 'void ModelImporter.EnqueueProcessMeshes(List<int> meshIndices, Scene scene, SceneNode sceneNode, string componentBaseName, Matrix4x4 dataTransform, TransformBase rootTransform, CancellationToken cancellationToken, bool publishSubMeshesOnSwapThread, bool batchSubmeshAddsDuringAsyncImport)'. [D:\Documents\XRENGINE\XRENGINE\XREngine.csproj]
D:\Documents\XRENGINE\XRENGINE\Rendering\Pipelines\Types\DefaultRenderPipeline2.cs(876,72): error CS0103: The name 'RenderPipelineAntiAliasingResources' does not exist in the current context [D:\Documents\XRENGINE\XRENGINE\XREngine.csproj]
D:\Documents\XRENGINE\XRENGINE\Rendering\Pipelines\Types\DefaultRenderPipeline2.cs(877,76): error CS0103: The name 'RenderPipelineAntiAliasingResources' does not exist in the current context [D:\Documents\XRENGINE\XRENGINE\XREngine.csproj]
D:\Documents\XRENGINE\XRENGINE\Rendering\Pipelines\Types\DefaultRenderPipeline2.cs(878,74): error CS0103: The name 'RenderPipelineAntiAliasingResources' does not exist in the current context [D:\Documents\XRENGINE\XRENGINE\XREngine.csproj]
D:\Documents\XRENGINE\XRENGINE\Rendering\Pipelines\Types\DefaultRenderPipeline2.cs(879,78): error CS0103: The name 'RenderPipelineAntiAliasingResources' does not exist in the current context [D:\Documents\XRENGINE\XRENGINE\XREngine.csproj]
D:\Documents\XRENGINE\XRENGINE\Rendering\Pipelines\Types\DefaultRenderPipeline.cs(873,72): error CS0103: The name 'RenderPipelineAntiAliasingResources' does not exist in the current context [D:\Documents\XRENGINE\XRENGINE\XREngine.csproj]
D:\Documents\XRENGINE\XRENGINE\Rendering\Pipelines\Types\DefaultRenderPipeline.cs(874,76): error CS0103: The name 'RenderPipelineAntiAliasingResources' does not exist in the current context [D:\Documents\XRENGINE\XRENGINE\XREngine.csproj]
D:\Documents\XRENGINE\XRENGINE\Rendering\Pipelines\Types\DefaultRenderPipeline.cs(875,74): error CS0103: The name 'RenderPipelineAntiAliasingResources' does not exist in the current context [D:\Documents\XRENGINE\XRENGINE\XREngine.csproj]
D:\Documents\XRENGINE\XRENGINE\Rendering\Pipelines\Types\DefaultRenderPipeline.cs(876,78): error CS0103: The name 'RenderPipelineAntiAliasingResources' does not exist in the current context [D:\Documents\XRENGINE\XRENGINE\XREngine.csproj]
D:\Documents\XRENGINE\XRENGINE\Rendering\Pipelines\Types\DefaultRenderPipeline2.cs(978,12): error CS0103: The name 'RenderPipelineAntiAliasingResources' does not exist in the current context [D:\Documents\XRENGINE\XRENGINE\XREngine.csproj]
D:\Documents\XRENGINE\XRENGINE\Rendering\Pipelines\Types\DefaultRenderPipeline2.cs(989,9): error CS0103: The name 'RenderPipelineAntiAliasingResources' does not exist in the current context [D:\Documents\XRENGINE\XRENGINE\XREngine.csproj]
D:\Documents\XRENGINE\XRENGINE\Rendering\Pipelines\Types\DefaultRenderPipeline.cs(975,12): error CS0103: The name 'RenderPipelineAntiAliasingResources' does not exist in the current context [D:\Documents\XRENGINE\XRENGINE\XREngine.csproj]
D:\Documents\XRENGINE\XRENGINE\Rendering\Pipelines\Types\DefaultRenderPipeline.cs(986,9): error CS0103: The name 'RenderPipelineAntiAliasingResources' does not exist in the current context [D:\Documents\XRENGINE\XRENGINE\XREngine.csproj]
D:\Documents\XRENGINE\XRENGINE\Scene\Components\Lights\Types\DirectionalLightComponent.cs(124,29): warning CS0414: The field 'DirectionalLightComponent._loggedShadowCameraOnce' is assigned but its value is never used [D:\Documents\XRENGINE\XRENGINE\XREngine.csproj]
